<html>
<body>
<pre>
<h1>µVision Build Log</h1>
<h2>Tool Versions:</h2>
IDE-Version: µVision V5.43.1.0
Copyright (C) 2025 ARM Ltd and ARM Germany GmbH. All rights reserved.
License Information: Thiti Knnn, HP Inc., LIC=----
 
Tool Versions:
Toolchain:       MDK-Lite  Version: 5.43.0.0
Toolchain Path:  C:\Users\Knnn\AppData\Local\Keil_v5\ARM\ARMCLANG\Bin
C Compiler:      ArmClang.exe V6.24
Assembler:       Armasm.exe V6.24
Linker/Locator:  ArmLink.exe V6.24
Library Manager: ArmAr.exe V6.24
Hex Converter:   FromElf.exe V6.24
CPU DLL:         SARMCM3.DLL V5.43.0.0
Dialog DLL:      DCM.DLL V1.17.5.0
Target DLL:      STLink\ST-LINKIII-KEIL_SWO.dll V3.3.1.0
Dialog DLL:      TCM.DLL V1.56.6.0
 
<h2>Project:</h2>
C:\Users\Knnn\Desktop\STM32G474_Flash_USART\MDK_App\LED_Blink.uvprojx
Project File Date:  08/19/2026

<h2>Output:</h2>
*** Using Compiler 'V6.24', folder: 'C:\Users\Knnn\AppData\Local\Keil_v5\ARM\ARMCLANG\Bin'
Rebuild target 'STM32G474RE'
compiling stm32g4xx_ll_pwr.c...
compiling system_stm32g4xx.c...
compiling stm32g4xx_ll_gpio.c...
compiling LED_Blink.c...
compiling stm32g4xx_ll_utils.c...
compiling Clock_system.c...
compiling stm32g4xx_ll_rcc.c...
assembling startup_stm32g474xx.s...
linking...
Program Size: Code=1580 RO-data=488 RW-data=0 ZI-data=1640  
After Build - User command #1: fromelf.exe --bin --output ..\Flash_program\App.bin .\Objects\LED_Blink.axf
".\Objects\LED_Blink.axf" - 0 Error(s), 0 Warning(s).

<h2>Software Packages used:</h2>

Package Vendor: Keil
                https://www.keil.com/pack/Keil.STM32G4xx_DFP.2.2.0.pack
                Keil::STM32G4xx_DFP@2.2.0
                STMicroelectronics STM32G4 Series Device Support

<h2>Collection of Component include folders:</h2>

<h2>Collection of Component Files used:</h2>
Build Time Elapsed:  00:00:03
</pre>
</body>
</html>
