Component: Arm Compiler for Embedded 6.24 Tool: armlink [5f371500]

==============================================================================

Section Cross References

    system_stm32g4xx.o(.ARM.exidx.text.SystemInit) refers to system_stm32g4xx.o(.text.SystemInit) for [Anonymous Symbol]
    system_stm32g4xx.o(.text.SystemCoreClockUpdate) refers to system_stm32g4xx.o(.data.SystemCoreClock) for SystemCoreClock
    system_stm32g4xx.o(.text.SystemCoreClockUpdate) refers to system_stm32g4xx.o(.rodata.AHBPrescTable) for AHBPrescTable
    system_stm32g4xx.o(.ARM.exidx.text.SystemCoreClockUpdate) refers to system_stm32g4xx.o(.text.SystemCoreClockUpdate) for [Anonymous Symbol]
    startup_stm32g474xx.o(STACK) refers (Special) to heapauxi.o(.text) for __use_two_region_memory
    startup_stm32g474xx.o(HEAP) refers (Special) to heapauxi.o(.text) for __use_two_region_memory
    startup_stm32g474xx.o(RESET) refers (Special) to heapauxi.o(.text) for __use_two_region_memory
    startup_stm32g474xx.o(RESET) refers to startup_stm32g474xx.o(STACK) for __initial_sp
    startup_stm32g474xx.o(RESET) refers to startup_stm32g474xx.o(.text) for Reset_Handler
    startup_stm32g474xx.o(RESET) refers to clock_system.o(.text.SysTick_Handler) for SysTick_Handler
    startup_stm32g474xx.o(RESET) refers to bootloader.o(.text.DMA1_Channel4_IRQHandler) for DMA1_Channel4_IRQHandler
    startup_stm32g474xx.o(RESET) refers to bootloader.o(.text.DMA1_Channel5_IRQHandler) for DMA1_Channel5_IRQHandler
    startup_stm32g474xx.o(RESET) refers to bootloader.o(.text.LPUART1_IRQHandler) for LPUART1_IRQHandler
    startup_stm32g474xx.o(.text) refers (Special) to heapauxi.o(.text) for __use_two_region_memory
    startup_stm32g474xx.o(.text) refers to system_stm32g4xx.o(.text.SystemInit) for SystemInit
    startup_stm32g474xx.o(.text) refers to __main.o(!!!main) for __main
    startup_stm32g474xx.o(.text) refers to startup_stm32g474xx.o(HEAP) for Heap_Mem
    startup_stm32g474xx.o(.text) refers to startup_stm32g474xx.o(STACK) for Stack_Mem
    stm32g4xx_ll_crc.o(.text.LL_CRC_DeInit) refers to stm32g4xx_ll_crc.o(.text.LL_AHB1_GRP1_ForceReset) for LL_AHB1_GRP1_ForceReset
    stm32g4xx_ll_crc.o(.text.LL_CRC_DeInit) refers to stm32g4xx_ll_crc.o(.text.LL_AHB1_GRP1_ReleaseReset) for LL_AHB1_GRP1_ReleaseReset
    stm32g4xx_ll_crc.o(.ARM.exidx.text.LL_CRC_DeInit) refers to stm32g4xx_ll_crc.o(.text.LL_CRC_DeInit) for [Anonymous Symbol]
    stm32g4xx_ll_crc.o(.ARM.exidx.text.LL_AHB1_GRP1_ForceReset) refers to stm32g4xx_ll_crc.o(.text.LL_AHB1_GRP1_ForceReset) for [Anonymous Symbol]
    stm32g4xx_ll_crc.o(.ARM.exidx.text.LL_AHB1_GRP1_ReleaseReset) refers to stm32g4xx_ll_crc.o(.text.LL_AHB1_GRP1_ReleaseReset) for [Anonymous Symbol]
    stm32g4xx_ll_dma.o(.text.LL_DMA_DeInit) refers to stm32g4xx_ll_dma.o(.text.LL_AHB1_GRP1_ForceReset) for LL_AHB1_GRP1_ForceReset
    stm32g4xx_ll_dma.o(.text.LL_DMA_DeInit) refers to stm32g4xx_ll_dma.o(.text.LL_AHB1_GRP1_ReleaseReset) for LL_AHB1_GRP1_ReleaseReset
    stm32g4xx_ll_dma.o(.text.LL_DMA_DeInit) refers to stm32g4xx_ll_dma.o(.text.LL_DMA_SetPeriphRequest) for LL_DMA_SetPeriphRequest
    stm32g4xx_ll_dma.o(.text.LL_DMA_DeInit) refers to stm32g4xx_ll_dma.o(.text.LL_DMA_ClearFlag_GI1) for LL_DMA_ClearFlag_GI1
    stm32g4xx_ll_dma.o(.text.LL_DMA_DeInit) refers to stm32g4xx_ll_dma.o(.text.LL_DMA_ClearFlag_GI2) for LL_DMA_ClearFlag_GI2
    stm32g4xx_ll_dma.o(.text.LL_DMA_DeInit) refers to stm32g4xx_ll_dma.o(.text.LL_DMA_ClearFlag_GI3) for LL_DMA_ClearFlag_GI3
    stm32g4xx_ll_dma.o(.text.LL_DMA_DeInit) refers to stm32g4xx_ll_dma.o(.text.LL_DMA_ClearFlag_GI4) for LL_DMA_ClearFlag_GI4
    stm32g4xx_ll_dma.o(.text.LL_DMA_DeInit) refers to stm32g4xx_ll_dma.o(.text.LL_DMA_ClearFlag_GI5) for LL_DMA_ClearFlag_GI5
    stm32g4xx_ll_dma.o(.text.LL_DMA_DeInit) refers to stm32g4xx_ll_dma.o(.text.LL_DMA_ClearFlag_GI6) for LL_DMA_ClearFlag_GI6
    stm32g4xx_ll_dma.o(.text.LL_DMA_DeInit) refers to stm32g4xx_ll_dma.o(.text.LL_DMA_ClearFlag_GI7) for LL_DMA_ClearFlag_GI7
    stm32g4xx_ll_dma.o(.text.LL_DMA_DeInit) refers to stm32g4xx_ll_dma.o(.text.LL_DMA_ClearFlag_GI8) for LL_DMA_ClearFlag_GI8
    stm32g4xx_ll_dma.o(.ARM.exidx.text.LL_DMA_DeInit) refers to stm32g4xx_ll_dma.o(.text.LL_DMA_DeInit) for [Anonymous Symbol]
    stm32g4xx_ll_dma.o(.ARM.exidx.text.LL_AHB1_GRP1_ForceReset) refers to stm32g4xx_ll_dma.o(.text.LL_AHB1_GRP1_ForceReset) for [Anonymous Symbol]
    stm32g4xx_ll_dma.o(.ARM.exidx.text.LL_AHB1_GRP1_ReleaseReset) refers to stm32g4xx_ll_dma.o(.text.LL_AHB1_GRP1_ReleaseReset) for [Anonymous Symbol]
    stm32g4xx_ll_dma.o(.ARM.exidx.text.LL_DMA_SetPeriphRequest) refers to stm32g4xx_ll_dma.o(.text.LL_DMA_SetPeriphRequest) for [Anonymous Symbol]
    stm32g4xx_ll_dma.o(.ARM.exidx.text.LL_DMA_ClearFlag_GI1) refers to stm32g4xx_ll_dma.o(.text.LL_DMA_ClearFlag_GI1) for [Anonymous Symbol]
    stm32g4xx_ll_dma.o(.ARM.exidx.text.LL_DMA_ClearFlag_GI2) refers to stm32g4xx_ll_dma.o(.text.LL_DMA_ClearFlag_GI2) for [Anonymous Symbol]
[...]
    [Anonymous Symbol]                       0x080011c0   Section        0  usart.o(.text.LL_DMA_SetPeriphRequest)
    LL_DMA_SetPeriphSize                     0x08001209   Thumb Code    48  usart.o(.text.LL_DMA_SetPeriphSize)
    [Anonymous Symbol]                       0x08001208   Section        0  usart.o(.text.LL_DMA_SetPeriphSize)
    LL_FLASH_EnableDataCache                 0x08001239   Thumb Code    18  clock_system.o(.text.LL_FLASH_EnableDataCache)
    [Anonymous Symbol]                       0x08001238   Section        0  clock_system.o(.text.LL_FLASH_EnableDataCache)
    LL_FLASH_EnableInstCache                 0x0800124d   Thumb Code    18  clock_system.o(.text.LL_FLASH_EnableInstCache)
    [Anonymous Symbol]                       0x0800124c   Section        0  clock_system.o(.text.LL_FLASH_EnableInstCache)
    LL_FLASH_EnablePrefetch                  0x08001261   Thumb Code    18  clock_system.o(.text.LL_FLASH_EnablePrefetch)
    [Anonymous Symbol]                       0x08001260   Section        0  clock_system.o(.text.LL_FLASH_EnablePrefetch)
    LL_FLASH_GetLatency                      0x08001275   Thumb Code    16  stm32g4xx_ll_utils.o(.text.LL_FLASH_GetLatency)
    [Anonymous Symbol]                       0x08001274   Section        0  stm32g4xx_ll_utils.o(.text.LL_FLASH_GetLatency)
    LL_FLASH_SetLatency                      0x08001285   Thumb Code    28  stm32g4xx_ll_utils.o(.text.LL_FLASH_SetLatency)
    [Anonymous Symbol]                       0x08001284   Section        0  stm32g4xx_ll_utils.o(.text.LL_FLASH_SetLatency)
    [Anonymous Symbol]                       0x080012a0   Section        0  stm32g4xx_ll_gpio.o(.text.LL_GPIO_Init)
    LL_GPIO_IsInputPinSet                    0x0800137d   Thumb Code    26  main.o(.text.LL_GPIO_IsInputPinSet)
    [Anonymous Symbol]                       0x0800137c   Section        0  main.o(.text.LL_GPIO_IsInputPinSet)
    LL_GPIO_SetAFPin_0_7                     0x08001399   Thumb Code   124  stm32g4xx_ll_gpio.o(.text.LL_GPIO_SetAFPin_0_7)
    [Anonymous Symbol]                       0x08001398   Section        0  stm32g4xx_ll_gpio.o(.text.LL_GPIO_SetAFPin_0_7)
    LL_GPIO_SetAFPin_8_15                    0x08001415   Thumb Code   128  stm32g4xx_ll_gpio.o(.text.LL_GPIO_SetAFPin_8_15)
    [Anonymous Symbol]                       0x08001414   Section        0  stm32g4xx_ll_gpio.o(.text.LL_GPIO_SetAFPin_8_15)
    LL_GPIO_SetPinMode                       0x08001495   Thumb Code   124  stm32g4xx_ll_gpio.o(.text.LL_GPIO_SetPinMode)
    [Anonymous Symbol]                       0x08001494   Section        0  stm32g4xx_ll_gpio.o(.text.LL_GPIO_SetPinMode)
    LL_GPIO_SetPinOutputType                 0x08001511   Thumb Code    30  stm32g4xx_ll_gpio.o(.text.LL_GPIO_SetPinOutputType)
    [Anonymous Symbol]                       0x08001510   Section        0  stm32g4xx_ll_gpio.o(.text.LL_GPIO_SetPinOutputType)
    LL_GPIO_SetPinPull                       0x08001531   Thumb Code   124  stm32g4xx_ll_gpio.o(.text.LL_GPIO_SetPinPull)
    [Anonymous Symbol]                       0x08001530   Section        0  stm32g4xx_ll_gpio.o(.text.LL_GPIO_SetPinPull)
    LL_GPIO_SetPinSpeed                      0x080015ad   Thumb Code   124  stm32g4xx_ll_gpio.o(.text.LL_GPIO_SetPinSpeed)
    [Anonymous Symbol]                       0x080015ac   Section        0  stm32g4xx_ll_gpio.o(.text.LL_GPIO_SetPinSpeed)
    [Anonymous Symbol]                       0x08001628   Section        0  stm32g4xx_ll_utils.o(.text.LL_Init1msTick)
    LL_InitTick                              0x0800163d   Thumb Code    54  stm32g4xx_ll_utils.o(.text.LL_InitTick)
    [Anonymous Symbol]                       0x0800163c   Section        0  stm32g4xx_ll_utils.o(.text.LL_InitTick)
    LL_InitTick                              0x08001675   Thumb Code    54  clock_system.o(.text.LL_InitTick)
    [Anonymous Symbol]                       0x08001674   Section        0  clock_system.o(.text.LL_InitTick)
    LL_LPUART_ClearFlag_FE                   0x080016ad   Thumb Code    14  bootloader.o(.text.LL_LPUART_ClearFlag_FE)
    [Anonymous Symbol]                       0x080016ac   Section        0  bootloader.o(.text.LL_LPUART_ClearFlag_FE)
    LL_LPUART_ClearFlag_IDLE                 0x080016bd   Thumb Code    14  bootloader.o(.text.LL_LPUART_ClearFlag_IDLE)
    [Anonymous Symbol]                       0x080016bc   Section        0  bootloader.o(.text.LL_LPUART_ClearFlag_IDLE)
    LL_LPUART_ClearFlag_NE                   0x080016cd   Thumb Code    14  bootloader.o(.text.LL_LPUART_ClearFlag_NE)
    [Anonymous Symbol]                       0x080016cc   Section        0  bootloader.o(.text.LL_LPUART_ClearFlag_NE)
    LL_LPUART_ClearFlag_ORE                  0x080016dd   Thumb Code    14  bootloader.o(.text.LL_LPUART_ClearFlag_ORE)
    [Anonymous Symbol]                       0x080016dc   Section        0  bootloader.o(.text.LL_LPUART_ClearFlag_ORE)
    LL_LPUART_ClearFlag_PE                   0x080016ed   Thumb Code    14  bootloader.o(.text.LL_LPUART_ClearFlag_PE)
    [Anonymous Symbol]                       0x080016ec   Section        0  bootloader.o(.text.LL_LPUART_ClearFlag_PE)
    LL_LPUART_ClearFlag_TC                   0x080016fd   Thumb Code    14  bootloader.o(.text.LL_LPUART_ClearFlag_TC)
    [Anonymous Symbol]                       0x080016fc   Section        0  bootloader.o(.text.LL_LPUART_ClearFlag_TC)
    LL_LPUART_DMA_GetRegAddr                 0x0800170d   Thumb Code    34  bootloader.o(.text.LL_LPUART_DMA_GetRegAddr)
    [Anonymous Symbol]                       0x0800170c   Section        0  bootloader.o(.text.LL_LPUART_DMA_GetRegAddr)
    LL_LPUART_DisableDMAReq_RX               0x08001731   Thumb Code    42  bootloader.o(.text.LL_LPUART_DisableDMAReq_RX)
    [Anonymous Symbol]                       0x08001730   Section        0  bootloader.o(.text.LL_LPUART_DisableDMAReq_RX)
    LL_LPUART_DisableDMAReq_TX               0x0800175d   Thumb Code    42  bootloader.o(.text.LL_LPUART_DisableDMAReq_TX)
    [Anonymous Symbol]                       0x0800175c   Section        0  bootloader.o(.text.LL_LPUART_DisableDMAReq_TX)
    LL_LPUART_DisableFIFO                    0x08001789   Thumb Code    18  usart.o(.text.LL_LPUART_DisableFIFO)
    [Anonymous Symbol]                       0x08001788   Section        0  usart.o(.text.LL_LPUART_DisableFIFO)
    LL_LPUART_DisableOverrunDetect           0x0800179d   Thumb Code    18  usart.o(.text.LL_LPUART_DisableOverrunDetect)
    [Anonymous Symbol]                       0x0800179c   Section        0  usart.o(.text.LL_LPUART_DisableOverrunDetect)
    LL_LPUART_Enable                         0x080017b1   Thumb Code    18  usart.o(.text.LL_LPUART_Enable)
    [Anonymous Symbol]                       0x080017b0   Section        0  usart.o(.text.LL_LPUART_Enable)
    LL_LPUART_EnableDMAReq_RX                0x080017c5   Thumb Code    42  bootloader.o(.text.LL_LPUART_EnableDMAReq_RX)
    [Anonymous Symbol]                       0x080017c4   Section        0  bootloader.o(.text.LL_LPUART_EnableDMAReq_RX)
    LL_LPUART_EnableDMAReq_TX                0x080017f1   Thumb Code    42  bootloader.o(.text.LL_LPUART_EnableDMAReq_TX)
    [Anonymous Symbol]                       0x080017f0   Section        0  bootloader.o(.text.LL_LPUART_EnableDMAReq_TX)
    LL_LPUART_EnableIT_ERROR                 0x0800181d   Thumb Code    42  usart.o(.text.LL_LPUART_EnableIT_ERROR)
    [Anonymous Symbol]                       0x0800181c   Section        0  usart.o(.text.LL_LPUART_EnableIT_ERROR)
    LL_LPUART_EnableIT_IDLE                  0x08001849   Thumb Code    42  bootloader.o(.text.LL_LPUART_EnableIT_IDLE)
    [Anonymous Symbol]                       0x08001848   Section        0  bootloader.o(.text.LL_LPUART_EnableIT_IDLE)
    LL_LPUART_EnableIT_IDLE                  0x08001875   Thumb Code    42  usart.o(.text.LL_LPUART_EnableIT_IDLE)
    [Anonymous Symbol]                       0x08001874   Section        0  usart.o(.text.LL_LPUART_EnableIT_IDLE)
    [Anonymous Symbol]                       0x080018a0   Section        0  stm32g4xx_ll_lpuart.o(.text.LL_LPUART_Init)
    LL_LPUART_IsActiveFlag_FE                0x08001931   Thumb Code    16  bootloader.o(.text.LL_LPUART_IsActiveFlag_FE)
    [Anonymous Symbol]                       0x08001930   Section        0  bootloader.o(.text.LL_LPUART_IsActiveFlag_FE)
    LL_LPUART_IsActiveFlag_IDLE              0x08001941   Thumb Code    16  bootloader.o(.text.LL_LPUART_IsActiveFlag_IDLE)
    [Anonymous Symbol]                       0x08001940   Section        0  bootloader.o(.text.LL_LPUART_IsActiveFlag_IDLE)
    LL_LPUART_IsActiveFlag_NE                0x08001951   Thumb Code    16  bootloader.o(.text.LL_LPUART_IsActiveFlag_NE)
    [Anonymous Symbol]                       0x08001950   Section        0  bootloader.o(.text.LL_LPUART_IsActiveFlag_NE)
    LL_LPUART_IsActiveFlag_ORE               0x08001961   Thumb Code    16  bootloader.o(.text.LL_LPUART_IsActiveFlag_ORE)
    [Anonymous Symbol]                       0x08001960   Section        0  bootloader.o(.text.LL_LPUART_IsActiveFlag_ORE)
    LL_LPUART_IsActiveFlag_PE                0x08001971   Thumb Code    16  bootloader.o(.text.LL_LPUART_IsActiveFlag_PE)
    [Anonymous Symbol]                       0x08001970   Section        0  bootloader.o(.text.LL_LPUART_IsActiveFlag_PE)
    LL_LPUART_IsActiveFlag_REACK             0x08001981   Thumb Code    16  usart.o(.text.LL_LPUART_IsActiveFlag_REACK)
    [Anonymous Symbol]                       0x08001980   Section        0  usart.o(.text.LL_LPUART_IsActiveFlag_REACK)
    LL_LPUART_IsActiveFlag_TEACK             0x08001991   Thumb Code    16  usart.o(.text.LL_LPUART_IsActiveFlag_TEACK)
    [Anonymous Symbol]                       0x08001990   Section        0  usart.o(.text.LL_LPUART_IsActiveFlag_TEACK)
    LL_LPUART_IsEnabled                      0x080019a1   Thumb Code    16  stm32g4xx_ll_lpuart.o(.text.LL_LPUART_IsEnabled)
    [Anonymous Symbol]                       0x080019a0   Section        0  stm32g4xx_ll_lpuart.o(.text.LL_LPUART_IsEnabled)
    LL_LPUART_IsEnabledIT_ERROR              0x080019b1   Thumb Code    16  bootloader.o(.text.LL_LPUART_IsEnabledIT_ERROR)
    [Anonymous Symbol]                       0x080019b0   Section        0  bootloader.o(.text.LL_LPUART_IsEnabledIT_ERROR)
    LL_LPUART_IsEnabledIT_IDLE               0x080019c1   Thumb Code    16  bootloader.o(.text.LL_LPUART_IsEnabledIT_IDLE)
    [Anonymous Symbol]                       0x080019c0   Section        0  bootloader.o(.text.LL_LPUART_IsEnabledIT_IDLE)
    LL_LPUART_SetBaudRate                    0x080019d1   Thumb Code    84  stm32g4xx_ll_lpuart.o(.text.LL_LPUART_SetBaudRate)
    [Anonymous Symbol]                       0x080019d0   Section        0  stm32g4xx_ll_lpuart.o(.text.LL_LPUART_SetBaudRate)
    LL_LPUART_SetHWFlowCtrl                  0x08001a25   Thumb Code    26  stm32g4xx_ll_lpuart.o(.text.LL_LPUART_SetHWFlowCtrl)
    [Anonymous Symbol]                       0x08001a24   Section        0  stm32g4xx_ll_lpuart.o(.text.LL_LPUART_SetHWFlowCtrl)
    LL_LPUART_SetPrescaler                   0x08001a41   Thumb Code    28  stm32g4xx_ll_lpuart.o(.text.LL_LPUART_SetPrescaler)
    [Anonymous Symbol]                       0x08001a40   Section        0  stm32g4xx_ll_lpuart.o(.text.LL_LPUART_SetPrescaler)
    LL_LPUART_SetRXFIFOThreshold             0x08001a5d   Thumb Code    50  usart.o(.text.LL_LPUART_SetRXFIFOThreshold)
    [Anonymous Symbol]                       0x08001a5c   Section        0  usart.o(.text.LL_LPUART_SetRXFIFOThreshold)
    LL_LPUART_SetStopBitsLength              0x08001a91   Thumb Code    26  stm32g4xx_ll_lpuart.o(.text.LL_LPUART_SetStopBitsLength)
    [Anonymous Symbol]                       0x08001a90   Section        0  stm32g4xx_ll_lpuart.o(.text.LL_LPUART_SetStopBitsLength)
    LL_LPUART_SetTXFIFOThreshold             0x08001aad   Thumb Code    50  usart.o(.text.LL_LPUART_SetTXFIFOThreshold)
    [Anonymous Symbol]                       0x08001aac   Section        0  usart.o(.text.LL_LPUART_SetTXFIFOThreshold)
    [Anonymous Symbol]                       0x08001ae0   Section        0  stm32g4xx_ll_utils.o(.text.LL_PLL_ConfigSystemClock_HSE)
    LL_PWR_GetRegulVoltageScaling            0x08001bc1   Thumb Code    16  stm32g4xx_ll_utils.o(.text.LL_PWR_GetRegulVoltageScaling)
    [Anonymous Symbol]                       0x08001bc0   Section        0  stm32g4xx_ll_utils.o(.text.LL_PWR_GetRegulVoltageScaling)
    LL_PWR_IsEnabledRange1BoostMode          0x08001bd1   Thumb Code    30  stm32g4xx_ll_utils.o(.text.LL_PWR_IsEnabledRange1BoostMode)
    [Anonymous Symbol]                       0x08001bd0   Section        0  stm32g4xx_ll_utils.o(.text.LL_PWR_IsEnabledRange1BoostMode)
    LL_RCC_GetAHBPrescaler                   0x08001bf1   Thumb Code    16  stm32g4xx_ll_rcc.o(.text.LL_RCC_GetAHBPrescaler)
    [Anonymous Symbol]                       0x08001bf0   Section        0  stm32g4xx_ll_rcc.o(.text.LL_RCC_GetAHBPrescaler)
    LL_RCC_GetAPB1Prescaler                  0x08001c01   Thumb Code    16  stm32g4xx_ll_rcc.o(.text.LL_RCC_GetAPB1Prescaler)
    [Anonymous Symbol]                       0x08001c00   Section        0  stm32g4xx_ll_rcc.o(.text.LL_RCC_GetAPB1Prescaler)
    [Anonymous Symbol]                       0x08001c10   Section        0  stm32g4xx_ll_rcc.o(.text.LL_RCC_GetLPUARTClockFreq)
    LL_RCC_GetLPUARTClockSource              0x08001c91   Thumb Code    22  stm32g4xx_ll_rcc.o(.text.LL_RCC_GetLPUARTClockSource)
    [Anonymous Symbol]                       0x08001c90   Section        0  stm32g4xx_ll_rcc.o(.text.LL_RCC_GetLPUARTClockSource)
    LL_RCC_GetSysClkSource                   0x08001ca9   Thumb Code    16  stm32g4xx_ll_rcc.o(.text.LL_RCC_GetSysClkSource)
    [Anonymous Symbol]                       0x08001ca8   Section        0  stm32g4xx_ll_rcc.o(.text.LL_RCC_GetSysClkSource)
    LL_RCC_GetSysClkSource                   0x08001cb9   Thumb Code    16  stm32g4xx_ll_utils.o(.text.LL_RCC_GetSysClkSource)
    [Anonymous Symbol]                       0x08001cb8   Section        0  stm32g4xx_ll_utils.o(.text.LL_RCC_GetSysClkSource)
    LL_RCC_HSE_DisableBypass                 0x08001cc9   Thumb Code    18  stm32g4xx_ll_utils.o(.text.LL_RCC_HSE_DisableBypass)
    [Anonymous Symbol]                       0x08001cc8   Section        0  stm32g4xx_ll_utils.o(.text.LL_RCC_HSE_DisableBypass)
    LL_RCC_HSE_Enable                        0x08001cdd   Thumb Code    18  stm32g4xx_ll_utils.o(.text.LL_RCC_HSE_Enable)
    [Anonymous Symbol]                       0x08001cdc   Section        0  stm32g4xx_ll_utils.o(.text.LL_RCC_HSE_Enable)
    LL_RCC_HSE_Enable                        0x08001cf1   Thumb Code    18  clock_system.o(.text.LL_RCC_HSE_Enable)
    [Anonymous Symbol]                       0x08001cf0   Section        0  clock_system.o(.text.LL_RCC_HSE_Enable)
    LL_RCC_HSE_EnableBypass                  0x08001d05   Thumb Code    18  stm32g4xx_ll_utils.o(.text.LL_RCC_HSE_EnableBypass)
    [Anonymous Symbol]                       0x08001d04   Section        0  stm32g4xx_ll_utils.o(.text.LL_RCC_HSE_EnableBypass)
    LL_RCC_HSE_IsReady                       0x08001d19   Thumb Code    16  stm32g4xx_ll_utils.o(.text.LL_RCC_HSE_IsReady)
    [Anonymous Symbol]                       0x08001d18   Section        0  stm32g4xx_ll_utils.o(.text.LL_RCC_HSE_IsReady)
    LL_RCC_HSE_IsReady                       0x08001d29   Thumb Code    16  clock_system.o(.text.LL_RCC_HSE_IsReady)
    [Anonymous Symbol]                       0x08001d28   Section        0  clock_system.o(.text.LL_RCC_HSE_IsReady)
    LL_RCC_HSI_Enable                        0x08001d39   Thumb Code    18  clock_system.o(.text.LL_RCC_HSI_Enable)
    [Anonymous Symbol]                       0x08001d38   Section        0  clock_system.o(.text.LL_RCC_HSI_Enable)
    LL_RCC_HSI_IsReady                       0x08001d4d   Thumb Code    16  stm32g4xx_ll_rcc.o(.text.LL_RCC_HSI_IsReady)
    [Anonymous Symbol]                       0x08001d4c   Section        0  stm32g4xx_ll_rcc.o(.text.LL_RCC_HSI_IsReady)
    LL_RCC_HSI_IsReady                       0x08001d5d   Thumb Code    16  clock_system.o(.text.LL_RCC_HSI_IsReady)
    [Anonymous Symbol]                       0x08001d5c   Section        0  clock_system.o(.text.LL_RCC_HSI_IsReady)
    LL_RCC_LSE_IsReady                       0x08001d6d   Thumb Code    16  stm32g4xx_ll_rcc.o(.text.LL_RCC_LSE_IsReady)
    [Anonymous Symbol]                       0x08001d6c   Section        0  stm32g4xx_ll_rcc.o(.text.LL_RCC_LSE_IsReady)
    LL_RCC_PLL_ConfigDomain_SYS              0x08001d7d   Thumb Code    54  stm32g4xx_ll_utils.o(.text.LL_RCC_PLL_ConfigDomain_SYS)
    [Anonymous Symbol]                       0x08001d7c   Section        0  stm32g4xx_ll_utils.o(.text.LL_RCC_PLL_ConfigDomain_SYS)
    LL_RCC_PLL_Enable                        0x08001db5   Thumb Code    18  stm32g4xx_ll_utils.o(.text.LL_RCC_PLL_Enable)
    [Anonymous Symbol]                       0x08001db4   Section        0  stm32g4xx_ll_utils.o(.text.LL_RCC_PLL_Enable)
    LL_RCC_PLL_EnableDomain_SYS              0x08001dc9   Thumb Code    18  stm32g4xx_ll_utils.o(.text.LL_RCC_PLL_EnableDomain_SYS)
    [Anonymous Symbol]                       0x08001dc8   Section        0  stm32g4xx_ll_utils.o(.text.LL_RCC_PLL_EnableDomain_SYS)
    LL_RCC_PLL_GetDivider                    0x08001ddd   Thumb Code    16  stm32g4xx_ll_rcc.o(.text.LL_RCC_PLL_GetDivider)
    [Anonymous Symbol]                       0x08001ddc   Section        0  stm32g4xx_ll_rcc.o(.text.LL_RCC_PLL_GetDivider)
    LL_RCC_PLL_GetMainSource                 0x08001ded   Thumb Code    16  stm32g4xx_ll_rcc.o(.text.LL_RCC_PLL_GetMainSource)
    [Anonymous Symbol]                       0x08001dec   Section        0  stm32g4xx_ll_rcc.o(.text.LL_RCC_PLL_GetMainSource)
    LL_RCC_PLL_GetN                          0x08001dfd   Thumb Code    16  stm32g4xx_ll_rcc.o(.text.LL_RCC_PLL_GetN)
    [Anonymous Symbol]                       0x08001dfc   Section        0  stm32g4xx_ll_rcc.o(.text.LL_RCC_PLL_GetN)
    LL_RCC_PLL_GetR                          0x08001e0d   Thumb Code    16  stm32g4xx_ll_rcc.o(.text.LL_RCC_PLL_GetR)
    [Anonymous Symbol]                       0x08001e0c   Section        0  stm32g4xx_ll_rcc.o(.text.LL_RCC_PLL_GetR)
    LL_RCC_PLL_IsReady                       0x08001e1d   Thumb Code    16  stm32g4xx_ll_utils.o(.text.LL_RCC_PLL_IsReady)
    [Anonymous Symbol]                       0x08001e1c   Section        0  stm32g4xx_ll_utils.o(.text.LL_RCC_PLL_IsReady)
    LL_RCC_SetAHBPrescaler                   0x08001e2d   Thumb Code    28  stm32g4xx_ll_utils.o(.text.LL_RCC_SetAHBPrescaler)
    [Anonymous Symbol]                       0x08001e2c   Section        0  stm32g4xx_ll_utils.o(.text.LL_RCC_SetAHBPrescaler)
    LL_RCC_SetAPB1Prescaler                  0x08001e49   Thumb Code    28  stm32g4xx_ll_utils.o(.text.LL_RCC_SetAPB1Prescaler)
    [Anonymous Symbol]                       0x08001e48   Section        0  stm32g4xx_ll_utils.o(.text.LL_RCC_SetAPB1Prescaler)
    LL_RCC_SetAPB2Prescaler                  0x08001e65   Thumb Code    28  stm32g4xx_ll_utils.o(.text.LL_RCC_SetAPB2Prescaler)
    [Anonymous Symbol]                       0x08001e64   Section        0  stm32g4xx_ll_utils.o(.text.LL_RCC_SetAPB2Prescaler)
    LL_RCC_SetLPUARTClockSource              0x08001e81   Thumb Code    28  usart.o(.text.LL_RCC_SetLPUARTClockSource)
    [Anonymous Symbol]                       0x08001e80   Section        0  usart.o(.text.LL_RCC_SetLPUARTClockSource)
    LL_RCC_SetSysClkSource                   0x08001e9d   Thumb Code    28  stm32g4xx_ll_utils.o(.text.LL_RCC_SetSysClkSource)
    [Anonymous Symbol]                       0x08001e9c   Section        0  stm32g4xx_ll_utils.o(.text.LL_RCC_SetSysClkSource)
    [Anonymous Symbol]                       0x08001eb8   Section        0  stm32g4xx_ll_utils.o(.text.LL_SetFlashLatency)
    [Anonymous Symbol]                       0x08002078   Section        0  stm32g4xx_ll_utils.o(.text.LL_SetSystemCoreClock)
    [Anonymous Symbol]                       0x0800208c   Section        0  usart.o(.text.LPUART1_DMA_Init)
    [Anonymous Symbol]                       0x08002200   Section        0  bootloader.o(.text.LPUART1_IRQHandler)
    [Anonymous Symbol]                       0x08002334   Section        0  usart.o(.text.LPUART1_UART_Init)
    NVIC_EncodePriority                      0x08002469   Thumb Code   108  usart.o(.text.NVIC_EncodePriority)
    [Anonymous Symbol]                       0x08002468   Section        0  usart.o(.text.NVIC_EncodePriority)
    [Anonymous Symbol]                       0x080024d4   Section        0  bootloader.o(.text.PocessCommand_G4)
    RCC_GetHCLKClockFreq                     0x08002659   Thumb Code    42  stm32g4xx_ll_rcc.o(.text.RCC_GetHCLKClockFreq)
    [Anonymous Symbol]                       0x08002658   Section        0  stm32g4xx_ll_rcc.o(.text.RCC_GetHCLKClockFreq)
    RCC_GetPCLK1ClockFreq                    0x08002685   Thumb Code    40  stm32g4xx_ll_rcc.o(.text.RCC_GetPCLK1ClockFreq)
    [Anonymous Symbol]                       0x08002684   Section        0  stm32g4xx_ll_rcc.o(.text.RCC_GetPCLK1ClockFreq)
    RCC_GetSystemClockFreq                   0x080026ad   Thumb Code    84  stm32g4xx_ll_rcc.o(.text.RCC_GetSystemClockFreq)
    [Anonymous Symbol]                       0x080026ac   Section        0  stm32g4xx_ll_rcc.o(.text.RCC_GetSystemClockFreq)
    RCC_PLL_GetFreqDomain_SYS                0x08002701   Thumb Code   124  stm32g4xx_ll_rcc.o(.text.RCC_PLL_GetFreqDomain_SYS)
    [Anonymous Symbol]                       0x08002700   Section        0  stm32g4xx_ll_rcc.o(.text.RCC_PLL_GetFreqDomain_SYS)
    [Anonymous Symbol]                       0x0800277c   Section        0  bootloader.o(.text.Receive_Data_LPUART1_DMA)
    [Anonymous Symbol]                       0x0800281c   Section        0  bootloader.o(.text.Send_Data_LPUART1_DMA)
    [Anonymous Symbol]                       0x080028bc   Section        0  clock_system.o(.text.SysTick_Handler)
    [Anonymous Symbol]                       0x080028cc   Section        0  clock_system.o(.text.SystemClock_Init)
    [Anonymous Symbol]                       0x08002940   Section        0  system_stm32g4xx.o(.text.SystemInit)
    [Anonymous Symbol]                       0x08002954   Section        0  clock_system.o(.text.SystemTickConfig)
    [Anonymous Symbol]                       0x08002998   Section        0  bootloader.o(.text.UART_ProcessState_G4)
    UTILS_EnablePLLAndSwitchSystem           0x08002c11   Thumb Code   200  stm32g4xx_ll_utils.o(.text.UTILS_EnablePLLAndSwitchSystem)
    [Anonymous Symbol]                       0x08002c10   Section        0  stm32g4xx_ll_utils.o(.text.UTILS_EnablePLLAndSwitchSystem)
    UTILS_GetPLLOutputFrequency              0x08002cd9   Thumb Code    62  stm32g4xx_ll_utils.o(.text.UTILS_GetPLLOutputFrequency)
    [Anonymous Symbol]                       0x08002cd8   Section        0  stm32g4xx_ll_utils.o(.text.UTILS_GetPLLOutputFrequency)
    UTILS_PLL_IsBusy                         0x08002d19   Thumb Code    34  stm32g4xx_ll_utils.o(.text.UTILS_PLL_IsBusy)
    [Anonymous Symbol]                       0x08002d18   Section        0  stm32g4xx_ll_utils.o(.text.UTILS_PLL_IsBusy)
    __NVIC_EnableIRQ                         0x08002d3d   Thumb Code    48  usart.o(.text.__NVIC_EnableIRQ)
    [Anonymous Symbol]                       0x08002d3c   Section        0  usart.o(.text.__NVIC_EnableIRQ)
    __NVIC_GetPriorityGrouping               0x08002d6d   Thumb Code    16  usart.o(.text.__NVIC_GetPriorityGrouping)
    [Anonymous Symbol]                       0x08002d6c   Section        0  usart.o(.text.__NVIC_GetPriorityGrouping)
    __NVIC_SetPriority                       0x08002d7d   Thumb Code    66  clock_system.o(.text.__NVIC_SetPriority)
    [Anonymous Symbol]                       0x08002d7c   Section        0  clock_system.o(.text.__NVIC_SetPriority)
    __NVIC_SetPriority                       0x08002dc1   Thumb Code    66  usart.o(.text.__NVIC_SetPriority)
    [Anonymous Symbol]                       0x08002dc0   Section        0  usart.o(.text.__NVIC_SetPriority)
    [Anonymous Symbol]                       0x08002e04   Section        0  bootloader.o(.text.bootJumpToApp1)
    [Anonymous Symbol]                       0x08002e40   Section        0  main.o(.text.main)
    [Anonymous Symbol]                       0x08002eac   Section        0  bootloader.o(.text.software_crc32)
    $v0                                      0x08002f3a   Number         0  fpinit.o(x$fpl$fpinit)
    x$fpl$fpinit                             0x08002f3a   Section       26  fpinit.o(x$fpl$fpinit)
    CHANNEL_OFFSET_TAB                       0x08002f6c   Data           8  bootloader.o(.rodata.CHANNEL_OFFSET_TAB)
    [Anonymous Symbol]                       0x08002f6c   Section        0  bootloader.o(.rodata.CHANNEL_OFFSET_TAB)
    CHANNEL_OFFSET_TAB                       0x08002f74   Data           8  usart.o(.rodata.CHANNEL_OFFSET_TAB)
    [Anonymous Symbol]                       0x08002f74   Section        0  usart.o(.rodata.CHANNEL_OFFSET_TAB)
    LPUART_PRESCALER_TAB                     0x08002f7c   Data          24  stm32g4xx_ll_lpuart.o(.rodata.LPUART_PRESCALER_TAB)
    [Anonymous Symbol]                       0x08002f7c   Section        0  stm32g4xx_ll_lpuart.o(.rodata.LPUART_PRESCALER_TAB)
    .bss                                     0x20000010   Section       96  libspace.o(.bss)
    bootJumpToApp1.vJumpToApp                0x200008a0   Data           4  bootloader.o(.bss.bootJumpToApp1.vJumpToApp)
    [Anonymous Symbol]                       0x200008a0   Section        0  bootloader.o(.bss.bootJumpToApp1.vJumpToApp)
    uwTick                                   0x2000189c   Data           4  clock_system.o(.bss.uwTick)
    [Anonymous Symbol]                       0x2000189c   Section        0  clock_system.o(.bss.uwTick)
    Heap_Mem                                 0x200018a0   Data         512  startup_stm32g474xx.o(HEAP)
    HEAP                                     0x200018a0   Section      512  startup_stm32g474xx.o(HEAP)
    Stack_Mem                                0x20001aa0   Data        1024  startup_stm32g474xx.o(STACK)
    STACK                                    0x20001aa0   Section     1024  startup_stm32g474xx.o(STACK)
    __initial_sp                             0x20001ea0   Data           0  startup_stm32g474xx.o(STACK)

    Global Symbols

    Symbol Name                              Value     Ov Type        Size  Object(Section)

    BuildAttributes$$THM_ISAv4$E$P$D$K$B$S$7EM$VFPi3$EXTD16$VFPS$VFMA$PE$A:L22UL41UL21$X:L11$S22US41US21$IEEE1$IW$~IW$USESV6$~STKCKD$USESV7$~SHL$OSPACE$ROPI$EBA8$UX$STANDARDLIB$REQ8$PRES8$EABIv2 0x00000000   Number         0  anon$$obj.o ABSOLUTE
    __ARM_exceptions_init                     - Undefined Weak Reference
    __alloca_initialize                       - Undefined Weak Reference
    __arm_preinit_                            - Undefined Weak Reference
    __arm_relocate_pie_                       - Undefined Weak Reference
    __cpp_initialize__aeabi_                  - Undefined Weak Reference
    __cxa_finalize                            - Undefined Weak Reference
    __rt_locale                               - Undefined Weak Reference
    __sigvec_lookup                           - Undefined Weak Reference
    _atexit_init                              - Undefined Weak Reference
    _call_atexit_fns                          - Undefined Weak Reference
    _clock_init                               - Undefined Weak Reference
    _fp_trap_init                             - Undefined Weak Reference
    _fp_trap_shutdown                         - Undefined Weak Reference
    _get_lc_collate                           - Undefined Weak Reference
    _get_lc_ctype                             - Undefined Weak Reference
    _get_lc_monetary                          - Undefined Weak Reference
    _get_lc_numeric                           - Undefined Weak Reference
    _get_lc_time                              - Undefined Weak Reference
    _getenv_init                              - Undefined Weak Reference
    _handle_redirection                       - Undefined Weak Reference
    _init_alloc                               - Undefined Weak Reference
    _init_user_alloc                          - Undefined Weak Reference
    _initio                                   - Undefined Weak Reference
    _rand_init                                - Undefined Weak Reference
    _signal_finish                            - Undefined Weak Reference
    _signal_init                              - Undefined Weak Reference
    _terminate_alloc                          - Undefined Weak Reference
    _terminate_user_alloc                     - Undefined Weak Reference
    _terminateio                              - Undefined Weak Reference
    __Vectors_Size                           0x000001d8   Number         0  startup_stm32g474xx.o ABSOLUTE
    __Vectors                                0x08000000   Data           4  startup_stm32g474xx.o(RESET)
    __Vectors_End                            0x080001d8   Data           0  startup_stm32g474xx.o(RESET)
    __main                                   0x080001d9   Thumb Code     8  __main.o(!!!main)
    __scatterload                            0x080001e1   Thumb Code     0  __scatter.o(!!!scatter)
    __scatterload_rt2                        0x080001e1   Thumb Code    84  __scatter.o(!!!scatter)
    __scatterload_rt2_thumb_only             0x080001e1   Thumb Code     0  __scatter.o(!!!scatter)
    __scatterload_loop                       0x080001eb   Thumb Code     0  __scatter.o(!!!scatter)
    __scatterload_copy                       0x0800023d   Thumb Code    26  __scatter_copy.o(!!handler_copy)
    __scatterload_null                       0x08000259   Thumb Code     2  __scatter.o(!!handler_null)
    __scatterload_zeroinit                   0x0800025d   Thumb Code    28  __scatter_zi.o(!!handler_zi)
    __rt_lib_init                            0x08000279   Thumb Code     0  libinit.o(.ARM.Collect$$libinit$$00000000)
    __rt_lib_init_fp_1                       0x0800027b   Thumb Code     0  libinit2.o(.ARM.Collect$$libinit$$00000001)
    __rt_lib_init_alloca_1                   0x0800027f   Thumb Code     0  libinit2.o(.ARM.Collect$$libinit$$00000030)
    __rt_lib_init_argv_1                     0x0800027f   Thumb Code     0  libinit2.o(.ARM.Collect$$libinit$$0000002E)
    __rt_lib_init_atexit_1                   0x0800027f   Thumb Code     0  libinit2.o(.ARM.Collect$$libinit$$0000001D)
    __rt_lib_init_clock_1                    0x0800027f   Thumb Code     0  libinit2.o(.ARM.Collect$$libinit$$00000023)
    __rt_lib_init_cpp_1                      0x0800027f   Thumb Code     0  libinit2.o(.ARM.Collect$$libinit$$00000034)
    __rt_lib_init_exceptions_1               0x0800027f   Thumb Code     0  libinit2.o(.ARM.Collect$$libinit$$00000032)
    __rt_lib_init_fp_trap_1                  0x0800027f   Thumb Code     0  libinit2.o(.ARM.Collect$$libinit$$00000021)
    __rt_lib_init_getenv_1                   0x0800027f   Thumb Code     0  libinit2.o(.ARM.Collect$$libinit$$00000025)
    __rt_lib_init_heap_1                     0x0800027f   Thumb Code     0  libinit2.o(.ARM.Collect$$libinit$$0000000C)
    __rt_lib_init_lc_collate_1               0x0800027f   Thumb Code     0  libinit2.o(.ARM.Collect$$libinit$$00000013)
    __rt_lib_init_lc_ctype_1                 0x0800027f   Thumb Code     0  libinit2.o(.ARM.Collect$$libinit$$00000015)
    __rt_lib_init_lc_monetary_1              0x0800027f   Thumb Code     0  libinit2.o(.ARM.Collect$$libinit$$00000017)
    __rt_lib_init_lc_numeric_1               0x0800027f   Thumb Code     0  libinit2.o(.ARM.Collect$$libinit$$00000019)
    __rt_lib_init_lc_time_1                  0x0800027f   Thumb Code     0  libinit2.o(.ARM.Collect$$libinit$$0000001B)
    __rt_lib_init_preinit_1                  0x0800027f   Thumb Code     0  libinit2.o(.ARM.Collect$$libinit$$00000006)
    __rt_lib_init_rand_1                     0x0800027f   Thumb Code     0  libinit2.o(.ARM.Collect$$libinit$$00000010)
    __rt_lib_init_relocate_pie_1             0x0800027f   Thumb Code     0  libinit2.o(.ARM.Collect$$libinit$$00000004)
    __rt_lib_init_return                     0x0800027f   Thumb Code     0  libinit2.o(.ARM.Collect$$libinit$$00000035)
    __rt_lib_init_signal_1                   0x0800027f   Thumb Code     0  libinit2.o(.ARM.Collect$$libinit$$0000001F)
    __rt_lib_init_stdio_1                    0x0800027f   Thumb Code     0  libinit2.o(.ARM.Collect$$libinit$$00000027)
    __rt_lib_init_user_alloc_1               0x0800027f   Thumb Code     0  libinit2.o(.ARM.Collect$$libinit$$0000000E)
    __rt_lib_shutdown                        0x08000281   Thumb Code     0  libshutdown.o(.ARM.Collect$$libshutdown$$00000000)
    __rt_lib_shutdown_cpp_1                  0x08000283   Thumb Code     0  libshutdown2.o(.ARM.Collect$$libshutdown$$00000002)
    __rt_lib_shutdown_fp_trap_1              0x08000283   Thumb Code     0  libshutdown2.o(.ARM.Collect$$libshutdown$$00000007)
    __rt_lib_shutdown_heap_1                 0x08000283   Thumb Code     0  libshutdown2.o(.ARM.Collect$$libshutdown$$0000000F)
    __rt_lib_shutdown_return                 0x08000283   Thumb Code     0  libshutdown2.o(.ARM.Collect$$libshutdown$$00000010)
    __rt_lib_shutdown_signal_1               0x08000283   Thumb Code     0  libshutdown2.o(.ARM.Collect$$libshutdown$$0000000A)
    __rt_lib_shutdown_stdio_1                0x08000283   Thumb Code     0  libshutdown2.o(.ARM.Collect$$libshutdown$$00000004)
    __rt_lib_shutdown_user_alloc_1           0x08000283   Thumb Code     0  libshutdown2.o(.ARM.Collect$$libshutdown$$0000000C)
    __rt_entry                               0x08000285   Thumb Code     0  __rtentry.o(.ARM.Collect$$rtentry$$00000000)
    __rt_entry_presh_1                       0x08000285   Thumb Code     0  __rtentry2.o(.ARM.Collect$$rtentry$$00000002)
    __rt_entry_sh                            0x08000285   Thumb Code     0  __rtentry4.o(.ARM.Collect$$rtentry$$00000004)
    __rt_entry_li                            0x0800028b   Thumb Code     0  __rtentry2.o(.ARM.Collect$$rtentry$$0000000A)
    __rt_entry_postsh_1                      0x0800028b   Thumb Code     0  __rtentry2.o(.ARM.Collect$$rtentry$$00000009)
    __rt_entry_main                          0x0800028f   Thumb Code     0  __rtentry2.o(.ARM.Collect$$rtentry$$0000000D)
    __rt_entry_postli_1                      0x0800028f   Thumb Code     0  __rtentry2.o(.ARM.Collect$$rtentry$$0000000C)
    __rt_exit                                0x08000297   Thumb Code     0  rtexit.o(.ARM.Collect$$rtexit$$00000000)
    __rt_exit_ls                             0x08000299   Thumb Code     0  rtexit2.o(.ARM.Collect$$rtexit$$00000003)
    __rt_exit_prels_1                        0x08000299   Thumb Code     0  rtexit2.o(.ARM.Collect$$rtexit$$00000002)
    __rt_exit_exit                           0x0800029d   Thumb Code     0  rtexit2.o(.ARM.Collect$$rtexit$$00000004)
    Reset_Handler                            0x080002a5   Thumb Code     8  startup_stm32g474xx.o(.text)
    NMI_Handler                              0x080002ad   Thumb Code     2  startup_stm32g474xx.o(.text)
    HardFault_Handler                        0x080002af   Thumb Code     2  startup_stm32g474xx.o(.text)
    MemManage_Handler                        0x080002b1   Thumb Code     2  startup_stm32g474xx.o(.text)
    BusFault_Handler                         0x080002b3   Thumb Code     2  startup_stm32g474xx.o(.text)
    UsageFault_Handler                       0x080002b5   Thumb Code     2  startup_stm32g474xx.o(.text)
    SVC_Handler                              0x080002b7   Thumb Code     2  startup_stm32g474xx.o(.text)
    DebugMon_Handler                         0x080002b9   Thumb Code     2  startup_stm32g474xx.o(.text)
    PendSV_Handler                           0x080002bb   Thumb Code     2  startup_stm32g474xx.o(.text)
    ADC1_2_IRQHandler                        0x080002bf   Thumb Code     0  startup_stm32g474xx.o(.text)
    ADC3_IRQHandler                          0x080002bf   Thumb Code     0  startup_stm32g474xx.o(.text)
    ADC4_IRQHandler                          0x080002bf   Thumb Code     0  startup_stm32g474xx.o(.text)
    ADC5_IRQHandler                          0x080002bf   Thumb Code     0  startup_stm32g474xx.o(.text)
    COMP1_2_3_IRQHandler                     0x080002bf   Thumb Code     0  startup_stm32g474xx.o(.text)
    COMP4_5_6_IRQHandler                     0x080002bf   Thumb Code     0  startup_stm32g474xx.o(.text)
    COMP7_IRQHandler                         0x080002bf   Thumb Code     0  startup_stm32g474xx.o(.text)
    CORDIC_IRQHandler                        0x080002bf   Thumb Code     0  startup_stm32g474xx.o(.text)
    CRS_IRQHandler                           0x080002bf   Thumb Code     0  startup_stm32g474xx.o(.text)
    DMA1_Channel1_IRQHandler                 0x080002bf   Thumb Code     0  startup_stm32g474xx.o(.text)
    DMA1_Channel2_IRQHandler                 0x080002bf   Thumb Code     0  startup_stm32g474xx.o(.text)
    DMA1_Channel3_IRQHandler                 0x080002bf   Thumb Code     0  startup_stm32g474xx.o(.text)
    DMA1_Channel6_IRQHandler                 0x080002bf   Thumb Code     0  startup_stm32g474xx.o(.text)
    DMA1_Channel7_IRQHandler                 0x080002bf   Thumb Code     0  startup_stm32g474xx.o(.text)
    DMA1_Channel8_IRQHandler                 0x080002bf   Thumb Code     0  startup_stm32g474xx.o(.text)
    DMA2_Channel1_IRQHandler                 0x080002bf   Thumb Code     0  startup_stm32g474xx.o(.text)
    DMA2_Channel2_IRQHandler                 0x080002bf   Thumb Code     0  startup_stm32g474xx.o(.text)
    DMA2_Channel3_IRQHandler                 0x080002bf   Thumb Code     0  startup_stm32g474xx.o(.text)
    DMA2_Channel4_IRQHandler                 0x080002bf   Thumb Code     0  startup_stm32g474xx.o(.text)
    DMA2_Channel5_IRQHandler                 0x080002bf   Thumb Code     0  startup_stm32g474xx.o(.text)
    DMA2_Channel6_IRQHandler                 0x080002bf   Thumb Code     0  startup_stm32g474xx.o(.text)
    DMA2_Channel7_IRQHandler                 0x080002bf   Thumb Code     0  startup_stm32g474xx.o(.text)
    DMA2_Channel8_IRQHandler                 0x080002bf   Thumb Code     0  startup_stm32g474xx.o(.text)
    DMAMUX_OVR_IRQHandler                    0x080002bf   Thumb Code     0  startup_stm32g474xx.o(.text)
    EXTI0_IRQHandler                         0x080002bf   Thumb Code     0  startup_stm32g474xx.o(.text)
    EXTI15_10_IRQHandler                     0x080002bf   Thumb Code     0  startup_stm32g474xx.o(.text)
    EXTI1_IRQHandler                         0x080002bf   Thumb Code     0  startup_stm32g474xx.o(.text)
    EXTI2_IRQHandler                         0x080002bf   Thumb Code     0  startup_stm32g474xx.o(.text)
    EXTI3_IRQHandler                         0x080002bf   Thumb Code     0  startup_stm32g474xx.o(.text)
    EXTI4_IRQHandler                         0x080002bf   Thumb Code     0  startup_stm32g474xx.o(.text)
    EXTI9_5_IRQHandler                       0x080002bf   Thumb Code     0  startup_stm32g474xx.o(.text)
    FDCAN1_IT0_IRQHandler                    0x080002bf   Thumb Code     0  startup_stm32g474xx.o(.text)
    FDCAN1_IT1_IRQHandler                    0x080002bf   Thumb Code     0  startup_stm32g474xx.o(.text)
    FDCAN2_IT0_IRQHandler                    0x080002bf   Thumb Code     0  startup_stm32g474xx.o(.text)
    FDCAN2_IT1_IRQHandler                    0x080002bf   Thumb Code     0  startup_stm32g474xx.o(.text)
    FDCAN3_IT0_IRQHandler                    0x080002bf   Thumb Code     0  startup_stm32g474xx.o(.text)
    FDCAN3_IT1_IRQHandler                    0x080002bf   Thumb Code     0  startup_stm32g474xx.o(.text)
    FLASH_IRQHandler                         0x080002bf   Thumb Code     0  startup_stm32g474xx.o(.text)
    FMAC_IRQHandler                          0x080002bf   Thumb Code     0  startup_stm32g474xx.o(.text)
    FMC_IRQHandler                           0x080002bf   Thumb Code     0  startup_stm32g474xx.o(.text)
    FPU_IRQHandler                           0x080002bf   Thumb Code     0  startup_stm32g474xx.o(.text)
    HRTIM1_FLT_IRQHandler                    0x080002bf   Thumb Code     0  startup_stm32g474xx.o(.text)
    HRTIM1_Master_IRQHandler                 0x080002bf   Thumb Code     0  startup_stm32g474xx.o(.text)
    HRTIM1_TIMA_IRQHandler                   0x080002bf   Thumb Code     0  startup_stm32g474xx.o(.text)
    HRTIM1_TIMB_IRQHandler                   0x080002bf   Thumb Code     0  startup_stm32g474xx.o(.text)
    HRTIM1_TIMC_IRQHandler                   0x080002bf   Thumb Code     0  startup_stm32g474xx.o(.text)
    HRTIM1_TIMD_IRQHandler                   0x080002bf   Thumb Code     0  startup_stm32g474xx.o(.text)
    HRTIM1_TIME_IRQHandler                   0x080002bf   Thumb Code     0  startup_stm32g474xx.o(.text)
    HRTIM1_TIMF_IRQHandler                   0x080002bf   Thumb Code     0  startup_stm32g474xx.o(.text)
    I2C1_ER_IRQHandler                       0x080002bf   Thumb Code     0  startup_stm32g474xx.o(.text)
    I2C1_EV_IRQHandler                       0x080002bf   Thumb Code     0  startup_stm32g474xx.o(.text)
    I2C2_ER_IRQHandler                       0x080002bf   Thumb Code     0  startup_stm32g474xx.o(.text)
    I2C2_EV_IRQHandler                       0x080002bf   Thumb Code     0  startup_stm32g474xx.o(.text)
    I2C3_ER_IRQHandler                       0x080002bf   Thumb Code     0  startup_stm32g474xx.o(.text)
    I2C3_EV_IRQHandler                       0x080002bf   Thumb Code     0  startup_stm32g474xx.o(.text)
    I2C4_ER_IRQHandler                       0x080002bf   Thumb Code     0  startup_stm32g474xx.o(.text)
    I2C4_EV_IRQHandler                       0x080002bf   Thumb Code     0  startup_stm32g474xx.o(.text)
    LPTIM1_IRQHandler                        0x080002bf   Thumb Code     0  startup_stm32g474xx.o(.text)
    PVD_PVM_IRQHandler                       0x080002bf   Thumb Code     0  startup_stm32g474xx.o(.text)
    QUADSPI_IRQHandler                       0x080002bf   Thumb Code     0  startup_stm32g474xx.o(.text)
    RCC_IRQHandler                           0x080002bf   Thumb Code     0  startup_stm32g474xx.o(.text)
    RNG_IRQHandler                           0x080002bf   Thumb Code     0  startup_stm32g474xx.o(.text)
    RTC_Alarm_IRQHandler                     0x080002bf   Thumb Code     0  startup_stm32g474xx.o(.text)
    RTC_TAMP_LSECSS_IRQHandler               0x080002bf   Thumb Code     0  startup_stm32g474xx.o(.text)
    RTC_WKUP_IRQHandler                      0x080002bf   Thumb Code     0  startup_stm32g474xx.o(.text)
    SAI1_IRQHandler                          0x080002bf   Thumb Code     0  startup_stm32g474xx.o(.text)
    SPI1_IRQHandler                          0x080002bf   Thumb Code     0  startup_stm32g474xx.o(.text)
    SPI2_IRQHandler                          0x080002bf   Thumb Code     0  startup_stm32g474xx.o(.text)
    SPI3_IRQHandler                          0x080002bf   Thumb Code     0  startup_stm32g474xx.o(.text)
    SPI4_IRQHandler                          0x080002bf   Thumb Code     0  startup_stm32g474xx.o(.text)
    TIM1_BRK_TIM15_IRQHandler                0x080002bf   Thumb Code     0  startup_stm32g474xx.o(.text)
    TIM1_CC_IRQHandler                       0x080002bf   Thumb Code     0  startup_stm32g474xx.o(.text)
    TIM1_TRG_COM_TIM17_IRQHandler            0x080002bf   Thumb Code     0  startup_stm32g474xx.o(.text)
    TIM1_UP_TIM16_IRQHandler                 0x080002bf   Thumb Code     0  startup_stm32g474xx.o(.text)
    TIM20_BRK_IRQHandler                     0x080002bf   Thumb Code     0  startup_stm32g474xx.o(.text)
    TIM20_CC_IRQHandler                      0x080002bf   Thumb Code     0  startup_stm32g474xx.o(.text)
    TIM20_TRG_COM_IRQHandler                 0x080002bf   Thumb Code     0  startup_stm32g474xx.o(.text)
    TIM20_UP_IRQHandler                      0x080002bf   Thumb Code     0  startup_stm32g474xx.o(.text)
    TIM2_IRQHandler                          0x080002bf   Thumb Code     0  startup_stm32g474xx.o(.text)
    TIM3_IRQHandler                          0x080002bf   Thumb Code     0  startup_stm32g474xx.o(.text)
    TIM4_IRQHandler                          0x080002bf   Thumb Code     0  startup_stm32g474xx.o(.text)
    TIM5_IRQHandler                          0x080002bf   Thumb Code     0  startup_stm32g474xx.o(.text)
    TIM6_DAC_IRQHandler                      0x080002bf   Thumb Code     0  startup_stm32g474xx.o(.text)
    TIM7_DAC_IRQHandler                      0x080002bf   Thumb Code     0  startup_stm32g474xx.o(.text)
    TIM8_BRK_IRQHandler                      0x080002bf   Thumb Code     0  startup_stm32g474xx.o(.text)
    TIM8_CC_IRQHandler                       0x080002bf   Thumb Code     0  startup_stm32g474xx.o(.text)
    TIM8_TRG_COM_IRQHandler                  0x080002bf   Thumb Code     0  startup_stm32g474xx.o(.text)
    TIM8_UP_IRQHandler                       0x080002bf   Thumb Code     0  startup_stm32g474xx.o(.text)
    UART4_IRQHandler                         0x080002bf   Thumb Code     0  startup_stm32g474xx.o(.text)
    UART5_IRQHandler                         0x080002bf   Thumb Code     0  startup_stm32g474xx.o(.text)
    UCPD1_IRQHandler                         0x080002bf   Thumb Code     0  startup_stm32g474xx.o(.text)
    USART1_IRQHandler                        0x080002bf   Thumb Code     0  startup_stm32g474xx.o(.text)
    USART2_IRQHandler                        0x080002bf   Thumb Code     0  startup_stm32g474xx.o(.text)
    USART3_IRQHandler                        0x080002bf   Thumb Code     0  startup_stm32g474xx.o(.text)
    USBWakeUp_IRQHandler                     0x080002bf   Thumb Code     0  startup_stm32g474xx.o(.text)
    USB_HP_IRQHandler                        0x080002bf   Thumb Code     0  startup_stm32g474xx.o(.text)
    USB_LP_IRQHandler                        0x080002bf   Thumb Code     0  startup_stm32g474xx.o(.text)
    WWDG_IRQHandler                          0x080002bf   Thumb Code     0  startup_stm32g474xx.o(.text)
    __user_initial_stackheap                 0x080002c1   Thumb Code     0  startup_stm32g474xx.o(.text)
    __aeabi_uldivmod                         0x080002e5   Thumb Code     0  lludivv7m.o(.text)
    _ll_udiv                                 0x080002e5   Thumb Code   240  lludivv7m.o(.text)
    __aeabi_memcpy                           0x080003d5   Thumb Code     0  rt_memcpy_v6.o(.text)
    __rt_memcpy                              0x080003d5   Thumb Code   138  rt_memcpy_v6.o(.text)
    _memcpy_lastbytes                        0x0800043b   Thumb Code     0  rt_memcpy_v6.o(.text)
    __aeabi_memset4                          0x0800045f   Thumb Code    16  aeabi_memset4.o(.text)
    __aeabi_memset8                          0x0800045f   Thumb Code     0  aeabi_memset4.o(.text)
    __aeabi_memclr                           0x0800046f   Thumb Code     0  rt_memclr.o(.text)
    __rt_memclr                              0x0800046f   Thumb Code     0  rt_memclr.o(.text)
    _memset                                  0x08000473   Thumb Code    64  rt_memclr.o(.text)
    __use_two_region_memory                  0x080004b3   Thumb Code     2  heapauxi.o(.text)
    __rt_heap_escrow$2region                 0x080004b5   Thumb Code     2  heapauxi.o(.text)
    __rt_heap_expand$2region                 0x080004b7   Thumb Code     2  heapauxi.o(.text)
    __aeabi_memcpy4                          0x080004b9   Thumb Code     0  rt_memcpy_w.o(.text)
    __aeabi_memcpy8                          0x080004b9   Thumb Code     0  rt_memcpy_w.o(.text)
    __rt_memcpy_w                            0x080004b9   Thumb Code   100  rt_memcpy_w.o(.text)
    _memcpy_lastbytes_aligned                0x08000501   Thumb Code     0  rt_memcpy_w.o(.text)
    __aeabi_memclr4                          0x0800051d   Thumb Code     0  rt_memclr_w.o(.text)
    __aeabi_memclr8                          0x0800051d   Thumb Code     0  rt_memclr_w.o(.text)
    __rt_memclr_w                            0x0800051d   Thumb Code     0  rt_memclr_w.o(.text)
    _memset_w                                0x08000521   Thumb Code    74  rt_memclr_w.o(.text)
    __user_setup_stackheap                   0x0800056b   Thumb Code    74  sys_stackheap_outer.o(.text)
    exit                                     0x080005b5   Thumb Code    18  exit.o(.text)
    __user_libspace                          0x080005c9   Thumb Code     8  libspace.o(.text)
    __user_perproc_libspace                  0x080005c9   Thumb Code     0  libspace.o(.text)
    __user_perthread_libspace                0x080005c9   Thumb Code     0  libspace.o(.text)
    _sys_exit                                0x080005d1   Thumb Code     8  sys_exit.o(.text)
    __I$use$semihosting                      0x080005dd   Thumb Code     0  use_no_semi.o(.text)
    __use_no_semihosting_swi                 0x080005dd   Thumb Code     2  use_no_semi.o(.text)
    __semihosting_library_function           0x080005df   Thumb Code     0  indicate_semi.o(.text)
    B1_Erase_App                             0x080005e1   Thumb Code   332  bootloader.o(.text.B1_Erase_App)
    B1_Flash_Write                           0x0800072d   Thumb Code   478  bootloader.o(.text.B1_Flash_Write)
    B1_Flash_erase_Page                      0x0800090d   Thumb Code   408  bootloader.o(.text.B1_Flash_erase_Page)
    Bootloader_ClearProgramBuffer            0x08000aa5   Thumb Code    22  bootloader.o(.text.Bootloader_ClearProgramBuffer)
    Bootloader_FlashProgramBuffer            0x08000abd   Thumb Code   140  bootloader.o(.text.Bootloader_FlashProgramBuffer)
    Bootloader_PrepareAck                    0x08000b49   Thumb Code    56  bootloader.o(.text.Bootloader_PrepareAck)
    Button_PC13_Init                         0x08000b81   Thumb Code    52  clock_system.o(.text.Button_PC13_Init)
    CRC_APP_RX_DATA                          0x08000bb5   Thumb Code    68  bootloader.o(.text.CRC_APP_RX_DATA)
    Clear_errorflags                         0x08000bf9   Thumb Code    16  bootloader.o(.text.Clear_errorflags)
    DMA1_Channel4_IRQHandler                 0x08000c09   Thumb Code   138  bootloader.o(.text.DMA1_Channel4_IRQHandler)
    DMA1_Channel5_IRQHandler                 0x08000c95   Thumb Code   112  bootloader.o(.text.DMA1_Channel5_IRQHandler)
    Flash_Unlock                             0x08000d05   Thumb Code    30  bootloader.o(.text.Flash_Unlock)
    GetTick                                  0x08000d81   Thumb Code    12  clock_system.o(.text.GetTick)
    IsFlash_WaitForOperation                 0x08000d8d   Thumb Code    16  bootloader.o(.text.IsFlash_WaitForOperation)
    IsFlash_lock                             0x08000d9d   Thumb Code    14  bootloader.o(.text.IsFlash_lock)
    LL_GPIO_Init                             0x080012a1   Thumb Code   220  stm32g4xx_ll_gpio.o(.text.LL_GPIO_Init)
    LL_Init1msTick                           0x08001629   Thumb Code    20  stm32g4xx_ll_utils.o(.text.LL_Init1msTick)
    LL_LPUART_Init                           0x080018a1   Thumb Code   142  stm32g4xx_ll_lpuart.o(.text.LL_LPUART_Init)
    LL_PLL_ConfigSystemClock_HSE             0x08001ae1   Thumb Code   222  stm32g4xx_ll_utils.o(.text.LL_PLL_ConfigSystemClock_HSE)
    LL_RCC_GetLPUARTClockFreq                0x08001c11   Thumb Code   126  stm32g4xx_ll_rcc.o(.text.LL_RCC_GetLPUARTClockFreq)
    LL_SetFlashLatency                       0x08001eb9   Thumb Code   448  stm32g4xx_ll_utils.o(.text.LL_SetFlashLatency)
    LL_SetSystemCoreClock                    0x08002079   Thumb Code    20  stm32g4xx_ll_utils.o(.text.LL_SetSystemCoreClock)
    LPUART1_DMA_Init                         0x0800208d   Thumb Code   370  usart.o(.text.LPUART1_DMA_Init)
    LPUART1_IRQHandler                       0x08002201   Thumb Code   306  bootloader.o(.text.LPUART1_IRQHandler)
    LPUART1_UART_Init                        0x08002335   Thumb Code   306  usart.o(.text.LPUART1_UART_Init)
    PocessCommand_G4                         0x080024d5   Thumb Code   388  bootloader.o(.text.PocessCommand_G4)
    Receive_Data_LPUART1_DMA                 0x0800277d   Thumb Code   160  bootloader.o(.text.Receive_Data_LPUART1_DMA)
    Send_Data_LPUART1_DMA                    0x0800281d   Thumb Code   160  bootloader.o(.text.Send_Data_LPUART1_DMA)
    SysTick_Handler                          0x080028bd   Thumb Code    16  clock_system.o(.text.SysTick_Handler)
    SystemClock_Init                         0x080028cd   Thumb Code   114  clock_system.o(.text.SystemClock_Init)
    SystemInit                               0x08002941   Thumb Code    18  system_stm32g4xx.o(.text.SystemInit)
    SystemTickConfig                         0x08002955   Thumb Code    68  clock_system.o(.text.SystemTickConfig)
    UART_ProcessState_G4                     0x08002999   Thumb Code   632  bootloader.o(.text.UART_ProcessState_G4)
    bootJumpToApp1                           0x08002e05   Thumb Code    58  bootloader.o(.text.bootJumpToApp1)
    main                                     0x08002e41   Thumb Code   106  main.o(.text.main)
    software_crc32                           0x08002ead   Thumb Code   142  bootloader.o(.text.software_crc32)
    _fp_init                                 0x08002f3b   Thumb Code    26  fpinit.o(x$fpl$fpinit)
    __fplib_config_fpu_vfp                   0x08002f53   Thumb Code     0  fpinit.o(x$fpl$fpinit)
    __fplib_config_pureend_doubles           0x08002f53   Thumb Code     0  fpinit.o(x$fpl$fpinit)
    AHBPrescTable                            0x08002f54   Data          16  system_stm32g4xx.o(.rodata.AHBPrescTable)
    APBPrescTable                            0x08002f64   Data           8  system_stm32g4xx.o(.rodata.APBPrescTable)
    Region$$Table$$Base                      0x08002f94   Number         0  anon$$obj.o(Region$$Table)
    Region$$Table$$Limit                     0x08002fb4   Number         0  anon$$obj.o(Region$$Table)
    Received_CRC                             0x20000000   Data           4  bootloader.o(.data.Received_CRC)
    SystemCoreClock                          0x20000004   Data           4  system_stm32g4xx.o(.data.SystemCoreClock)
    g_flashErasePage                         0x20000008   Data           2  bootloader.o(.data.g_flashErasePage)
    __libspace_start                         0x20000010   Data          96  libspace.o(.bss)
    My_CRC                                   0x20000070   Data           4  bootloader.o(.bss.My_CRC)
    __temporary_stack_top$libspace           0x20000070   Data           0  libspace.o(.bss)
    My_CRC_SW                                0x20000074   Data           4  bootloader.o(.bss.My_CRC_SW)
    Part_Time                                0x20000078   Data           4  main.o(.bss.Part_Time)
    RX_USART_Data                            0x2000007c   Data        1024  bootloader.o(.bss.RX_USART_Data)
    TX_USART_Data                            0x2000047c   Data        1024  bootloader.o(.bss.TX_USART_Data)
    Version_Edit                             0x2000087c   Data           1  bootloader.o(.bss.Version_Program)
    _32byteBufferFlash                       0x20000880   Data          32  bootloader.o(.bss._32byteBufferFlash)
    current_program                          0x200008a4   Data           2  bootloader.o(.bss.current_program)
    g4_currentState                          0x200008a6   Data           1  bootloader.o(.bss.g4_currentState)
    g4_rxIndex                               0x200008a8   Data           2  bootloader.o(.bss.g4_rxIndex)
    g4_txIndex                               0x200008aa   Data           2  bootloader.o(.bss.g4_txIndex)
    g_flashLastStatus                        0x200008ac   Data           4  bootloader.o(.bss.g_flashLastStatus)
    g_flashWaitTimedOut                      0x200008b0   Data           1  bootloader.o(.bss.g_flashWaitTimedOut)
    timeoutStart                             0x200008b4   Data           4  bootloader.o(.bss.timeoutStart)
    u32BufferProgram                         0x200008b8   Data        4064  bootloader.o(.bss.u32BufferProgram)
    u32offset_FlashAddress                   0x20001898   Data           4  bootloader.o(.bss.u32offset_FlashAddress)



==============================================================================

Memory Map of the image

  Image Entry point : 0x080001d9

  Load Region LR_IROM1 (Base: 0x08000000, Size: 0x00002fc8, Max: 0x00003000, ABSOLUTE)

    Execution Region ER_IROM1 (Exec base: 0x08000000, Load base: 0x08000000, Size: 0x00002fb4, Max: 0x00003000, ABSOLUTE)

    Exec Addr    Load Addr    Size         Type   Attr      Idx    E Section Name        Object

    0x08000000   0x08000000   0x000001d8   Data   RO           17    RESET               startup_stm32g474xx.o
    0x080001d8   0x080001d8   0x00000008   Code   RO          723  * !!!main             c_w.l(__main.o)
    0x080001e0   0x080001e0   0x0000005c   Code   RO          902    !!!scatter          c_w.l(__scatter.o)
    0x0800023c   0x0800023c   0x0000001a   Code   RO          906    !!handler_copy      c_w.l(__scatter_copy.o)
    0x08000256   0x08000256   0x00000002   PAD
    0x08000258   0x08000258   0x00000002   Code   RO          903    !!handler_null      c_w.l(__scatter.o)
    0x0800025a   0x0800025a   0x00000002   PAD
    0x0800025c   0x0800025c   0x0000001c   Code   RO          908    !!handler_zi        c_w.l(__scatter_zi.o)
    0x08000278   0x08000278   0x00000002   Code   RO          764    .ARM.Collect$$libinit$$00000000  c_w.l(libinit.o)
    0x0800027a   0x0800027a   0x00000004   Code   RO          776    .ARM.Collect$$libinit$$00000001  c_w.l(libinit2.o)
    0x0800027e   0x0800027e   0x00000000   Code   RO          779    .ARM.Collect$$libinit$$00000004  c_w.l(libinit2.o)
    0x0800027e   0x0800027e   0x00000000   Code   RO          781    .ARM.Collect$$libinit$$00000006  c_w.l(libinit2.o)
    0x0800027e   0x0800027e   0x00000000   Code   RO          784    .ARM.Collect$$libinit$$0000000C  c_w.l(libinit2.o)
    0x0800027e   0x0800027e   0x00000000   Code   RO          786    .ARM.Collect$$libinit$$0000000E  c_w.l(libinit2.o)
    0x0800027e   0x0800027e   0x00000000   Code   RO          788    .ARM.Collect$$libinit$$00000010  c_w.l(libinit2.o)
    0x0800027e   0x0800027e   0x00000000   Code   RO          791    .ARM.Collect$$libinit$$00000013  c_w.l(libinit2.o)
    0x0800027e   0x0800027e   0x00000000   Code   RO          793    .ARM.Collect$$libinit$$00000015  c_w.l(libinit2.o)
    0x0800027e   0x0800027e   0x00000000   Code   RO          795    .ARM.Collect$$libinit$$00000017  c_w.l(libinit2.o)
    0x0800027e   0x0800027e   0x00000000   Code   RO          797    .ARM.Collect$$libinit$$00000019  c_w.l(libinit2.o)
    0x0800027e   0x0800027e   0x00000000   Code   RO          799    .ARM.Collect$$libinit$$0000001B  c_w.l(libinit2.o)
    0x0800027e   0x0800027e   0x00000000   Code   RO          801    .ARM.Collect$$libinit$$0000001D  c_w.l(libinit2.o)
    0x0800027e   0x0800027e   0x00000000   Code   RO          803    .ARM.Collect$$libinit$$0000001F  c_w.l(libinit2.o)
    0x0800027e   0x0800027e   0x00000000   Code   RO          805    .ARM.Collect$$libinit$$00000021  c_w.l(libinit2.o)
    0x0800027e   0x0800027e   0x00000000   Code   RO          807    .ARM.Collect$$libinit$$00000023  c_w.l(libinit2.o)
    0x0800027e   0x0800027e   0x00000000   Code   RO          809    .ARM.Collect$$libinit$$00000025  c_w.l(libinit2.o)
    0x0800027e   0x0800027e   0x00000000   Code   RO          811    .ARM.Collect$$libinit$$00000027  c_w.l(libinit2.o)
    0x0800027e   0x0800027e   0x00000000   Code   RO          815    .ARM.Collect$$libinit$$0000002E  c_w.l(libinit2.o)
    0x0800027e   0x0800027e   0x00000000   Code   RO          817    .ARM.Collect$$libinit$$00000030  c_w.l(libinit2.o)
    0x0800027e   0x0800027e   0x00000000   Code   RO          819    .ARM.Collect$$libinit$$00000032  c_w.l(libinit2.o)
    0x0800027e   0x0800027e   0x00000000   Code   RO          821    .ARM.Collect$$libinit$$00000034  c_w.l(libinit2.o)
    0x0800027e   0x0800027e   0x00000002   Code   RO          822    .ARM.Collect$$libinit$$00000035  c_w.l(libinit2.o)
    0x08000280   0x08000280   0x00000002   Code   RO          857    .ARM.Collect$$libshutdown$$00000000  c_w.l(libshutdown.o)
    0x08000282   0x08000282   0x00000000   Code   RO          885    .ARM.Collect$$libshutdown$$00000002  c_w.l(libshutdown2.o)
    0x08000282   0x08000282   0x00000000   Code   RO          887    .ARM.Collect$$libshutdown$$00000004  c_w.l(libshutdown2.o)
    0x08000282   0x08000282   0x00000000   Code   RO          890    .ARM.Collect$$libshutdown$$00000007  c_w.l(libshutdown2.o)
    0x08000282   0x08000282   0x00000000   Code   RO          893    .ARM.Collect$$libshutdown$$0000000A  c_w.l(libshutdown2.o)
    0x08000282   0x08000282   0x00000000   Code   RO          895    .ARM.Collect$$libshutdown$$0000000C  c_w.l(libshutdown2.o)
    0x08000282   0x08000282   0x00000000   Code   RO          898    .ARM.Collect$$libshutdown$$0000000F  c_w.l(libshutdown2.o)
    0x08000282   0x08000282   0x00000002   Code   RO          899    .ARM.Collect$$libshutdown$$00000010  c_w.l(libshutdown2.o)
    0x08000284   0x08000284   0x00000000   Code   RO          725    .ARM.Collect$$rtentry$$00000000  c_w.l(__rtentry.o)
    0x08000284   0x08000284   0x00000000   Code   RO          735    .ARM.Collect$$rtentry$$00000002  c_w.l(__rtentry2.o)
    0x08000284   0x08000284   0x00000006   Code   RO          747    .ARM.Collect$$rtentry$$00000004  c_w.l(__rtentry4.o)
    0x0800028a   0x0800028a   0x00000000   Code   RO          737    .ARM.Collect$$rtentry$$00000009  c_w.l(__rtentry2.o)
    0x0800028a   0x0800028a   0x00000004   Code   RO          738    .ARM.Collect$$rtentry$$0000000A  c_w.l(__rtentry2.o)
    0x0800028e   0x0800028e   0x00000000   Code   RO          740    .ARM.Collect$$rtentry$$0000000C  c_w.l(__rtentry2.o)
    0x0800028e   0x0800028e   0x00000008   Code   RO          741    .ARM.Collect$$rtentry$$0000000D  c_w.l(__rtentry2.o)
    0x08000296   0x08000296   0x00000002   Code   RO          768    .ARM.Collect$$rtexit$$00000000  c_w.l(rtexit.o)
    0x08000298   0x08000298   0x00000000   Code   RO          828    .ARM.Collect$$rtexit$$00000002  c_w.l(rtexit2.o)
    0x08000298   0x08000298   0x00000004   Code   RO          829    .ARM.Collect$$rtexit$$00000003  c_w.l(rtexit2.o)
    0x0800029c   0x0800029c   0x00000006   Code   RO          830    .ARM.Collect$$rtexit$$00000004  c_w.l(rtexit2.o)
    0x080002a2   0x080002a2   0x00000002   PAD
    0x080002a4   0x080002a4   0x00000040   Code   RO           18    .text               startup_stm32g474xx.o
    0x080002e4   0x080002e4   0x000000f0   Code   RO          713    .text               c_w.l(lludivv7m.o)
    0x080003d4   0x080003d4   0x0000008a   Code   RO          715    .text               c_w.l(rt_memcpy_v6.o)
    0x0800045e   0x0800045e   0x00000010   Code   RO          717    .text               c_w.l(aeabi_memset4.o)
    0x0800046e   0x0800046e   0x00000044   Code   RO          719    .text               c_w.l(rt_memclr.o)
    0x080004b2   0x080004b2   0x00000006   Code   RO          721    .text               c_w.l(heapauxi.o)
    0x080004b8   0x080004b8   0x00000064   Code   RO          730    .text               c_w.l(rt_memcpy_w.o)
    0x0800051c   0x0800051c   0x0000004e   Code   RO          732    .text               c_w.l(rt_memclr_w.o)
    0x0800056a   0x0800056a   0x0000004a   Code   RO          751    .text               c_w.l(sys_stackheap_outer.o)
    0x080005b4   0x080005b4   0x00000012   Code   RO          753    .text               c_w.l(exit.o)
    0x080005c6   0x080005c6   0x00000002   PAD
    0x080005c8   0x080005c8   0x00000008   Code   RO          765    .text               c_w.l(libspace.o)
    0x080005d0   0x080005d0   0x0000000c   Code   RO          823    .text               c_w.l(sys_exit.o)
    0x080005dc   0x080005dc   0x00000002   Code   RO          846    .text               c_w.l(use_no_semi.o)
    0x080005de   0x080005de   0x00000000   Code   RO          848    .text               c_w.l(indicate_semi.o)
    0x080005de   0x080005de   0x00000002   PAD
    0x080005e0   0x080005e0   0x0000014c   Code   RO          430    .text.B1_Erase_App  bootloader.o
    0x0800072c   0x0800072c   0x000001de   Code   RO          432    .text.B1_Flash_Write  bootloader.o
    0x0800090a   0x0800090a   0x00000002   PAD
    0x0800090c   0x0800090c   0x00000198   Code   RO          426    .text.B1_Flash_erase_Page  bootloader.o
    0x08000aa4   0x08000aa4   0x00000016   Code   RO          434    .text.Bootloader_ClearProgramBuffer  bootloader.o
    0x08000aba   0x08000aba   0x00000002   PAD
    0x08000abc   0x08000abc   0x0000008c   Code   RO          438    .text.Bootloader_FlashProgramBuffer  bootloader.o
    0x08000b48   0x08000b48   0x00000038   Code   RO          436    .text.Bootloader_PrepareAck  bootloader.o
    0x08000b80   0x08000b80   0x00000034   Code   RO          559    .text.Button_PC13_Init  clock_system.o
    0x08000bb4   0x08000bb4   0x00000044   Code   RO          414    .text.CRC_APP_RX_DATA  bootloader.o
    0x08000bf8   0x08000bf8   0x00000010   Code   RO          418    .text.Clear_errorflags  bootloader.o
    0x08000c08   0x08000c08   0x0000008a   Code   RO          512    .text.DMA1_Channel4_IRQHandler  bootloader.o
    0x08000c92   0x08000c92   0x00000002   PAD
    0x08000c94   0x08000c94   0x00000070   Code   RO          508    .text.DMA1_Channel5_IRQHandler  bootloader.o
    0x08000d04   0x08000d04   0x0000001e   Code   RO          420    .text.Flash_Unlock  bootloader.o
    0x08000d22   0x08000d22   0x00000002   PAD
    0x08000d24   0x08000d24   0x0000005a   Code   RO          428    .text.Flash_WaitUntilReady  bootloader.o
    0x08000d7e   0x08000d7e   0x00000002   PAD
    0x08000d80   0x08000d80   0x0000000c   Code   RO          571    .text.GetTick       clock_system.o
    0x08000d8c   0x08000d8c   0x00000010   Code   RO          416    .text.IsFlash_WaitForOperation  bootloader.o
    0x08000d9c   0x08000d9c   0x0000000e   Code   RO          424    .text.IsFlash_lock  bootloader.o
    0x08000daa   0x08000daa   0x00000002   PAD
    0x08000dac   0x08000dac   0x00000022   Code   RO          587    .text.LL_AHB1_GRP1_EnableClock  usart.o
    0x08000dce   0x08000dce   0x00000002   PAD
    0x08000dd0   0x08000dd0   0x00000022   Code   RO          561    .text.LL_AHB2_GRP1_EnableClock  clock_system.o
    0x08000df2   0x08000df2   0x00000002   PAD
    0x08000df4   0x08000df4   0x00000022   Code   RO          635    .text.LL_AHB2_GRP1_EnableClock  usart.o
    0x08000e16   0x08000e16   0x00000002   PAD
    0x08000e18   0x08000e18   0x00000022   Code   RO          671    .text.LL_APB1_GRP2_EnableClock  usart.o
    0x08000e3a   0x08000e3a   0x00000002   PAD
    0x08000e3c   0x08000e3c   0x00000010   Code   RO          454    .text.LL_DMA_ClearFlag_TC4  bootloader.o
    0x08000e4c   0x08000e4c   0x00000010   Code   RO          659    .text.LL_DMA_ClearFlag_TC4  usart.o
    0x08000e5c   0x08000e5c   0x00000010   Code   RO          466    .text.LL_DMA_ClearFlag_TC5  bootloader.o
    0x08000e6c   0x08000e6c   0x00000010   Code   RO          663    .text.LL_DMA_ClearFlag_TC5  usart.o
    0x08000e7c   0x08000e7c   0x00000010   Code   RO          456    .text.LL_DMA_ClearFlag_TE4  bootloader.o
    0x08000e8c   0x08000e8c   0x00000010   Code   RO          661    .text.LL_DMA_ClearFlag_TE4  usart.o
    0x08000e9c   0x08000e9c   0x00000010   Code   RO          468    .text.LL_DMA_ClearFlag_TE5  bootloader.o
    0x08000eac   0x08000eac   0x00000010   Code   RO          665    .text.LL_DMA_ClearFlag_TE5  usart.o
    0x08000ebc   0x08000ebc   0x00000024   Code   RO          386    .text.LL_DMA_DisableChannel  bootloader.o
    0x08000ee0   0x08000ee0   0x00000024   Code   RO          589    .text.LL_DMA_DisableChannel  usart.o
    0x08000f04   0x08000f04   0x00000024   Code   RO          408    .text.LL_DMA_EnableChannel  bootloader.o
    0x08000f28   0x08000f28   0x00000024   Code   RO          609    .text.LL_DMA_EnableIT_TC  usart.o
    0x08000f4c   0x08000f4c   0x00000024   Code   RO          611    .text.LL_DMA_EnableIT_TE  usart.o
    0x08000f70   0x08000f70   0x00000022   Code   RO          488    .text.LL_DMA_GetDataLength  bootloader.o
    0x08000f92   0x08000f92   0x00000002   PAD
    0x08000f94   0x08000f94   0x00000010   Code   RO          480    .text.LL_DMA_IsActiveFlag_TC4  bootloader.o
    0x08000fa4   0x08000fa4   0x00000010   Code   RO          478    .text.LL_DMA_IsActiveFlag_TC5  bootloader.o
    0x08000fb4   0x08000fb4   0x00000010   Code   RO          514    .text.LL_DMA_IsActiveFlag_TE4  bootloader.o
    0x08000fc4   0x08000fc4   0x00000010   Code   RO          510    .text.LL_DMA_IsActiveFlag_TE5  bootloader.o
    0x08000fd4   0x08000fd4   0x00000022   Code   RO          446    .text.LL_DMA_IsEnabledChannel  bootloader.o
    0x08000ff6   0x08000ff6   0x00000002   PAD
    0x08000ff8   0x08000ff8   0x00000022   Code   RO          591    .text.LL_DMA_IsEnabledChannel  usart.o
    0x0800101a   0x0800101a   0x00000002   PAD
    0x0800101c   0x0800101c   0x00000030   Code   RO          597    .text.LL_DMA_SetChannelPriorityLevel  usart.o
    0x0800104c   0x0800104c   0x00000036   Code   RO          404    .text.LL_DMA_SetDataLength  bootloader.o
    0x08001082   0x08001082   0x00000002   PAD
    0x08001084   0x08001084   0x00000032   Code   RO          595    .text.LL_DMA_SetDataTransferDirection  usart.o
    0x080010b6   0x080010b6   0x00000002   PAD
    0x080010b8   0x080010b8   0x00000024   Code   RO          448    .text.LL_DMA_SetMemoryAddress  bootloader.o
    0x080010dc   0x080010dc   0x00000030   Code   RO          603    .text.LL_DMA_SetMemoryIncMode  usart.o
    0x0800110c   0x0800110c   0x00000030   Code   RO          607    .text.LL_DMA_SetMemorySize  usart.o
    0x0800113c   0x0800113c   0x00000030   Code   RO          599    .text.LL_DMA_SetMode  usart.o
    0x0800116c   0x0800116c   0x00000024   Code   RO          450    .text.LL_DMA_SetPeriphAddress  bootloader.o
    0x08001190   0x08001190   0x00000030   Code   RO          601    .text.LL_DMA_SetPeriphIncMode  usart.o
    0x080011c0   0x080011c0   0x00000048   Code   RO          593    .text.LL_DMA_SetPeriphRequest  usart.o
    0x08001208   0x08001208   0x00000030   Code   RO          605    .text.LL_DMA_SetPeriphSize  usart.o
    0x08001238   0x08001238   0x00000012   Code   RO          549    .text.LL_FLASH_EnableDataCache  clock_system.o
    0x0800124a   0x0800124a   0x00000002   PAD
    0x0800124c   0x0800124c   0x00000012   Code   RO          547    .text.LL_FLASH_EnableInstCache  clock_system.o
    0x0800125e   0x0800125e   0x00000002   PAD
    0x08001260   0x08001260   0x00000012   Code   RO          545    .text.LL_FLASH_EnablePrefetch  clock_system.o
    0x08001272   0x08001272   0x00000002   PAD
    0x08001274   0x08001274   0x00000010   Code   RO          319    .text.LL_FLASH_GetLatency  stm32g4xx_ll_utils.o
    0x08001284   0x08001284   0x0000001c   Code   RO          317    .text.LL_FLASH_SetLatency  stm32g4xx_ll_utils.o
    0x080012a0   0x080012a0   0x000000dc   Code   RO           88    .text.LL_GPIO_Init  stm32g4xx_ll_gpio.o
    0x0800137c   0x0800137c   0x0000001a   Code   RO          701    .text.LL_GPIO_IsInputPinSet  main.o
    0x08001396   0x08001396   0x00000002   PAD
    0x08001398   0x08001398   0x0000007c   Code   RO           96    .text.LL_GPIO_SetAFPin_0_7  stm32g4xx_ll_gpio.o
    0x08001414   0x08001414   0x00000080   Code   RO           98    .text.LL_GPIO_SetAFPin_8_15  stm32g4xx_ll_gpio.o
    0x08001494   0x08001494   0x0000007c   Code   RO          100    .text.LL_GPIO_SetPinMode  stm32g4xx_ll_gpio.o
    0x08001510   0x08001510   0x0000001e   Code   RO           92    .text.LL_GPIO_SetPinOutputType  stm32g4xx_ll_gpio.o
    0x0800152e   0x0800152e   0x00000002   PAD
    0x08001530   0x08001530   0x0000007c   Code   RO           94    .text.LL_GPIO_SetPinPull  stm32g4xx_ll_gpio.o
    0x080015ac   0x080015ac   0x0000007c   Code   RO           90    .text.LL_GPIO_SetPinSpeed  stm32g4xx_ll_gpio.o
    0x08001628   0x08001628   0x00000014   Code   RO          303    .text.LL_Init1msTick  stm32g4xx_ll_utils.o
    0x0800163c   0x0800163c   0x00000036   Code   RO          305    .text.LL_InitTick   stm32g4xx_ll_utils.o
    0x08001672   0x08001672   0x00000002   PAD
    0x08001674   0x08001674   0x00000036   Code   RO          567    .text.LL_InitTick   clock_system.o
    0x080016aa   0x080016aa   0x00000002   PAD
    0x080016ac   0x080016ac   0x0000000e   Code   RO          502    .text.LL_LPUART_ClearFlag_FE  bootloader.o
    0x080016ba   0x080016ba   0x00000002   PAD
    0x080016bc   0x080016bc   0x0000000e   Code   RO          470    .text.LL_LPUART_ClearFlag_IDLE  bootloader.o
    0x080016ca   0x080016ca   0x00000002   PAD
    0x080016cc   0x080016cc   0x0000000e   Code   RO          504    .text.LL_LPUART_ClearFlag_NE  bootloader.o
    0x080016da   0x080016da   0x00000002   PAD
    0x080016dc   0x080016dc   0x0000000e   Code   RO          500    .text.LL_LPUART_ClearFlag_ORE  bootloader.o
    0x080016ea   0x080016ea   0x00000002   PAD
    0x080016ec   0x080016ec   0x0000000e   Code   RO          506    .text.LL_LPUART_ClearFlag_PE  bootloader.o
    0x080016fa   0x080016fa   0x00000002   PAD
    0x080016fc   0x080016fc   0x0000000e   Code   RO          458    .text.LL_LPUART_ClearFlag_TC  bootloader.o
    0x0800170a   0x0800170a   0x00000002   PAD
    0x0800170c   0x0800170c   0x00000022   Code   RO          452    .text.LL_LPUART_DMA_GetRegAddr  bootloader.o
    0x0800172e   0x0800172e   0x00000002   PAD
    0x08001730   0x08001730   0x0000002a   Code   RO          464    .text.LL_LPUART_DisableDMAReq_RX  bootloader.o
    0x0800175a   0x0800175a   0x00000002   PAD
    0x0800175c   0x0800175c   0x0000002a   Code   RO          444    .text.LL_LPUART_DisableDMAReq_TX  bootloader.o
    0x08001786   0x08001786   0x00000002   PAD
    0x08001788   0x08001788   0x00000012   Code   RO          677    .text.LL_LPUART_DisableFIFO  usart.o
    0x0800179a   0x0800179a   0x00000002   PAD
    0x0800179c   0x0800179c   0x00000012   Code   RO          679    .text.LL_LPUART_DisableOverrunDetect  usart.o
    0x080017ae   0x080017ae   0x00000002   PAD
    0x080017b0   0x080017b0   0x00000012   Code   RO          685    .text.LL_LPUART_Enable  usart.o
    0x080017c2   0x080017c2   0x00000002   PAD
    0x080017c4   0x080017c4   0x0000002a   Code   RO          474    .text.LL_LPUART_EnableDMAReq_RX  bootloader.o
    0x080017ee   0x080017ee   0x00000002   PAD
    0x080017f0   0x080017f0   0x0000002a   Code   RO          460    .text.LL_LPUART_EnableDMAReq_TX  bootloader.o
    0x0800181a   0x0800181a   0x00000002   PAD
    0x0800181c   0x0800181c   0x0000002a   Code   RO          683    .text.LL_LPUART_EnableIT_ERROR  usart.o
    0x08001846   0x08001846   0x00000002   PAD
    0x08001848   0x08001848   0x0000002a   Code   RO          472    .text.LL_LPUART_EnableIT_IDLE  bootloader.o
    0x08001872   0x08001872   0x00000002   PAD
    0x08001874   0x08001874   0x0000002a   Code   RO          681    .text.LL_LPUART_EnableIT_IDLE  usart.o
    0x0800189e   0x0800189e   0x00000002   PAD
    0x080018a0   0x080018a0   0x0000008e   Code   RO          117    .text.LL_LPUART_Init  stm32g4xx_ll_lpuart.o
    0x0800192e   0x0800192e   0x00000002   PAD
    0x08001930   0x08001930   0x00000010   Code   RO          494    .text.LL_LPUART_IsActiveFlag_FE  bootloader.o
    0x08001940   0x08001940   0x00000010   Code   RO          484    .text.LL_LPUART_IsActiveFlag_IDLE  bootloader.o
    0x08001950   0x08001950   0x00000010   Code   RO          496    .text.LL_LPUART_IsActiveFlag_NE  bootloader.o
    0x08001960   0x08001960   0x00000010   Code   RO          492    .text.LL_LPUART_IsActiveFlag_ORE  bootloader.o
    0x08001970   0x08001970   0x00000010   Code   RO          498    .text.LL_LPUART_IsActiveFlag_PE  bootloader.o
    0x08001980   0x08001980   0x00000010   Code   RO          689    .text.LL_LPUART_IsActiveFlag_REACK  usart.o
    0x08001990   0x08001990   0x00000010   Code   RO          687    .text.LL_LPUART_IsActiveFlag_TEACK  usart.o
    0x080019a0   0x080019a0   0x00000010   Code   RO          119    .text.LL_LPUART_IsEnabled  stm32g4xx_ll_lpuart.o
    0x080019b0   0x080019b0   0x00000010   Code   RO          490    .text.LL_LPUART_IsEnabledIT_ERROR  bootloader.o
    0x080019c0   0x080019c0   0x00000010   Code   RO          486    .text.LL_LPUART_IsEnabledIT_IDLE  bootloader.o
    0x080019d0   0x080019d0   0x00000054   Code   RO          125    .text.LL_LPUART_SetBaudRate  stm32g4xx_ll_lpuart.o
    0x08001a24   0x08001a24   0x0000001a   Code   RO          123    .text.LL_LPUART_SetHWFlowCtrl  stm32g4xx_ll_lpuart.o
    0x08001a3e   0x08001a3e   0x00000002   PAD
    0x08001a40   0x08001a40   0x0000001c   Code   RO          127    .text.LL_LPUART_SetPrescaler  stm32g4xx_ll_lpuart.o
    0x08001a5c   0x08001a5c   0x00000032   Code   RO          675    .text.LL_LPUART_SetRXFIFOThreshold  usart.o
    0x08001a8e   0x08001a8e   0x00000002   PAD
    0x08001a90   0x08001a90   0x0000001a   Code   RO          121    .text.LL_LPUART_SetStopBitsLength  stm32g4xx_ll_lpuart.o
    0x08001aaa   0x08001aaa   0x00000002   PAD
    0x08001aac   0x08001aac   0x00000032   Code   RO          673    .text.LL_LPUART_SetTXFIFOThreshold  usart.o
    0x08001ade   0x08001ade   0x00000002   PAD
    0x08001ae0   0x08001ae0   0x000000de   Code   RO          337    .text.LL_PLL_ConfigSystemClock_HSE  stm32g4xx_ll_utils.o
    0x08001bbe   0x08001bbe   0x00000002   PAD
    0x08001bc0   0x08001bc0   0x00000010   Code   RO          313    .text.LL_PWR_GetRegulVoltageScaling  stm32g4xx_ll_utils.o
    0x08001bd0   0x08001bd0   0x0000001e   Code   RO          315    .text.LL_PWR_IsEnabledRange1BoostMode  stm32g4xx_ll_utils.o
    0x08001bee   0x08001bee   0x00000002   PAD
    0x08001bf0   0x08001bf0   0x00000010   Code   RO          250    .text.LL_RCC_GetAHBPrescaler  stm32g4xx_ll_rcc.o
    0x08001c00   0x08001c00   0x00000010   Code   RO          252    .text.LL_RCC_GetAPB1Prescaler  stm32g4xx_ll_rcc.o
    0x08001c10   0x08001c10   0x0000007e   Code   RO          190    .text.LL_RCC_GetLPUARTClockFreq  stm32g4xx_ll_rcc.o
    0x08001c8e   0x08001c8e   0x00000002   PAD
    0x08001c90   0x08001c90   0x00000016   Code   RO          192    .text.LL_RCC_GetLPUARTClockSource  stm32g4xx_ll_rcc.o
    0x08001ca6   0x08001ca6   0x00000002   PAD
    0x08001ca8   0x08001ca8   0x00000010   Code   RO          160    .text.LL_RCC_GetSysClkSource  stm32g4xx_ll_rcc.o
    0x08001cb8   0x08001cb8   0x00000010   Code   RO          355    .text.LL_RCC_GetSysClkSource  stm32g4xx_ll_utils.o
    0x08001cc8   0x08001cc8   0x00000012   Code   RO          343    .text.LL_RCC_HSE_DisableBypass  stm32g4xx_ll_utils.o
    0x08001cda   0x08001cda   0x00000002   PAD
    0x08001cdc   0x08001cdc   0x00000012   Code   RO          345    .text.LL_RCC_HSE_Enable  stm32g4xx_ll_utils.o
    0x08001cee   0x08001cee   0x00000002   PAD
    0x08001cf0   0x08001cf0   0x00000012   Code   RO          555    .text.LL_RCC_HSE_Enable  clock_system.o
    0x08001d02   0x08001d02   0x00000002   PAD
    0x08001d04   0x08001d04   0x00000012   Code   RO          341    .text.LL_RCC_HSE_EnableBypass  stm32g4xx_ll_utils.o
    0x08001d16   0x08001d16   0x00000002   PAD
    0x08001d18   0x08001d18   0x00000010   Code   RO          339    .text.LL_RCC_HSE_IsReady  stm32g4xx_ll_utils.o
    0x08001d28   0x08001d28   0x00000010   Code   RO          557    .text.LL_RCC_HSE_IsReady  clock_system.o
    0x08001d38   0x08001d38   0x00000012   Code   RO          551    .text.LL_RCC_HSI_Enable  clock_system.o
    0x08001d4a   0x08001d4a   0x00000002   PAD
    0x08001d4c   0x08001d4c   0x00000010   Code   RO          156    .text.LL_RCC_HSI_IsReady  stm32g4xx_ll_rcc.o
    0x08001d5c   0x08001d5c   0x00000010   Code   RO          553    .text.LL_RCC_HSI_IsReady  clock_system.o
    0x08001d6c   0x08001d6c   0x00000010   Code   RO          180    .text.LL_RCC_LSE_IsReady  stm32g4xx_ll_rcc.o
    0x08001d7c   0x08001d7c   0x00000036   Code   RO          331    .text.LL_RCC_PLL_ConfigDomain_SYS  stm32g4xx_ll_utils.o
    0x08001db2   0x08001db2   0x00000002   PAD
    0x08001db4   0x08001db4   0x00000012   Code   RO          349    .text.LL_RCC_PLL_Enable  stm32g4xx_ll_utils.o
    0x08001dc6   0x08001dc6   0x00000002   PAD
    0x08001dc8   0x08001dc8   0x00000012   Code   RO          351    .text.LL_RCC_PLL_EnableDomain_SYS  stm32g4xx_ll_utils.o
    0x08001dda   0x08001dda   0x00000002   PAD
    0x08001ddc   0x08001ddc   0x00000010   Code   RO          246    .text.LL_RCC_PLL_GetDivider  stm32g4xx_ll_rcc.o
    0x08001dec   0x08001dec   0x00000010   Code   RO          242    .text.LL_RCC_PLL_GetMainSource  stm32g4xx_ll_rcc.o
    0x08001dfc   0x08001dfc   0x00000010   Code   RO          244    .text.LL_RCC_PLL_GetN  stm32g4xx_ll_rcc.o
    0x08001e0c   0x08001e0c   0x00000010   Code   RO          248    .text.LL_RCC_PLL_GetR  stm32g4xx_ll_rcc.o
    0x08001e1c   0x08001e1c   0x00000010   Code   RO          347    .text.LL_RCC_PLL_IsReady  stm32g4xx_ll_utils.o
    0x08001e2c   0x08001e2c   0x0000001c   Code   RO          335    .text.LL_RCC_SetAHBPrescaler  stm32g4xx_ll_utils.o
    0x08001e48   0x08001e48   0x0000001c   Code   RO          357    .text.LL_RCC_SetAPB1Prescaler  stm32g4xx_ll_utils.o
    0x08001e64   0x08001e64   0x0000001c   Code   RO          359    .text.LL_RCC_SetAPB2Prescaler  stm32g4xx_ll_utils.o
    0x08001e80   0x08001e80   0x0000001c   Code   RO          669    .text.LL_RCC_SetLPUARTClockSource  usart.o
    0x08001e9c   0x08001e9c   0x0000001c   Code   RO          353    .text.LL_RCC_SetSysClkSource  stm32g4xx_ll_utils.o
    0x08001eb8   0x08001eb8   0x000001c0   Code   RO          311    .text.LL_SetFlashLatency  stm32g4xx_ll_utils.o
    0x08002078   0x08002078   0x00000014   Code   RO          309    .text.LL_SetSystemCoreClock  stm32g4xx_ll_utils.o
    0x0800208c   0x0800208c   0x00000172   Code   RO          657    .text.LPUART1_DMA_Init  usart.o
    0x080021fe   0x080021fe   0x00000002   PAD
    0x08002200   0x08002200   0x00000132   Code   RO          482    .text.LPUART1_IRQHandler  bootloader.o
    0x08002332   0x08002332   0x00000002   PAD
    0x08002334   0x08002334   0x00000132   Code   RO          667    .text.LPUART1_UART_Init  usart.o
    0x08002466   0x08002466   0x00000002   PAD
    0x08002468   0x08002468   0x0000006c   Code   RO          623    .text.NVIC_EncodePriority  usart.o
    0x080024d4   0x080024d4   0x00000184   Code   RO          440    .text.PocessCommand_G4  bootloader.o
    0x08002658   0x08002658   0x0000002a   Code   RO          170    .text.RCC_GetHCLKClockFreq  stm32g4xx_ll_rcc.o
    0x08002682   0x08002682   0x00000002   PAD
    0x08002684   0x08002684   0x00000028   Code   RO          172    .text.RCC_GetPCLK1ClockFreq  stm32g4xx_ll_rcc.o
    0x080026ac   0x080026ac   0x00000054   Code   RO          168    .text.RCC_GetSystemClockFreq  stm32g4xx_ll_rcc.o
    0x08002700   0x08002700   0x0000007c   Code   RO          240    .text.RCC_PLL_GetFreqDomain_SYS  stm32g4xx_ll_rcc.o
    0x0800277c   0x0800277c   0x000000a0   Code   RO          462    .text.Receive_Data_LPUART1_DMA  bootloader.o
    0x0800281c   0x0800281c   0x000000a0   Code   RO          442    .text.Send_Data_LPUART1_DMA  bootloader.o
    0x080028bc   0x080028bc   0x00000010   Code   RO          573    .text.SysTick_Handler  clock_system.o
    0x080028cc   0x080028cc   0x00000072   Code   RO          543    .text.SystemClock_Init  clock_system.o
    0x0800293e   0x0800293e   0x00000002   PAD
    0x08002940   0x08002940   0x00000012   Code   RO            2    .text.SystemInit    system_stm32g4xx.o
    0x08002952   0x08002952   0x00000002   PAD
    0x08002954   0x08002954   0x00000044   Code   RO          565    .text.SystemTickConfig  clock_system.o
    0x08002998   0x08002998   0x00000278   Code   RO          476    .text.UART_ProcessState_G4  bootloader.o
    0x08002c10   0x08002c10   0x000000c8   Code   RO          333    .text.UTILS_EnablePLLAndSwitchSystem  stm32g4xx_ll_utils.o
    0x08002cd8   0x08002cd8   0x0000003e   Code   RO          325    .text.UTILS_GetPLLOutputFrequency  stm32g4xx_ll_utils.o
    0x08002d16   0x08002d16   0x00000002   PAD
    0x08002d18   0x08002d18   0x00000022   Code   RO          323    .text.UTILS_PLL_IsBusy  stm32g4xx_ll_utils.o
    0x08002d3a   0x08002d3a   0x00000002   PAD
    0x08002d3c   0x08002d3c   0x00000030   Code   RO          627    .text.__NVIC_EnableIRQ  usart.o
    0x08002d6c   0x08002d6c   0x00000010   Code   RO          625    .text.__NVIC_GetPriorityGrouping  usart.o
    0x08002d7c   0x08002d7c   0x00000042   Code   RO          569    .text.__NVIC_SetPriority  clock_system.o
    0x08002dbe   0x08002dbe   0x00000002   PAD
    0x08002dc0   0x08002dc0   0x00000042   Code   RO          621    .text.__NVIC_SetPriority  usart.o
    0x08002e02   0x08002e02   0x00000002   PAD
    0x08002e04   0x08002e04   0x0000003a   Code   RO          368    .text.bootJumpToApp1  bootloader.o
    0x08002e3e   0x08002e3e   0x00000002   PAD
    0x08002e40   0x08002e40   0x0000006a   Code   RO          699    .text.main          main.o
    0x08002eaa   0x08002eaa   0x00000002   PAD
    0x08002eac   0x08002eac   0x0000008e   Code   RO          412    .text.software_crc32  bootloader.o
    0x08002f3a   0x08002f3a   0x0000001a   Code   RO          840    x$fpl$fpinit        fz_wm.l(fpinit.o)
    0x08002f54   0x08002f54   0x00000010   Data   RO            7    .rodata.AHBPrescTable  system_stm32g4xx.o
    0x08002f64   0x08002f64   0x00000008   Data   RO            8    .rodata.APBPrescTable  system_stm32g4xx.o
    0x08002f6c   0x08002f6c   0x00000008   Data   RO          535    .rodata.CHANNEL_OFFSET_TAB  bootloader.o
    0x08002f74   0x08002f74   0x00000008   Data   RO          691    .rodata.CHANNEL_OFFSET_TAB  usart.o
    0x08002f7c   0x08002f7c   0x00000018   Data   RO          131    .rodata.LPUART_PRESCALER_TAB  stm32g4xx_ll_lpuart.o
    0x08002f94   0x08002f94   0x00000020   Data   RO          901    Region$$Table       anon$$obj.o


    Execution Region RW_IRAM1 (Exec base: 0x20000000, Load base: 0x08002fb8, Size: 0x00001ea0, Max: 0x00020000, ABSOLUTE)

    Exec Addr    Load Addr    Size         Type   Attr      Idx    E Section Name        Object

    0x20000000   0x08002fb8   0x00000004   Data   RW          519    .data.Received_CRC  bootloader.o
    0x20000004   0x08002fbc   0x00000004   Data   RW            6    .data.SystemCoreClock  system_stm32g4xx.o
    0x20000008   0x08002fc0   0x00000002   Data   RW          521    .data.g_flashErasePage  bootloader.o
    0x2000000a   0x08002fc2   0x00000006   PAD
    0x20000010        -       0x00000060   Zero   RW          766    .bss                c_w.l(libspace.o)
    0x20000070        -       0x00000004   Zero   RW          517    .bss.My_CRC         bootloader.o
    0x20000074        -       0x00000004   Zero   RW          518    .bss.My_CRC_SW      bootloader.o
    0x20000078        -       0x00000004   Zero   RW          703    .bss.Part_Time      main.o
    0x2000007c        -       0x00000400   Zero   RW          520    .bss.RX_USART_Data  bootloader.o
    0x2000047c        -       0x00000400   Zero   RW          532    .bss.TX_USART_Data  bootloader.o
    0x2000087c        -       0x00000001   Zero   RW          533    .bss.Version_Program  bootloader.o
    0x2000087d   0x08002fc2   0x00000003   PAD
    0x20000880        -       0x00000020   Zero   RW          524    .bss._32byteBufferFlash  bootloader.o
    0x200008a0        -       0x00000004   Zero   RW          516    .bss.bootJumpToApp1.vJumpToApp  bootloader.o
    0x200008a4        -       0x00000002   Zero   RW          527    .bss.current_program  bootloader.o
    0x200008a6        -       0x00000001   Zero   RW          531    .bss.g4_currentState  bootloader.o
    0x200008a7   0x08002fc2   0x00000001   PAD
    0x200008a8        -       0x00000002   Zero   RW          529    .bss.g4_rxIndex     bootloader.o
    0x200008aa        -       0x00000002   Zero   RW          530    .bss.g4_txIndex     bootloader.o
    0x200008ac        -       0x00000004   Zero   RW          522    .bss.g_flashLastStatus  bootloader.o
    0x200008b0        -       0x00000001   Zero   RW          523    .bss.g_flashWaitTimedOut  bootloader.o
    0x200008b1   0x08002fc2   0x00000003   PAD
    0x200008b4        -       0x00000004   Zero   RW          528    .bss.timeoutStart   bootloader.o
    0x200008b8        -       0x00000fe0   Zero   RW          525    .bss.u32BufferProgram  bootloader.o
    0x20001898        -       0x00000004   Zero   RW          526    .bss.u32offset_FlashAddress  bootloader.o
    0x2000189c        -       0x00000004   Zero   RW          577    .bss.uwTick         clock_system.o
    0x200018a0        -       0x00000200   Zero   RW           16    HEAP                startup_stm32g474xx.o
    0x20001aa0        -       0x00000400   Zero   RW           15    STACK               startup_stm32g474xx.o


==============================================================================

Image component sizes


      Code (inc. data)   RO Data    RW Data    ZI Data      Debug   Object Name

      4600         12          8          6       6177      17924   bootloader.o
       538          0          0          0          4       8354   clock_system.o
       132          0          0          0          4       1377   main.o
        64         26        472          0       1536        972   startup_stm32g474xx.o
       874          0          0          0          0       5163   stm32g4xx_ll_gpio.o
       322          0         24          0          0       4142   stm32g4xx_ll_lpuart.o
       582          0          0          0          0      11070   stm32g4xx_ll_rcc.o
      1454          0          0          0          0       8226   stm32g4xx_ll_utils.o
        18          0         24          4          0       2807   system_stm32g4xx.o
      1930          0          8          0          0      14547   usart.o

    ----------------------------------------------------------------------
     10650         38        568         12       7732      74582   Object Totals
         0          0         32          0          0          0   (incl. Generated)
       136          0          0          2         11          0   (incl. Padding)

    ----------------------------------------------------------------------

      Code (inc. data)   RO Data    RW Data    ZI Data      Debug   Library Member Name

         8          0          0          0          0         68   __main.o
         0          0          0          0          0          0   __rtentry.o
        12          0          0          0          0          0   __rtentry2.o
         6          0          0          0          0          0   __rtentry4.o
        94          8          0          0          0          0   __scatter.o
        26          0          0          0          0          0   __scatter_copy.o
        28          0          0          0          0          0   __scatter_zi.o
        16          0          0          0          0         68   aeabi_memset4.o
        18          0          0          0          0         80   exit.o
         6          0          0          0          0        152   heapauxi.o
         0          0          0          0          0          0   indicate_semi.o
         2          0          0          0          0          0   libinit.o
         6          0          0          0          0          0   libinit2.o
         2          0          0          0          0          0   libshutdown.o
         2          0          0          0          0          0   libshutdown2.o
         8          4          0          0         96         68   libspace.o
       240          0          0          0          0        100   lludivv7m.o
        68          0          0          0          0         68   rt_memclr.o
        78          0          0          0          0         80   rt_memclr_w.o
       138          0          0          0          0         68   rt_memcpy_v6.o
       100          0          0          0          0         80   rt_memcpy_w.o
         2          0          0          0          0          0   rtexit.o
        10          0          0          0          0          0   rtexit2.o
        12          4          0          0          0         68   sys_exit.o
        74          0          0          0          0         80   sys_stackheap_outer.o
         2          0          0          0          0         68   use_no_semi.o
        26          0          0          0          0        116   fpinit.o

    ----------------------------------------------------------------------
       994         16          0          0         96       1164   Library Totals
        10          0          0          0          0          0   (incl. Padding)

    ----------------------------------------------------------------------

      Code (inc. data)   RO Data    RW Data    ZI Data      Debug   Library Name

       958         16          0          0         96       1048   c_w.l
        26          0          0          0          0        116   fz_wm.l

    ----------------------------------------------------------------------
       994         16          0          0         96       1164   Library Totals

    ----------------------------------------------------------------------

==============================================================================


      Code (inc. data)   RO Data    RW Data    ZI Data      Debug   

     11644         54        568         12       7828      75186   Grand Totals
     11644         54        568         12       7828      75186   ELF Image Totals
     11644         54        568         12          0          0   ROM Totals

==============================================================================

    Total RO  Size (Code + RO Data)                12212 (  11.93kB)
    Total RW  Size (RW Data + ZI Data)              7840 (   7.66kB)
    Total ROM Size (Code + RO Data + RW Data)      12224 (  11.94kB)

==============================================================================

