Component: Arm Compiler for Embedded 6.24 Tool: armlink [5f371500]

==============================================================================

Section Cross References

    system_stm32g4xx.o(.ARM.exidx.text.SystemInit) refers to system_stm32g4xx.o(.text.SystemInit) for [Anonymous Symbol]
    system_stm32g4xx.o(.text.SystemCoreClockUpdate) refers to system_stm32g4xx.o(.data.SystemCoreClock) for SystemCoreClock
    system_stm32g4xx.o(.text.SystemCoreClockUpdate) refers to system_stm32g4xx.o(.rodata.AHBPrescTable) for AHBPrescTable
    system_stm32g4xx.o(.ARM.exidx.text.SystemCoreClockUpdate) refers to system_stm32g4xx.o(.text.SystemCoreClockUpdate) for [Anonymous Symbol]
    startup_stm32g474xx.o(STACK) refers (Special) to heapauxi.o(.text) for __use_two_region_memory
    startup_stm32g474xx.o(HEAP) refers (Special) to heapauxi.o(.text) for __use_two_region_memory
    startup_stm32g474xx.o(RESET) refers (Special) to heapauxi.o(.text) for __use_two_region_memory
    startup_stm32g474xx.o(RESET) refers to startup_stm32g474xx.o(STACK) for __initial_sp
    startup_stm32g474xx.o(RESET) refers to startup_stm32g474xx.o(.text) for Reset_Handler
    startup_stm32g474xx.o(RESET) refers to clock_system.o(.text.SysTick_Handler) for SysTick_Handler
    startup_stm32g474xx.o(.text) refers (Special) to heapauxi.o(.text) for __use_two_region_memory
    startup_stm32g474xx.o(.text) refers to system_stm32g4xx.o(.text.SystemInit) for SystemInit
    startup_stm32g474xx.o(.text) refers to __main.o(!!!main) for __main
    startup_stm32g474xx.o(.text) refers to startup_stm32g474xx.o(HEAP) for Heap_Mem
    startup_stm32g474xx.o(.text) refers to startup_stm32g474xx.o(STACK) for Stack_Mem
    stm32g4xx_ll_gpio.o(.text.LL_GPIO_DeInit) refers to stm32g4xx_ll_gpio.o(.text.LL_AHB2_GRP1_ForceReset) for LL_AHB2_GRP1_ForceReset
    stm32g4xx_ll_gpio.o(.text.LL_GPIO_DeInit) refers to stm32g4xx_ll_gpio.o(.text.LL_AHB2_GRP1_ReleaseReset) for LL_AHB2_GRP1_ReleaseReset
    stm32g4xx_ll_gpio.o(.ARM.exidx.text.LL_GPIO_DeInit) refers to stm32g4xx_ll_gpio.o(.text.LL_GPIO_DeInit) for [Anonymous Symbol]
    stm32g4xx_ll_gpio.o(.ARM.exidx.text.LL_AHB2_GRP1_ForceReset) refers to stm32g4xx_ll_gpio.o(.text.LL_AHB2_GRP1_ForceReset) for [Anonymous Symbol]
    stm32g4xx_ll_gpio.o(.ARM.exidx.text.LL_AHB2_GRP1_ReleaseReset) refers to stm32g4xx_ll_gpio.o(.text.LL_AHB2_GRP1_ReleaseReset) for [Anonymous Symbol]
    stm32g4xx_ll_gpio.o(.text.LL_GPIO_Init) refers to stm32g4xx_ll_gpio.o(.text.LL_GPIO_SetPinSpeed) for LL_GPIO_SetPinSpeed
    stm32g4xx_ll_gpio.o(.text.LL_GPIO_Init) refers to stm32g4xx_ll_gpio.o(.text.LL_GPIO_SetPinOutputType) for LL_GPIO_SetPinOutputType
    stm32g4xx_ll_gpio.o(.text.LL_GPIO_Init) refers to stm32g4xx_ll_gpio.o(.text.LL_GPIO_SetPinPull) for LL_GPIO_SetPinPull
    stm32g4xx_ll_gpio.o(.text.LL_GPIO_Init) refers to stm32g4xx_ll_gpio.o(.text.LL_GPIO_SetAFPin_0_7) for LL_GPIO_SetAFPin_0_7
    stm32g4xx_ll_gpio.o(.text.LL_GPIO_Init) refers to stm32g4xx_ll_gpio.o(.text.LL_GPIO_SetAFPin_8_15) for LL_GPIO_SetAFPin_8_15
    stm32g4xx_ll_gpio.o(.text.LL_GPIO_Init) refers to stm32g4xx_ll_gpio.o(.text.LL_GPIO_SetPinMode) for LL_GPIO_SetPinMode
    stm32g4xx_ll_gpio.o(.ARM.exidx.text.LL_GPIO_Init) refers to stm32g4xx_ll_gpio.o(.text.LL_GPIO_Init) for [Anonymous Symbol]
    stm32g4xx_ll_gpio.o(.ARM.exidx.text.LL_GPIO_SetPinSpeed) refers to stm32g4xx_ll_gpio.o(.text.LL_GPIO_SetPinSpeed) for [Anonymous Symbol]
    stm32g4xx_ll_gpio.o(.ARM.exidx.text.LL_GPIO_SetPinOutputType) refers to stm32g4xx_ll_gpio.o(.text.LL_GPIO_SetPinOutputType) for [Anonymous Symbol]
    stm32g4xx_ll_gpio.o(.ARM.exidx.text.LL_GPIO_SetPinPull) refers to stm32g4xx_ll_gpio.o(.text.LL_GPIO_SetPinPull) for [Anonymous Symbol]
    stm32g4xx_ll_gpio.o(.ARM.exidx.text.LL_GPIO_SetAFPin_0_7) refers to stm32g4xx_ll_gpio.o(.text.LL_GPIO_SetAFPin_0_7) for [Anonymous Symbol]
    stm32g4xx_ll_gpio.o(.ARM.exidx.text.LL_GPIO_SetAFPin_8_15) refers to stm32g4xx_ll_gpio.o(.text.LL_GPIO_SetAFPin_8_15) for [Anonymous Symbol]
    stm32g4xx_ll_gpio.o(.ARM.exidx.text.LL_GPIO_SetPinMode) refers to stm32g4xx_ll_gpio.o(.text.LL_GPIO_SetPinMode) for [Anonymous Symbol]
    stm32g4xx_ll_gpio.o(.ARM.exidx.text.LL_GPIO_StructInit) refers to stm32g4xx_ll_gpio.o(.text.LL_GPIO_StructInit) for [Anonymous Symbol]
    stm32g4xx_ll_pwr.o(.text.LL_PWR_DeInit) refers to stm32g4xx_ll_pwr.o(.text.LL_APB1_GRP1_ForceReset) for LL_APB1_GRP1_ForceReset
    stm32g4xx_ll_pwr.o(.text.LL_PWR_DeInit) refers to stm32g4xx_ll_pwr.o(.text.LL_APB1_GRP1_ReleaseReset) for LL_APB1_GRP1_ReleaseReset
    stm32g4xx_ll_pwr.o(.ARM.exidx.text.LL_PWR_DeInit) refers to stm32g4xx_ll_pwr.o(.text.LL_PWR_DeInit) for [Anonymous Symbol]
    stm32g4xx_ll_pwr.o(.ARM.exidx.text.LL_APB1_GRP1_ForceReset) refers to stm32g4xx_ll_pwr.o(.text.LL_APB1_GRP1_ForceReset) for [Anonymous Symbol]
    stm32g4xx_ll_pwr.o(.ARM.exidx.text.LL_APB1_GRP1_ReleaseReset) refers to stm32g4xx_ll_pwr.o(.text.LL_APB1_GRP1_ReleaseReset) for [Anonymous Symbol]
[...]
    stm32g4xx_ll_utils.o(.ARM.exidx.text.LL_RCC_HSI_Enable) refers to stm32g4xx_ll_utils.o(.text.LL_RCC_HSI_Enable) for [Anonymous Symbol]
    stm32g4xx_ll_utils.o(.ARM.exidx.text.LL_RCC_PLL_ConfigDomain_SYS) refers to stm32g4xx_ll_utils.o(.text.LL_RCC_PLL_ConfigDomain_SYS) for [Anonymous Symbol]
    stm32g4xx_ll_utils.o(.text.UTILS_EnablePLLAndSwitchSystem) refers to system_stm32g4xx.o(.rodata.AHBPrescTable) for AHBPrescTable
    stm32g4xx_ll_utils.o(.text.UTILS_EnablePLLAndSwitchSystem) refers to system_stm32g4xx.o(.data.SystemCoreClock) for SystemCoreClock
    stm32g4xx_ll_utils.o(.text.UTILS_EnablePLLAndSwitchSystem) refers to stm32g4xx_ll_utils.o(.text.LL_SetFlashLatency) for LL_SetFlashLatency
    stm32g4xx_ll_utils.o(.text.UTILS_EnablePLLAndSwitchSystem) refers to stm32g4xx_ll_utils.o(.text.LL_RCC_PLL_Enable) for LL_RCC_PLL_Enable
    stm32g4xx_ll_utils.o(.text.UTILS_EnablePLLAndSwitchSystem) refers to stm32g4xx_ll_utils.o(.text.LL_RCC_PLL_EnableDomain_SYS) for LL_RCC_PLL_EnableDomain_SYS
    stm32g4xx_ll_utils.o(.text.UTILS_EnablePLLAndSwitchSystem) refers to stm32g4xx_ll_utils.o(.text.LL_RCC_PLL_IsReady) for LL_RCC_PLL_IsReady
    stm32g4xx_ll_utils.o(.text.UTILS_EnablePLLAndSwitchSystem) refers to stm32g4xx_ll_utils.o(.text.LL_RCC_SetAHBPrescaler) for LL_RCC_SetAHBPrescaler
    stm32g4xx_ll_utils.o(.text.UTILS_EnablePLLAndSwitchSystem) refers to stm32g4xx_ll_utils.o(.text.LL_RCC_SetSysClkSource) for LL_RCC_SetSysClkSource
    stm32g4xx_ll_utils.o(.text.UTILS_EnablePLLAndSwitchSystem) refers to stm32g4xx_ll_utils.o(.text.LL_RCC_GetSysClkSource) for LL_RCC_GetSysClkSource
    stm32g4xx_ll_utils.o(.text.UTILS_EnablePLLAndSwitchSystem) refers to stm32g4xx_ll_utils.o(.text.LL_RCC_SetAPB1Prescaler) for LL_RCC_SetAPB1Prescaler
    stm32g4xx_ll_utils.o(.text.UTILS_EnablePLLAndSwitchSystem) refers to stm32g4xx_ll_utils.o(.text.LL_RCC_SetAPB2Prescaler) for LL_RCC_SetAPB2Prescaler
    stm32g4xx_ll_utils.o(.text.UTILS_EnablePLLAndSwitchSystem) refers to stm32g4xx_ll_utils.o(.text.LL_SetSystemCoreClock) for LL_SetSystemCoreClock
    stm32g4xx_ll_utils.o(.ARM.exidx.text.UTILS_EnablePLLAndSwitchSystem) refers to stm32g4xx_ll_utils.o(.text.UTILS_EnablePLLAndSwitchSystem) for [Anonymous Symbol]
    stm32g4xx_ll_utils.o(.ARM.exidx.text.LL_RCC_SetAHBPrescaler) refers to stm32g4xx_ll_utils.o(.text.LL_RCC_SetAHBPrescaler) for [Anonymous Symbol]
    stm32g4xx_ll_utils.o(.text.LL_PLL_ConfigSystemClock_HSE) refers to stm32g4xx_ll_utils.o(.text.UTILS_PLL_IsBusy) for UTILS_PLL_IsBusy
    stm32g4xx_ll_utils.o(.text.LL_PLL_ConfigSystemClock_HSE) refers to stm32g4xx_ll_utils.o(.text.UTILS_GetPLLOutputFrequency) for UTILS_GetPLLOutputFrequency
    stm32g4xx_ll_utils.o(.text.LL_PLL_ConfigSystemClock_HSE) refers to stm32g4xx_ll_utils.o(.text.LL_RCC_HSE_IsReady) for LL_RCC_HSE_IsReady
    stm32g4xx_ll_utils.o(.text.LL_PLL_ConfigSystemClock_HSE) refers to stm32g4xx_ll_utils.o(.text.LL_RCC_HSE_EnableBypass) for LL_RCC_HSE_EnableBypass
    stm32g4xx_ll_utils.o(.text.LL_PLL_ConfigSystemClock_HSE) refers to stm32g4xx_ll_utils.o(.text.LL_RCC_HSE_DisableBypass) for LL_RCC_HSE_DisableBypass
    stm32g4xx_ll_utils.o(.text.LL_PLL_ConfigSystemClock_HSE) refers to stm32g4xx_ll_utils.o(.text.LL_RCC_HSE_Enable) for LL_RCC_HSE_Enable
    stm32g4xx_ll_utils.o(.text.LL_PLL_ConfigSystemClock_HSE) refers to stm32g4xx_ll_utils.o(.text.LL_RCC_PLL_ConfigDomain_SYS) for LL_RCC_PLL_ConfigDomain_SYS
    stm32g4xx_ll_utils.o(.text.LL_PLL_ConfigSystemClock_HSE) refers to stm32g4xx_ll_utils.o(.text.UTILS_EnablePLLAndSwitchSystem) for UTILS_EnablePLLAndSwitchSystem
    stm32g4xx_ll_utils.o(.text.LL_PLL_ConfigSystemClock_HSE) refers to stm32g4xx_ll_utils.o(.text.LL_SetFlashLatency) for LL_SetFlashLatency
    stm32g4xx_ll_utils.o(.text.LL_PLL_ConfigSystemClock_HSE) refers to stm32g4xx_ll_utils.o(.text.LL_RCC_SetAHBPrescaler) for LL_RCC_SetAHBPrescaler
    stm32g4xx_ll_utils.o(.text.LL_PLL_ConfigSystemClock_HSE) refers to stm32g4xx_ll_utils.o(.text.LL_SetSystemCoreClock) for LL_SetSystemCoreClock
    stm32g4xx_ll_utils.o(.ARM.exidx.text.LL_PLL_ConfigSystemClock_HSE) refers to stm32g4xx_ll_utils.o(.text.LL_PLL_ConfigSystemClock_HSE) for [Anonymous Symbol]
    stm32g4xx_ll_utils.o(.ARM.exidx.text.LL_RCC_HSE_IsReady) refers to stm32g4xx_ll_utils.o(.text.LL_RCC_HSE_IsReady) for [Anonymous Symbol]
    stm32g4xx_ll_utils.o(.ARM.exidx.text.LL_RCC_HSE_EnableBypass) refers to stm32g4xx_ll_utils.o(.text.LL_RCC_HSE_EnableBypass) for [Anonymous Symbol]
    stm32g4xx_ll_utils.o(.ARM.exidx.text.LL_RCC_HSE_DisableBypass) refers to stm32g4xx_ll_utils.o(.text.LL_RCC_HSE_DisableBypass) for [Anonymous Symbol]
    stm32g4xx_ll_utils.o(.ARM.exidx.text.LL_RCC_HSE_Enable) refers to stm32g4xx_ll_utils.o(.text.LL_RCC_HSE_Enable) for [Anonymous Symbol]
    stm32g4xx_ll_utils.o(.ARM.exidx.text.LL_RCC_PLL_IsReady) refers to stm32g4xx_ll_utils.o(.text.LL_RCC_PLL_IsReady) for [Anonymous Symbol]
    stm32g4xx_ll_utils.o(.ARM.exidx.text.LL_RCC_PLL_Enable) refers to stm32g4xx_ll_utils.o(.text.LL_RCC_PLL_Enable) for [Anonymous Symbol]
    stm32g4xx_ll_utils.o(.ARM.exidx.text.LL_RCC_PLL_EnableDomain_SYS) refers to stm32g4xx_ll_utils.o(.text.LL_RCC_PLL_EnableDomain_SYS) for [Anonymous Symbol]
    stm32g4xx_ll_utils.o(.ARM.exidx.text.LL_RCC_SetSysClkSource) refers to stm32g4xx_ll_utils.o(.text.LL_RCC_SetSysClkSource) for [Anonymous Symbol]
    stm32g4xx_ll_utils.o(.ARM.exidx.text.LL_RCC_GetSysClkSource) refers to stm32g4xx_ll_utils.o(.text.LL_RCC_GetSysClkSource) for [Anonymous Symbol]
    stm32g4xx_ll_utils.o(.ARM.exidx.text.LL_RCC_SetAPB1Prescaler) refers to stm32g4xx_ll_utils.o(.text.LL_RCC_SetAPB1Prescaler) for [Anonymous Symbol]
    stm32g4xx_ll_utils.o(.ARM.exidx.text.LL_RCC_SetAPB2Prescaler) refers to stm32g4xx_ll_utils.o(.text.LL_RCC_SetAPB2Prescaler) for [Anonymous Symbol]
    clock_system.o(.text.SystemClock_Init) refers to clock_system.o(.text.LL_FLASH_EnablePrefetch) for LL_FLASH_EnablePrefetch
    clock_system.o(.text.SystemClock_Init) refers to clock_system.o(.text.LL_FLASH_EnableInstCache) for LL_FLASH_EnableInstCache
    clock_system.o(.text.SystemClock_Init) refers to clock_system.o(.text.LL_FLASH_EnableDataCache) for LL_FLASH_EnableDataCache
    clock_system.o(.text.SystemClock_Init) refers to clock_system.o(.text.LL_RCC_HSI_Enable) for LL_RCC_HSI_Enable
    clock_system.o(.text.SystemClock_Init) refers to clock_system.o(.text.LL_RCC_HSI_IsReady) for LL_RCC_HSI_IsReady
    clock_system.o(.text.SystemClock_Init) refers to clock_system.o(.text.LL_RCC_HSE_Enable) for LL_RCC_HSE_Enable
    clock_system.o(.text.SystemClock_Init) refers to clock_system.o(.text.LL_RCC_HSE_IsReady) for LL_RCC_HSE_IsReady
    clock_system.o(.text.SystemClock_Init) refers to stm32g4xx_ll_utils.o(.text.LL_PLL_ConfigSystemClock_HSE) for LL_PLL_ConfigSystemClock_HSE
    clock_system.o(.text.SystemClock_Init) refers to stm32g4xx_ll_utils.o(.text.LL_Init1msTick) for LL_Init1msTick
    clock_system.o(.ARM.exidx.text.SystemClock_Init) refers to clock_system.o(.text.SystemClock_Init) for [Anonymous Symbol]
    clock_system.o(.ARM.exidx.text.LL_FLASH_EnablePrefetch) refers to clock_system.o(.text.LL_FLASH_EnablePrefetch) for [Anonymous Symbol]
    clock_system.o(.ARM.exidx.text.LL_FLASH_EnableInstCache) refers to clock_system.o(.text.LL_FLASH_EnableInstCache) for [Anonymous Symbol]
    clock_system.o(.ARM.exidx.text.LL_FLASH_EnableDataCache) refers to clock_system.o(.text.LL_FLASH_EnableDataCache) for [Anonymous Symbol]
    clock_system.o(.ARM.exidx.text.LL_RCC_HSI_Enable) refers to clock_system.o(.text.LL_RCC_HSI_Enable) for [Anonymous Symbol]
    clock_system.o(.ARM.exidx.text.LL_RCC_HSI_IsReady) refers to clock_system.o(.text.LL_RCC_HSI_IsReady) for [Anonymous Symbol]
    clock_system.o(.ARM.exidx.text.LL_RCC_HSE_Enable) refers to clock_system.o(.text.LL_RCC_HSE_Enable) for [Anonymous Symbol]
    clock_system.o(.ARM.exidx.text.LL_RCC_HSE_IsReady) refers to clock_system.o(.text.LL_RCC_HSE_IsReady) for [Anonymous Symbol]
    clock_system.o(.text.Button_PC13_Init) refers to clock_system.o(.text.LL_AHB2_GRP1_EnableClock) for LL_AHB2_GRP1_EnableClock
    clock_system.o(.text.Button_PC13_Init) refers to stm32g4xx_ll_gpio.o(.text.LL_GPIO_Init) for LL_GPIO_Init
    clock_system.o(.ARM.exidx.text.Button_PC13_Init) refers to clock_system.o(.text.Button_PC13_Init) for [Anonymous Symbol]
    clock_system.o(.ARM.exidx.text.LL_AHB2_GRP1_EnableClock) refers to clock_system.o(.text.LL_AHB2_GRP1_EnableClock) for [Anonymous Symbol]
    clock_system.o(.text.LED_PA5_Init) refers to clock_system.o(.text.LL_AHB2_GRP1_EnableClock) for LL_AHB2_GRP1_EnableClock
    clock_system.o(.text.LED_PA5_Init) refers to stm32g4xx_ll_gpio.o(.text.LL_GPIO_Init) for LL_GPIO_Init
    clock_system.o(.ARM.exidx.text.LED_PA5_Init) refers to clock_system.o(.text.LED_PA5_Init) for [Anonymous Symbol]
    clock_system.o(.text.SystemTickConfig) refers to system_stm32g4xx.o(.data.SystemCoreClock) for SystemCoreClock
    clock_system.o(.text.SystemTickConfig) refers to clock_system.o(.text.LL_InitTick) for LL_InitTick
    clock_system.o(.text.SystemTickConfig) refers to clock_system.o(.text.__NVIC_SetPriority) for __NVIC_SetPriority
    clock_system.o(.ARM.exidx.text.SystemTickConfig) refers to clock_system.o(.text.SystemTickConfig) for [Anonymous Symbol]
    clock_system.o(.ARM.exidx.text.LL_InitTick) refers to clock_system.o(.text.LL_InitTick) for [Anonymous Symbol]
    clock_system.o(.ARM.exidx.text.__NVIC_SetPriority) refers to clock_system.o(.text.__NVIC_SetPriority) for [Anonymous Symbol]
    clock_system.o(.text.GetTick) refers to clock_system.o(.bss.uwTick) for uwTick
    clock_system.o(.ARM.exidx.text.GetTick) refers to clock_system.o(.text.GetTick) for [Anonymous Symbol]
    clock_system.o(.text.SysTick_Handler) refers to clock_system.o(.bss.uwTick) for uwTick
    clock_system.o(.ARM.exidx.text.SysTick_Handler) refers to clock_system.o(.text.SysTick_Handler) for [Anonymous Symbol]
    led_blink.o(.text.main) refers to clock_system.o(.text.LED_PA5_Init) for LED_PA5_Init
    led_blink.o(.text.main) refers to led_blink.o(.text.LL_GPIO_SetOutputPin) for LL_GPIO_SetOutputPin
    led_blink.o(.text.main) refers to stm32g4xx_ll_utils.o(.text.LL_mDelay) for LL_mDelay
    led_blink.o(.text.main) refers to led_blink.o(.text.LL_GPIO_ResetOutputPin) for LL_GPIO_ResetOutputPin
    led_blink.o(.ARM.exidx.text.main) refers to led_blink.o(.text.main) for [Anonymous Symbol]
    led_blink.o(.ARM.exidx.text.LL_GPIO_SetOutputPin) refers to led_blink.o(.text.LL_GPIO_SetOutputPin) for [Anonymous Symbol]
    led_blink.o(.ARM.exidx.text.LL_GPIO_ResetOutputPin) refers to led_blink.o(.text.LL_GPIO_ResetOutputPin) for [Anonymous Symbol]
    __main.o(!!!main) refers to __rtentry.o(.ARM.Collect$$rtentry$$00000000) for __rt_entry
    __rtentry.o(.ARM.Collect$$rtentry$$00000000) refers (Special) to __rtentry2.o(.ARM.Collect$$rtentry$$0000000A) for __rt_entry_li
    __rtentry.o(.ARM.Collect$$rtentry$$00000000) refers (Special) to __rtentry2.o(.ARM.Collect$$rtentry$$0000000D) for __rt_entry_main
    __rtentry.o(.ARM.Collect$$rtentry$$00000000) refers (Special) to __rtentry2.o(.ARM.Collect$$rtentry$$0000000C) for __rt_entry_postli_1
    __rtentry.o(.ARM.Collect$$rtentry$$00000000) refers (Special) to __rtentry2.o(.ARM.Collect$$rtentry$$00000009) for __rt_entry_postsh_1
    __rtentry.o(.ARM.Collect$$rtentry$$00000000) refers (Special) to __rtentry2.o(.ARM.Collect$$rtentry$$00000002) for __rt_entry_presh_1
    __rtentry.o(.ARM.Collect$$rtentry$$00000000) refers (Special) to __rtentry4.o(.ARM.Collect$$rtentry$$00000004) for __rt_entry_sh
    __rtentry2.o(.ARM.Collect$$rtentry$$00000008) refers to boardinit2.o(.text) for _platform_post_stackheap_init
    __rtentry2.o(.ARM.Collect$$rtentry$$0000000A) refers to libinit.o(.ARM.Collect$$libinit$$00000000) for __rt_lib_init
    __rtentry2.o(.ARM.Collect$$rtentry$$0000000B) refers to boardinit3.o(.text) for _platform_post_lib_init
    __rtentry2.o(.ARM.Collect$$rtentry$$0000000D) refers to led_blink.o(.text.main) for main
    __rtentry2.o(.ARM.Collect$$rtentry$$0000000D) refers to exit.o(.text) for exit
    __rtentry2.o(.ARM.exidx) refers to __rtentry2.o(.ARM.Collect$$rtentry$$00000001) for .ARM.Collect$$rtentry$$00000001
    __rtentry2.o(.ARM.exidx) refers to __rtentry2.o(.ARM.Collect$$rtentry$$00000008) for .ARM.Collect$$rtentry$$00000008
    __rtentry2.o(.ARM.exidx) refers to __rtentry2.o(.ARM.Collect$$rtentry$$0000000A) for .ARM.Collect$$rtentry$$0000000A
    __rtentry2.o(.ARM.exidx) refers to __rtentry2.o(.ARM.Collect$$rtentry$$0000000B) for .ARM.Collect$$rtentry$$0000000B
    __rtentry2.o(.ARM.exidx) refers to __rtentry2.o(.ARM.Collect$$rtentry$$0000000D) for .ARM.Collect$$rtentry$$0000000D
    __rtentry4.o(.ARM.Collect$$rtentry$$00000004) refers to sys_stackheap_outer.o(.text) for __user_setup_stackheap
    __rtentry4.o(.ARM.exidx) refers to __rtentry4.o(.ARM.Collect$$rtentry$$00000004) for .ARM.Collect$$rtentry$$00000004
    sys_stackheap_outer.o(.text) refers to libspace.o(.text) for __user_perproc_libspace
    sys_stackheap_outer.o(.text) refers to startup_stm32g474xx.o(.text) for __user_initial_stackheap
    exit.o(.text) refers to rtexit.o(.ARM.Collect$$rtexit$$00000000) for __rt_exit
    libinit.o(.ARM.Collect$$libinit$$00000000) refers (Special) to libinit2.o(.ARM.Collect$$libinit$$00000030) for __rt_lib_init_alloca_1
    libinit.o(.ARM.Collect$$libinit$$00000000) refers (Special) to libinit2.o(.ARM.Collect$$libinit$$0000002E) for __rt_lib_init_argv_1
    libinit.o(.ARM.Collect$$libinit$$00000000) refers (Special) to libinit2.o(.ARM.Collect$$libinit$$0000001D) for __rt_lib_init_atexit_1
    libinit.o(.ARM.Collect$$libinit$$00000000) refers (Special) to libinit2.o(.ARM.Collect$$libinit$$00000023) for __rt_lib_init_clock_1
    libinit.o(.ARM.Collect$$libinit$$00000000) refers (Special) to libinit2.o(.ARM.Collect$$libinit$$00000034) for __rt_lib_init_cpp_1
    libinit.o(.ARM.Collect$$libinit$$00000000) refers (Special) to libinit2.o(.ARM.Collect$$libinit$$00000032) for __rt_lib_init_exceptions_1
    libinit.o(.ARM.Collect$$libinit$$00000000) refers (Special) to libinit2.o(.ARM.Collect$$libinit$$00000001) for __rt_lib_init_fp_1
    libinit.o(.ARM.Collect$$libinit$$00000000) refers (Special) to libinit2.o(.ARM.Collect$$libinit$$00000021) for __rt_lib_init_fp_trap_1
    libinit.o(.ARM.Collect$$libinit$$00000000) refers (Special) to libinit2.o(.ARM.Collect$$libinit$$00000025) for __rt_lib_init_getenv_1
    libinit.o(.ARM.Collect$$libinit$$00000000) refers (Special) to libinit2.o(.ARM.Collect$$libinit$$0000000C) for __rt_lib_init_heap_1
    libinit.o(.ARM.Collect$$libinit$$00000000) refers (Special) to libinit2.o(.ARM.Collect$$libinit$$00000013) for __rt_lib_init_lc_collate_1
    libinit.o(.ARM.Collect$$libinit$$00000000) refers (Special) to libinit2.o(.ARM.Collect$$libinit$$00000015) for __rt_lib_init_lc_ctype_1
    libinit.o(.ARM.Collect$$libinit$$00000000) refers (Special) to libinit2.o(.ARM.Collect$$libinit$$00000017) for __rt_lib_init_lc_monetary_1
    libinit.o(.ARM.Collect$$libinit$$00000000) refers (Special) to libinit2.o(.ARM.Collect$$libinit$$00000019) for __rt_lib_init_lc_numeric_1
    libinit.o(.ARM.Collect$$libinit$$00000000) refers (Special) to libinit2.o(.ARM.Collect$$libinit$$0000001B) for __rt_lib_init_lc_time_1
    libinit.o(.ARM.Collect$$libinit$$00000000) refers (Special) to libinit2.o(.ARM.Collect$$libinit$$00000006) for __rt_lib_init_preinit_1
    libinit.o(.ARM.Collect$$libinit$$00000000) refers (Special) to libinit2.o(.ARM.Collect$$libinit$$00000010) for __rt_lib_init_rand_1
    libinit.o(.ARM.Collect$$libinit$$00000000) refers (Special) to libinit2.o(.ARM.Collect$$libinit$$00000004) for __rt_lib_init_relocate_pie_1
    libinit.o(.ARM.Collect$$libinit$$00000000) refers (Special) to libinit2.o(.ARM.Collect$$libinit$$00000035) for __rt_lib_init_return
    libinit.o(.ARM.Collect$$libinit$$00000000) refers (Special) to libinit2.o(.ARM.Collect$$libinit$$0000001F) for __rt_lib_init_signal_1
    libinit.o(.ARM.Collect$$libinit$$00000000) refers (Special) to libinit2.o(.ARM.Collect$$libinit$$00000027) for __rt_lib_init_stdio_1
    libinit.o(.ARM.Collect$$libinit$$00000000) refers (Special) to libinit2.o(.ARM.Collect$$libinit$$0000000E) for __rt_lib_init_user_alloc_1
    libspace.o(.text) refers to libspace.o(.bss) for __libspace_start
    rtexit.o(.ARM.Collect$$rtexit$$00000000) refers (Special) to rtexit2.o(.ARM.Collect$$rtexit$$00000004) for __rt_exit_exit
    rtexit.o(.ARM.Collect$$rtexit$$00000000) refers (Special) to rtexit2.o(.ARM.Collect$$rtexit$$00000003) for __rt_exit_ls
    rtexit.o(.ARM.Collect$$rtexit$$00000000) refers (Special) to rtexit2.o(.ARM.Collect$$rtexit$$00000002) for __rt_exit_prels_1
    rtexit.o(.ARM.exidx) refers (Special) to rtexit2.o(.ARM.Collect$$rtexit$$00000004) for __rt_exit_exit
    rtexit.o(.ARM.exidx) refers (Special) to rtexit2.o(.ARM.Collect$$rtexit$$00000003) for __rt_exit_ls
    rtexit.o(.ARM.exidx) refers (Special) to rtexit2.o(.ARM.Collect$$rtexit$$00000002) for __rt_exit_prels_1
    rtexit.o(.ARM.exidx) refers to rtexit.o(.ARM.Collect$$rtexit$$00000000) for .ARM.Collect$$rtexit$$00000000
    libinit2.o(.ARM.Collect$$libinit$$00000001) refers to fpinit.o(x$fpl$fpinit) for _fp_init
    libinit2.o(.ARM.Collect$$libinit$$00000012) refers to libinit2.o(.ARM.Collect$$libinit$$00000011) for .ARM.Collect$$libinit$$00000011
    libinit2.o(.ARM.Collect$$libinit$$00000014) refers to libinit2.o(.ARM.Collect$$libinit$$00000011) for .ARM.Collect$$libinit$$00000011
    libinit2.o(.ARM.Collect$$libinit$$00000016) refers to libinit2.o(.ARM.Collect$$libinit$$00000011) for .ARM.Collect$$libinit$$00000011
    libinit2.o(.ARM.Collect$$libinit$$00000018) refers to libinit2.o(.ARM.Collect$$libinit$$00000011) for .ARM.Collect$$libinit$$00000011
    libinit2.o(.ARM.Collect$$libinit$$0000001A) refers to libinit2.o(.ARM.Collect$$libinit$$00000011) for .ARM.Collect$$libinit$$00000011
    libinit2.o(.ARM.Collect$$libinit$$00000028) refers to argv_veneer.o(.emb_text) for __ARM_argv_veneer
    libinit2.o(.ARM.Collect$$libinit$$00000029) refers to argv_veneer.o(.emb_text) for __ARM_argv_veneer
    rtexit2.o(.ARM.Collect$$rtexit$$00000003) refers to libshutdown.o(.ARM.Collect$$libshutdown$$00000000) for __rt_lib_shutdown
    rtexit2.o(.ARM.Collect$$rtexit$$00000004) refers to sys_exit.o(.text) for _sys_exit
    rtexit2.o(.ARM.exidx) refers to rtexit2.o(.ARM.Collect$$rtexit$$00000001) for .ARM.Collect$$rtexit$$00000001
    rtexit2.o(.ARM.exidx) refers to rtexit2.o(.ARM.Collect$$rtexit$$00000003) for .ARM.Collect$$rtexit$$00000003
    rtexit2.o(.ARM.exidx) refers to rtexit2.o(.ARM.Collect$$rtexit$$00000004) for .ARM.Collect$$rtexit$$00000004
    argv_veneer.o(.emb_text) refers to no_argv.o(.text) for __ARM_get_argv
    sys_exit.o(.text) refers (Special) to use_no_semi.o(.text) for __I$use$semihosting
    sys_exit.o(.text) refers (Special) to indicate_semi.o(.text) for __semihosting_library_function
    sys_exit_hlt.o(.text) refers (Special) to use_no_semi.o(.text) for __I$use$semihosting
    sys_exit_hlt.o(.text) refers (Special) to indicate_semi.o(.text) for __semihosting_library_function
    _get_argv_nomalloc.o(.text) refers (Special) to hrguard.o(.text) for __heap_region$guard
    _get_argv_nomalloc.o(.text) refers to defsig_rtmem_outer.o(.text) for __rt_SIGRTMEM
    _get_argv_nomalloc.o(.text) refers to sys_command.o(.text) for _sys_command_string
    libshutdown.o(.ARM.Collect$$libshutdown$$00000000) refers (Special) to libshutdown2.o(.ARM.Collect$$libshutdown$$00000002) for __rt_lib_shutdown_cpp_1
    libshutdown.o(.ARM.Collect$$libshutdown$$00000000) refers (Special) to libshutdown2.o(.ARM.Collect$$libshutdown$$00000007) for __rt_lib_shutdown_fp_trap_1
    libshutdown.o(.ARM.Collect$$libshutdown$$00000000) refers (Special) to libshutdown2.o(.ARM.Collect$$libshutdown$$0000000F) for __rt_lib_shutdown_heap_1
    libshutdown.o(.ARM.Collect$$libshutdown$$00000000) refers (Special) to libshutdown2.o(.ARM.Collect$$libshutdown$$00000010) for __rt_lib_shutdown_return
    libshutdown.o(.ARM.Collect$$libshutdown$$00000000) refers (Special) to libshutdown2.o(.ARM.Collect$$libshutdown$$0000000A) for __rt_lib_shutdown_signal_1
    libshutdown.o(.ARM.Collect$$libshutdown$$00000000) refers (Special) to libshutdown2.o(.ARM.Collect$$libshutdown$$00000004) for __rt_lib_shutdown_stdio_1
    libshutdown.o(.ARM.Collect$$libshutdown$$00000000) refers (Special) to libshutdown2.o(.ARM.Collect$$libshutdown$$0000000C) for __rt_lib_shutdown_user_alloc_1
    sys_command.o(.text) refers (Special) to use_no_semi.o(.text) for __I$use$semihosting
    sys_command.o(.text) refers (Special) to indicate_semi.o(.text) for __semihosting_library_function
    sys_command_hlt.o(.text) refers (Special) to use_no_semi.o(.text) for __I$use$semihosting
    sys_command_hlt.o(.text) refers (Special) to indicate_semi.o(.text) for __semihosting_library_function
    defsig_rtmem_outer.o(.text) refers to defsig_rtmem_inner.o(.text) for __rt_SIGRTMEM_inner
    defsig_rtmem_outer.o(.text) refers to defsig_exit.o(.text) for __sig_exit
    defsig_rtmem_formal.o(.text) refers to rt_raise.o(.text) for __rt_raise
    rt_raise.o(.text) refers to __raise.o(.text) for __raise
    rt_raise.o(.text) refers to sys_exit.o(.text) for _sys_exit
    defsig_exit.o(.text) refers to sys_exit.o(.text) for _sys_exit
    defsig_rtmem_inner.o(.text) refers to defsig_general.o(.text) for __default_signal_display
    __raise.o(.text) refers to defsig.o(CL$$defsig) for __default_signal_handler
    defsig_general.o(.text) refers to sys_wrch.o(.text) for _ttywrch
    sys_wrch.o(.text) refers (Special) to use_no_semi.o(.text) for __I$use$semihosting
    sys_wrch.o(.text) refers (Special) to indicate_semi.o(.text) for __semihosting_library_function
    sys_wrch_hlt.o(.text) refers (Special) to use_no_semi.o(.text) for __I$use$semihosting
    sys_wrch_hlt.o(.text) refers (Special) to indicate_semi.o(.text) for __semihosting_library_function
    defsig.o(CL$$defsig) refers to defsig_rtmem_inner.o(.text) for __rt_SIGRTMEM_inner
    defsig_abrt_inner.o(.text) refers to defsig_general.o(.text) for __default_signal_display
    defsig_fpe_inner.o(.text) refers to defsig_general.o(.text) for __default_signal_display
    defsig_rtred_inner.o(.text) refers to defsig_general.o(.text) for __default_signal_display
    defsig_stak_inner.o(.text) refers to defsig_general.o(.text) for __default_signal_display
    defsig_pvfn_inner.o(.text) refers to defsig_general.o(.text) for __default_signal_display
    defsig_cppl_inner.o(.text) refers to defsig_general.o(.text) for __default_signal_display
    defsig_segv_inner.o(.text) refers to defsig_general.o(.text) for __default_signal_display
    defsig_other.o(.text) refers to defsig_general.o(.text) for __default_signal_display


==============================================================================

Removing Unused input sections from the image.

    Removing system_stm32g4xx.o(.text), (0 bytes).
    Removing system_stm32g4xx.o(.ARM.exidx.text.SystemInit), (8 bytes).
    Removing system_stm32g4xx.o(.text.SystemCoreClockUpdate), (256 bytes).
    Removing system_stm32g4xx.o(.ARM.exidx.text.SystemCoreClockUpdate), (8 bytes).
    Removing system_stm32g4xx.o(.data.SystemCoreClock), (4 bytes).
    Removing system_stm32g4xx.o(.rodata.AHBPrescTable), (16 bytes).
    Removing system_stm32g4xx.o(.rodata.APBPrescTable), (8 bytes).
    Removing stm32g4xx_ll_gpio.o(.text), (0 bytes).
    Removing stm32g4xx_ll_gpio.o(.text.LL_GPIO_DeInit), (258 bytes).
    Removing stm32g4xx_ll_gpio.o(.ARM.exidx.text.LL_GPIO_DeInit), (8 bytes).
    Removing stm32g4xx_ll_gpio.o(.text.LL_AHB2_GRP1_ForceReset), (24 bytes).
    Removing stm32g4xx_ll_gpio.o(.ARM.exidx.text.LL_AHB2_GRP1_ForceReset), (8 bytes).
    Removing stm32g4xx_ll_gpio.o(.text.LL_AHB2_GRP1_ReleaseReset), (24 bytes).
    Removing stm32g4xx_ll_gpio.o(.ARM.exidx.text.LL_AHB2_GRP1_ReleaseReset), (8 bytes).
    Removing stm32g4xx_ll_gpio.o(.ARM.exidx.text.LL_GPIO_Init), (8 bytes).
    Removing stm32g4xx_ll_gpio.o(.ARM.exidx.text.LL_GPIO_SetPinSpeed), (8 bytes).
    Removing stm32g4xx_ll_gpio.o(.ARM.exidx.text.LL_GPIO_SetPinOutputType), (8 bytes).
    Removing stm32g4xx_ll_gpio.o(.ARM.exidx.text.LL_GPIO_SetPinPull), (8 bytes).
    Removing stm32g4xx_ll_gpio.o(.ARM.exidx.text.LL_GPIO_SetAFPin_0_7), (8 bytes).
    Removing stm32g4xx_ll_gpio.o(.ARM.exidx.text.LL_GPIO_SetAFPin_8_15), (8 bytes).
    Removing stm32g4xx_ll_gpio.o(.ARM.exidx.text.LL_GPIO_SetPinMode), (8 bytes).
    Removing stm32g4xx_ll_gpio.o(.text.LL_GPIO_StructInit), (40 bytes).
    Removing stm32g4xx_ll_gpio.o(.ARM.exidx.text.LL_GPIO_StructInit), (8 bytes).
    Removing stm32g4xx_ll_pwr.o(.text), (0 bytes).
    Removing stm32g4xx_ll_pwr.o(.text.LL_PWR_DeInit), (26 bytes).
    Removing stm32g4xx_ll_pwr.o(.ARM.exidx.text.LL_PWR_DeInit), (8 bytes).
    Removing stm32g4xx_ll_pwr.o(.text.LL_APB1_GRP1_ForceReset), (24 bytes).
    Removing stm32g4xx_ll_pwr.o(.ARM.exidx.text.LL_APB1_GRP1_ForceReset), (8 bytes).
    Removing stm32g4xx_ll_pwr.o(.text.LL_APB1_GRP1_ReleaseReset), (24 bytes).
    Removing stm32g4xx_ll_pwr.o(.ARM.exidx.text.LL_APB1_GRP1_ReleaseReset), (8 bytes).
    Removing stm32g4xx_ll_rcc.o(.text), (0 bytes).
    Removing stm32g4xx_ll_rcc.o(.text.LL_RCC_DeInit), (136 bytes).
    Removing stm32g4xx_ll_rcc.o(.ARM.exidx.text.LL_RCC_DeInit), (8 bytes).
    Removing stm32g4xx_ll_rcc.o(.text.LL_RCC_HSI_Enable), (18 bytes).
    Removing stm32g4xx_ll_rcc.o(.ARM.exidx.text.LL_RCC_HSI_Enable), (8 bytes).
    Removing stm32g4xx_ll_rcc.o(.text.LL_RCC_HSI_IsReady), (16 bytes).
    Removing stm32g4xx_ll_rcc.o(.ARM.exidx.text.LL_RCC_HSI_IsReady), (8 bytes).
    Removing stm32g4xx_ll_rcc.o(.text.LL_RCC_HSI_SetCalibTrimming), (30 bytes).
    Removing stm32g4xx_ll_rcc.o(.ARM.exidx.text.LL_RCC_HSI_SetCalibTrimming), (8 bytes).
    Removing stm32g4xx_ll_rcc.o(.text.LL_RCC_GetSysClkSource), (16 bytes).
    Removing stm32g4xx_ll_rcc.o(.ARM.exidx.text.LL_RCC_GetSysClkSource), (8 bytes).
    Removing stm32g4xx_ll_rcc.o(.text.LL_RCC_PLL_IsReady), (16 bytes).
    Removing stm32g4xx_ll_rcc.o(.ARM.exidx.text.LL_RCC_PLL_IsReady), (8 bytes).
    Removing stm32g4xx_ll_rcc.o(.text.LL_RCC_ClearResetFlags), (18 bytes).
    Removing stm32g4xx_ll_rcc.o(.ARM.exidx.text.LL_RCC_ClearResetFlags), (8 bytes).
    Removing stm32g4xx_ll_rcc.o(.text.LL_RCC_GetSystemClocksFreq), (54 bytes).
    Removing stm32g4xx_ll_rcc.o(.ARM.exidx.text.LL_RCC_GetSystemClocksFreq), (8 bytes).
    Removing stm32g4xx_ll_rcc.o(.text.RCC_GetSystemClockFreq), (84 bytes).
    Removing stm32g4xx_ll_rcc.o(.ARM.exidx.text.RCC_GetSystemClockFreq), (8 bytes).
    Removing stm32g4xx_ll_rcc.o(.text.RCC_GetHCLKClockFreq), (42 bytes).
    Removing stm32g4xx_ll_rcc.o(.ARM.exidx.text.RCC_GetHCLKClockFreq), (8 bytes).
    Removing stm32g4xx_ll_rcc.o(.text.RCC_GetPCLK1ClockFreq), (40 bytes).
    Removing stm32g4xx_ll_rcc.o(.ARM.exidx.text.RCC_GetPCLK1ClockFreq), (8 bytes).
    Removing stm32g4xx_ll_rcc.o(.text.RCC_GetPCLK2ClockFreq), (40 bytes).
    Removing stm32g4xx_ll_rcc.o(.ARM.exidx.text.RCC_GetPCLK2ClockFreq), (8 bytes).
    Removing stm32g4xx_ll_rcc.o(.text.LL_RCC_GetUSARTClockFreq), (370 bytes).
    Removing stm32g4xx_ll_rcc.o(.ARM.exidx.text.LL_RCC_GetUSARTClockFreq), (8 bytes).
    Removing stm32g4xx_ll_rcc.o(.text.LL_RCC_GetUSARTClockSource), (26 bytes).
    Removing stm32g4xx_ll_rcc.o(.ARM.exidx.text.LL_RCC_GetUSARTClockSource), (8 bytes).
    Removing stm32g4xx_ll_rcc.o(.text.LL_RCC_LSE_IsReady), (16 bytes).
    Removing stm32g4xx_ll_rcc.o(.ARM.exidx.text.LL_RCC_LSE_IsReady), (8 bytes).
    Removing stm32g4xx_ll_rcc.o(.text.LL_RCC_GetUARTClockFreq), (286 bytes).
    Removing stm32g4xx_ll_rcc.o(.ARM.exidx.text.LL_RCC_GetUARTClockFreq), (8 bytes).
    Removing stm32g4xx_ll_rcc.o(.text.LL_RCC_GetUARTClockSource), (26 bytes).
    Removing stm32g4xx_ll_rcc.o(.ARM.exidx.text.LL_RCC_GetUARTClockSource), (8 bytes).
    Removing stm32g4xx_ll_rcc.o(.text.LL_RCC_GetI2CClockFreq), (462 bytes).
    Removing stm32g4xx_ll_rcc.o(.ARM.exidx.text.LL_RCC_GetI2CClockFreq), (8 bytes).
    Removing stm32g4xx_ll_rcc.o(.text.LL_RCC_GetI2CClockSource), (50 bytes).
    Removing stm32g4xx_ll_rcc.o(.ARM.exidx.text.LL_RCC_GetI2CClockSource), (8 bytes).
    Removing stm32g4xx_ll_rcc.o(.text.LL_RCC_GetLPUARTClockFreq), (126 bytes).
    Removing stm32g4xx_ll_rcc.o(.ARM.exidx.text.LL_RCC_GetLPUARTClockFreq), (8 bytes).
    Removing stm32g4xx_ll_rcc.o(.text.LL_RCC_GetLPUARTClockSource), (22 bytes).
    Removing stm32g4xx_ll_rcc.o(.ARM.exidx.text.LL_RCC_GetLPUARTClockSource), (8 bytes).
    Removing stm32g4xx_ll_rcc.o(.text.LL_RCC_GetLPTIMClockFreq), (148 bytes).
    Removing stm32g4xx_ll_rcc.o(.ARM.exidx.text.LL_RCC_GetLPTIMClockFreq), (8 bytes).
    Removing stm32g4xx_ll_rcc.o(.text.LL_RCC_GetLPTIMClockSource), (22 bytes).
    Removing stm32g4xx_ll_rcc.o(.ARM.exidx.text.LL_RCC_GetLPTIMClockSource), (8 bytes).
    Removing stm32g4xx_ll_rcc.o(.text.LL_RCC_LSI_IsReady), (16 bytes).
    Removing stm32g4xx_ll_rcc.o(.ARM.exidx.text.LL_RCC_LSI_IsReady), (8 bytes).
    Removing stm32g4xx_ll_rcc.o(.text.LL_RCC_GetSAIClockFreq), (140 bytes).
    Removing stm32g4xx_ll_rcc.o(.ARM.exidx.text.LL_RCC_GetSAIClockFreq), (8 bytes).
    Removing stm32g4xx_ll_rcc.o(.text.LL_RCC_GetSAIClockSource), (22 bytes).
    Removing stm32g4xx_ll_rcc.o(.ARM.exidx.text.LL_RCC_GetSAIClockSource), (8 bytes).
    Removing stm32g4xx_ll_rcc.o(.text.LL_RCC_PLL_IsEnabledDomain_48M), (16 bytes).
    Removing stm32g4xx_ll_rcc.o(.ARM.exidx.text.LL_RCC_PLL_IsEnabledDomain_48M), (8 bytes).
    Removing stm32g4xx_ll_rcc.o(.text.RCC_PLL_GetFreqDomain_48M), (124 bytes).
    Removing stm32g4xx_ll_rcc.o(.ARM.exidx.text.RCC_PLL_GetFreqDomain_48M), (8 bytes).
    Removing stm32g4xx_ll_rcc.o(.text.LL_RCC_GetI2SClockFreq), (140 bytes).
    Removing stm32g4xx_ll_rcc.o(.ARM.exidx.text.LL_RCC_GetI2SClockFreq), (8 bytes).
    Removing stm32g4xx_ll_rcc.o(.text.LL_RCC_GetI2SClockSource), (22 bytes).
    Removing stm32g4xx_ll_rcc.o(.ARM.exidx.text.LL_RCC_GetI2SClockSource), (8 bytes).
    Removing stm32g4xx_ll_rcc.o(.text.LL_RCC_GetFDCANClockFreq), (124 bytes).
    Removing stm32g4xx_ll_rcc.o(.ARM.exidx.text.LL_RCC_GetFDCANClockFreq), (8 bytes).
    Removing stm32g4xx_ll_rcc.o(.text.LL_RCC_GetFDCANClockSource), (22 bytes).
    Removing stm32g4xx_ll_rcc.o(.ARM.exidx.text.LL_RCC_GetFDCANClockSource), (8 bytes).
    Removing stm32g4xx_ll_rcc.o(.text.LL_RCC_HSE_IsReady), (16 bytes).
    Removing stm32g4xx_ll_rcc.o(.ARM.exidx.text.LL_RCC_HSE_IsReady), (8 bytes).
    Removing stm32g4xx_ll_rcc.o(.text.LL_RCC_GetRNGClockFreq), (98 bytes).
    Removing stm32g4xx_ll_rcc.o(.ARM.exidx.text.LL_RCC_GetRNGClockFreq), (8 bytes).
    Removing stm32g4xx_ll_rcc.o(.text.LL_RCC_GetRNGClockSource), (22 bytes).
    Removing stm32g4xx_ll_rcc.o(.ARM.exidx.text.LL_RCC_GetRNGClockSource), (8 bytes).
    Removing stm32g4xx_ll_rcc.o(.text.LL_RCC_HSI48_IsReady), (16 bytes).
    Removing stm32g4xx_ll_rcc.o(.ARM.exidx.text.LL_RCC_HSI48_IsReady), (8 bytes).
    Removing stm32g4xx_ll_rcc.o(.text.LL_RCC_GetUSBClockFreq), (98 bytes).
    Removing stm32g4xx_ll_rcc.o(.ARM.exidx.text.LL_RCC_GetUSBClockFreq), (8 bytes).
    Removing stm32g4xx_ll_rcc.o(.text.LL_RCC_GetUSBClockSource), (22 bytes).
    Removing stm32g4xx_ll_rcc.o(.ARM.exidx.text.LL_RCC_GetUSBClockSource), (8 bytes).
    Removing stm32g4xx_ll_rcc.o(.text.LL_RCC_GetADCClockFreq), (218 bytes).
    Removing stm32g4xx_ll_rcc.o(.ARM.exidx.text.LL_RCC_GetADCClockFreq), (8 bytes).
    Removing stm32g4xx_ll_rcc.o(.text.LL_RCC_GetADCClockSource), (40 bytes).
    Removing stm32g4xx_ll_rcc.o(.ARM.exidx.text.LL_RCC_GetADCClockSource), (8 bytes).
    Removing stm32g4xx_ll_rcc.o(.text.LL_RCC_PLL_IsEnabledDomain_ADC), (16 bytes).
    Removing stm32g4xx_ll_rcc.o(.ARM.exidx.text.LL_RCC_PLL_IsEnabledDomain_ADC), (8 bytes).
    Removing stm32g4xx_ll_rcc.o(.text.RCC_PLL_GetFreqDomain_ADC), (118 bytes).
    Removing stm32g4xx_ll_rcc.o(.ARM.exidx.text.RCC_PLL_GetFreqDomain_ADC), (8 bytes).
    Removing stm32g4xx_ll_rcc.o(.text.LL_RCC_GetQUADSPIClockFreq), (110 bytes).
    Removing stm32g4xx_ll_rcc.o(.ARM.exidx.text.LL_RCC_GetQUADSPIClockFreq), (8 bytes).
    Removing stm32g4xx_ll_rcc.o(.text.LL_RCC_GetQUADSPIClockSource), (22 bytes).
    Removing stm32g4xx_ll_rcc.o(.ARM.exidx.text.LL_RCC_GetQUADSPIClockSource), (8 bytes).
    Removing stm32g4xx_ll_rcc.o(.text.RCC_PLL_GetFreqDomain_SYS), (124 bytes).
    Removing stm32g4xx_ll_rcc.o(.ARM.exidx.text.RCC_PLL_GetFreqDomain_SYS), (8 bytes).
    Removing stm32g4xx_ll_rcc.o(.text.LL_RCC_PLL_GetMainSource), (16 bytes).
    Removing stm32g4xx_ll_rcc.o(.ARM.exidx.text.LL_RCC_PLL_GetMainSource), (8 bytes).
    Removing stm32g4xx_ll_rcc.o(.text.LL_RCC_PLL_GetN), (16 bytes).
    Removing stm32g4xx_ll_rcc.o(.ARM.exidx.text.LL_RCC_PLL_GetN), (8 bytes).
    Removing stm32g4xx_ll_rcc.o(.text.LL_RCC_PLL_GetDivider), (16 bytes).
    Removing stm32g4xx_ll_rcc.o(.ARM.exidx.text.LL_RCC_PLL_GetDivider), (8 bytes).
    Removing stm32g4xx_ll_rcc.o(.text.LL_RCC_PLL_GetR), (16 bytes).
    Removing stm32g4xx_ll_rcc.o(.ARM.exidx.text.LL_RCC_PLL_GetR), (8 bytes).
    Removing stm32g4xx_ll_rcc.o(.text.LL_RCC_GetAHBPrescaler), (16 bytes).
    Removing stm32g4xx_ll_rcc.o(.ARM.exidx.text.LL_RCC_GetAHBPrescaler), (8 bytes).
    Removing stm32g4xx_ll_rcc.o(.text.LL_RCC_GetAPB1Prescaler), (16 bytes).
    Removing stm32g4xx_ll_rcc.o(.ARM.exidx.text.LL_RCC_GetAPB1Prescaler), (8 bytes).
    Removing stm32g4xx_ll_rcc.o(.text.LL_RCC_GetAPB2Prescaler), (16 bytes).
    Removing stm32g4xx_ll_rcc.o(.ARM.exidx.text.LL_RCC_GetAPB2Prescaler), (8 bytes).
    Removing stm32g4xx_ll_rcc.o(.text.LL_RCC_PLL_GetP), (74 bytes).
    Removing stm32g4xx_ll_rcc.o(.ARM.exidx.text.LL_RCC_PLL_GetP), (8 bytes).
    Removing stm32g4xx_ll_rcc.o(.text.LL_RCC_PLL_GetQ), (16 bytes).
    Removing stm32g4xx_ll_rcc.o(.ARM.exidx.text.LL_RCC_PLL_GetQ), (8 bytes).
    Removing stm32g4xx_ll_utils.o(.text), (0 bytes).
    Removing stm32g4xx_ll_utils.o(.text.LL_Init1msTick), (20 bytes).
    Removing stm32g4xx_ll_utils.o(.ARM.exidx.text.LL_Init1msTick), (8 bytes).
    Removing stm32g4xx_ll_utils.o(.text.LL_InitTick), (54 bytes).
    Removing stm32g4xx_ll_utils.o(.ARM.exidx.text.LL_InitTick), (8 bytes).
    Removing stm32g4xx_ll_utils.o(.ARM.exidx.text.LL_mDelay), (8 bytes).
    Removing stm32g4xx_ll_utils.o(.text.LL_SetSystemCoreClock), (20 bytes).
    Removing stm32g4xx_ll_utils.o(.ARM.exidx.text.LL_SetSystemCoreClock), (8 bytes).
    Removing stm32g4xx_ll_utils.o(.text.LL_SetFlashLatency), (448 bytes).
    Removing stm32g4xx_ll_utils.o(.ARM.exidx.text.LL_SetFlashLatency), (8 bytes).
    Removing stm32g4xx_ll_utils.o(.text.LL_PWR_GetRegulVoltageScaling), (16 bytes).
    Removing stm32g4xx_ll_utils.o(.ARM.exidx.text.LL_PWR_GetRegulVoltageScaling), (8 bytes).
    Removing stm32g4xx_ll_utils.o(.text.LL_PWR_IsEnabledRange1BoostMode), (30 bytes).
    Removing stm32g4xx_ll_utils.o(.ARM.exidx.text.LL_PWR_IsEnabledRange1BoostMode), (8 bytes).
    Removing stm32g4xx_ll_utils.o(.text.LL_FLASH_SetLatency), (28 bytes).
    Removing stm32g4xx_ll_utils.o(.ARM.exidx.text.LL_FLASH_SetLatency), (8 bytes).
    Removing stm32g4xx_ll_utils.o(.text.LL_FLASH_GetLatency), (16 bytes).
    Removing stm32g4xx_ll_utils.o(.ARM.exidx.text.LL_FLASH_GetLatency), (8 bytes).
    Removing stm32g4xx_ll_utils.o(.text.LL_PLL_ConfigSystemClock_HSI), (204 bytes).
    Removing stm32g4xx_ll_utils.o(.ARM.exidx.text.LL_PLL_ConfigSystemClock_HSI), (8 bytes).
    Removing stm32g4xx_ll_utils.o(.text.UTILS_PLL_IsBusy), (34 bytes).
    Removing stm32g4xx_ll_utils.o(.ARM.exidx.text.UTILS_PLL_IsBusy), (8 bytes).
    Removing stm32g4xx_ll_utils.o(.text.UTILS_GetPLLOutputFrequency), (62 bytes).
    Removing stm32g4xx_ll_utils.o(.ARM.exidx.text.UTILS_GetPLLOutputFrequency), (8 bytes).
    Removing stm32g4xx_ll_utils.o(.text.LL_RCC_HSI_IsReady), (16 bytes).
    Removing stm32g4xx_ll_utils.o(.ARM.exidx.text.LL_RCC_HSI_IsReady), (8 bytes).
    Removing stm32g4xx_ll_utils.o(.text.LL_RCC_HSI_Enable), (18 bytes).
    Removing stm32g4xx_ll_utils.o(.ARM.exidx.text.LL_RCC_HSI_Enable), (8 bytes).
    Removing stm32g4xx_ll_utils.o(.text.LL_RCC_PLL_ConfigDomain_SYS), (54 bytes).
    Removing stm32g4xx_ll_utils.o(.ARM.exidx.text.LL_RCC_PLL_ConfigDomain_SYS), (8 bytes).
    Removing stm32g4xx_ll_utils.o(.text.UTILS_EnablePLLAndSwitchSystem), (200 bytes).
    Removing stm32g4xx_ll_utils.o(.ARM.exidx.text.UTILS_EnablePLLAndSwitchSystem), (8 bytes).
    Removing stm32g4xx_ll_utils.o(.text.LL_RCC_SetAHBPrescaler), (28 bytes).
    Removing stm32g4xx_ll_utils.o(.ARM.exidx.text.LL_RCC_SetAHBPrescaler), (8 bytes).
    Removing stm32g4xx_ll_utils.o(.text.LL_PLL_ConfigSystemClock_HSE), (222 bytes).
    Removing stm32g4xx_ll_utils.o(.ARM.exidx.text.LL_PLL_ConfigSystemClock_HSE), (8 bytes).
    Removing stm32g4xx_ll_utils.o(.text.LL_RCC_HSE_IsReady), (16 bytes).
    Removing stm32g4xx_ll_utils.o(.ARM.exidx.text.LL_RCC_HSE_IsReady), (8 bytes).
    Removing stm32g4xx_ll_utils.o(.text.LL_RCC_HSE_EnableBypass), (18 bytes).
    Removing stm32g4xx_ll_utils.o(.ARM.exidx.text.LL_RCC_HSE_EnableBypass), (8 bytes).
    Removing stm32g4xx_ll_utils.o(.text.LL_RCC_HSE_DisableBypass), (18 bytes).
    Removing stm32g4xx_ll_utils.o(.ARM.exidx.text.LL_RCC_HSE_DisableBypass), (8 bytes).
    Removing stm32g4xx_ll_utils.o(.text.LL_RCC_HSE_Enable), (18 bytes).
    Removing stm32g4xx_ll_utils.o(.ARM.exidx.text.LL_RCC_HSE_Enable), (8 bytes).
    Removing stm32g4xx_ll_utils.o(.text.LL_RCC_PLL_IsReady), (16 bytes).
    Removing stm32g4xx_ll_utils.o(.ARM.exidx.text.LL_RCC_PLL_IsReady), (8 bytes).
    Removing stm32g4xx_ll_utils.o(.text.LL_RCC_PLL_Enable), (18 bytes).
    Removing stm32g4xx_ll_utils.o(.ARM.exidx.text.LL_RCC_PLL_Enable), (8 bytes).
    Removing stm32g4xx_ll_utils.o(.text.LL_RCC_PLL_EnableDomain_SYS), (18 bytes).
    Removing stm32g4xx_ll_utils.o(.ARM.exidx.text.LL_RCC_PLL_EnableDomain_SYS), (8 bytes).
    Removing stm32g4xx_ll_utils.o(.text.LL_RCC_SetSysClkSource), (28 bytes).
    Removing stm32g4xx_ll_utils.o(.ARM.exidx.text.LL_RCC_SetSysClkSource), (8 bytes).
    Removing stm32g4xx_ll_utils.o(.text.LL_RCC_GetSysClkSource), (16 bytes).
    Removing stm32g4xx_ll_utils.o(.ARM.exidx.text.LL_RCC_GetSysClkSource), (8 bytes).
    Removing stm32g4xx_ll_utils.o(.text.LL_RCC_SetAPB1Prescaler), (28 bytes).
    Removing stm32g4xx_ll_utils.o(.ARM.exidx.text.LL_RCC_SetAPB1Prescaler), (8 bytes).
    Removing stm32g4xx_ll_utils.o(.text.LL_RCC_SetAPB2Prescaler), (28 bytes).
    Removing stm32g4xx_ll_utils.o(.ARM.exidx.text.LL_RCC_SetAPB2Prescaler), (8 bytes).
    Removing clock_system.o(.text), (0 bytes).
    Removing clock_system.o(.text.SystemClock_Init), (114 bytes).
    Removing clock_system.o(.ARM.exidx.text.SystemClock_Init), (8 bytes).
    Removing clock_system.o(.text.LL_FLASH_EnablePrefetch), (18 bytes).
    Removing clock_system.o(.ARM.exidx.text.LL_FLASH_EnablePrefetch), (8 bytes).
    Removing clock_system.o(.text.LL_FLASH_EnableInstCache), (18 bytes).
    Removing clock_system.o(.ARM.exidx.text.LL_FLASH_EnableInstCache), (8 bytes).
    Removing clock_system.o(.text.LL_FLASH_EnableDataCache), (18 bytes).
    Removing clock_system.o(.ARM.exidx.text.LL_FLASH_EnableDataCache), (8 bytes).
    Removing clock_system.o(.text.LL_RCC_HSI_Enable), (18 bytes).
    Removing clock_system.o(.ARM.exidx.text.LL_RCC_HSI_Enable), (8 bytes).
    Removing clock_system.o(.text.LL_RCC_HSI_IsReady), (16 bytes).
    Removing clock_system.o(.ARM.exidx.text.LL_RCC_HSI_IsReady), (8 bytes).
    Removing clock_system.o(.text.LL_RCC_HSE_Enable), (18 bytes).
    Removing clock_system.o(.ARM.exidx.text.LL_RCC_HSE_Enable), (8 bytes).
    Removing clock_system.o(.text.LL_RCC_HSE_IsReady), (16 bytes).
    Removing clock_system.o(.ARM.exidx.text.LL_RCC_HSE_IsReady), (8 bytes).
    Removing clock_system.o(.text.Button_PC13_Init), (52 bytes).
    Removing clock_system.o(.ARM.exidx.text.Button_PC13_Init), (8 bytes).
    Removing clock_system.o(.ARM.exidx.text.LL_AHB2_GRP1_EnableClock), (8 bytes).
    Removing clock_system.o(.ARM.exidx.text.LED_PA5_Init), (8 bytes).
    Removing clock_system.o(.text.SystemTickConfig), (68 bytes).
    Removing clock_system.o(.ARM.exidx.text.SystemTickConfig), (8 bytes).
    Removing clock_system.o(.text.LL_InitTick), (54 bytes).
    Removing clock_system.o(.ARM.exidx.text.LL_InitTick), (8 bytes).
    Removing clock_system.o(.text.__NVIC_SetPriority), (66 bytes).
    Removing clock_system.o(.ARM.exidx.text.__NVIC_SetPriority), (8 bytes).
    Removing clock_system.o(.text.GetTick), (12 bytes).
    Removing clock_system.o(.ARM.exidx.text.GetTick), (8 bytes).
    Removing clock_system.o(.ARM.exidx.text.SysTick_Handler), (8 bytes).
    Removing clock_system.o(.rodata..L__const.SystemClock_Init.PLLInitStruct), (12 bytes).
    Removing clock_system.o(.rodata..L__const.SystemClock_Init.ClkInitStruct), (12 bytes).
    Removing led_blink.o(.text), (0 bytes).
    Removing led_blink.o(.ARM.exidx.text.main), (8 bytes).
    Removing led_blink.o(.ARM.exidx.text.LL_GPIO_SetOutputPin), (8 bytes).
    Removing led_blink.o(.ARM.exidx.text.LL_GPIO_ResetOutputPin), (8 bytes).
    Removing led_blink.o(.ARM.use_no_argv), (4 bytes).

234 unused section(s) (total 7668 bytes) removed from the image.

==============================================================================

Image Symbol Table

    Local Symbols

    Symbol Name                              Value     Ov Type        Size  Object(Section)

    ../clib/angel/boardlib.s                 0x00000000   Number         0  boardinit1.o ABSOLUTE
    ../clib/angel/boardlib.s                 0x00000000   Number         0  boardinit2.o ABSOLUTE
    ../clib/angel/boardlib.s                 0x00000000   Number         0  boardinit3.o ABSOLUTE
    ../clib/angel/boardlib.s                 0x00000000   Number         0  boardshut.o ABSOLUTE
    ../clib/angel/handlers.s                 0x00000000   Number         0  __scatter_zi.o ABSOLUTE
    ../clib/angel/kernel.s                   0x00000000   Number         0  __rtentry.o ABSOLUTE
    ../clib/angel/kernel.s                   0x00000000   Number         0  __rtentry2.o ABSOLUTE
    ../clib/angel/kernel.s                   0x00000000   Number         0  __rtentry4.o ABSOLUTE
    ../clib/angel/kernel.s                   0x00000000   Number         0  rtexit.o ABSOLUTE
    ../clib/angel/kernel.s                   0x00000000   Number         0  rtexit2.o ABSOLUTE
    ../clib/angel/rt.s                       0x00000000   Number         0  rt_raise.o ABSOLUTE
    ../clib/angel/scatter.s                  0x00000000   Number         0  __scatter.o ABSOLUTE
    ../clib/angel/startup.s                  0x00000000   Number         0  __main.o ABSOLUTE
    ../clib/angel/sys.s                      0x00000000   Number         0  sys_stackheap_outer.o ABSOLUTE
    ../clib/angel/sys.s                      0x00000000   Number         0  libspace.o ABSOLUTE
    ../clib/angel/sys.s                      0x00000000   Number         0  use_no_semi.o ABSOLUTE
    ../clib/angel/sys.s                      0x00000000   Number         0  indicate_semi.o ABSOLUTE
    ../clib/angel/sysapp.c                   0x00000000   Number         0  sys_exit.o ABSOLUTE
    ../clib/angel/sysapp.c                   0x00000000   Number         0  sys_exit_hlt.o ABSOLUTE
    ../clib/angel/sysapp.c                   0x00000000   Number         0  sys_command.o ABSOLUTE
    ../clib/angel/sysapp.c                   0x00000000   Number         0  sys_command_hlt.o ABSOLUTE
    ../clib/angel/sysapp.c                   0x00000000   Number         0  sys_wrch.o ABSOLUTE
    ../clib/angel/sysapp.c                   0x00000000   Number         0  sys_wrch_hlt.o ABSOLUTE
    ../clib/armsys.c                         0x00000000   Number         0  argv_veneer.o ABSOLUTE
    ../clib/armsys.c                         0x00000000   Number         0  argv_veneer.o ABSOLUTE
    ../clib/armsys.c                         0x00000000   Number         0  _get_argv_nomalloc.o ABSOLUTE
    ../clib/armsys.c                         0x00000000   Number         0  no_argv.o ABSOLUTE
    ../clib/heapalloc.c                      0x00000000   Number         0  hrguard.o ABSOLUTE
    ../clib/heapaux.c                        0x00000000   Number         0  heapauxi.o ABSOLUTE
    ../clib/libinit.s                        0x00000000   Number         0  libinit.o ABSOLUTE
    ../clib/libinit.s                        0x00000000   Number         0  libinit2.o ABSOLUTE
    ../clib/libinit.s                        0x00000000   Number         0  libshutdown.o ABSOLUTE
    ../clib/libinit.s                        0x00000000   Number         0  libshutdown2.o ABSOLUTE
    ../clib/signal.c                         0x00000000   Number         0  defsig_rtmem_outer.o ABSOLUTE
    ../clib/signal.c                         0x00000000   Number         0  defsig_rtmem_formal.o ABSOLUTE
    ../clib/signal.c                         0x00000000   Number         0  defsig_exit.o ABSOLUTE
    ../clib/signal.c                         0x00000000   Number         0  defsig_rtmem_inner.o ABSOLUTE
    ../clib/signal.c                         0x00000000   Number         0  __raise.o ABSOLUTE
    ../clib/signal.c                         0x00000000   Number         0  defsig_general.o ABSOLUTE
    ../clib/signal.c                         0x00000000   Number         0  defsig_abrt_inner.o ABSOLUTE
    ../clib/signal.c                         0x00000000   Number         0  defsig_fpe_inner.o ABSOLUTE
    ../clib/signal.c                         0x00000000   Number         0  defsig_rtred_inner.o ABSOLUTE
    ../clib/signal.c                         0x00000000   Number         0  defsig_stak_inner.o ABSOLUTE
    ../clib/signal.c                         0x00000000   Number         0  defsig_pvfn_inner.o ABSOLUTE
    ../clib/signal.c                         0x00000000   Number         0  defsig_cppl_inner.o ABSOLUTE
    ../clib/signal.c                         0x00000000   Number         0  defsig_segv_inner.o ABSOLUTE
    ../clib/signal.c                         0x00000000   Number         0  defsig_other.o ABSOLUTE
    ../clib/signal.s                         0x00000000   Number         0  defsig.o ABSOLUTE
    ../clib/stdlib.c                         0x00000000   Number         0  exit.o ABSOLUTE
    ../fplib/fpinit.s                        0x00000000   Number         0  fpinit.o ABSOLUTE
    ../libraries/CMSIS/Device/ST/STM32G4xx/Source/Templates/arm/startup_stm32g474xx.s 0x00000000   Number         0  startup_stm32g474xx.o ABSOLUTE
    Clock_system.c                           0x00000000   Number         0  clock_system.o ABSOLUTE
    LED_Blink.c                              0x00000000   Number         0  led_blink.o ABSOLUTE
    dc.s                                     0x00000000   Number         0  dc.o ABSOLUTE
    stm32g4xx_ll_gpio.c                      0x00000000   Number         0  stm32g4xx_ll_gpio.o ABSOLUTE
    stm32g4xx_ll_pwr.c                       0x00000000   Number         0  stm32g4xx_ll_pwr.o ABSOLUTE
    stm32g4xx_ll_rcc.c                       0x00000000   Number         0  stm32g4xx_ll_rcc.o ABSOLUTE
    stm32g4xx_ll_utils.c                     0x00000000   Number         0  stm32g4xx_ll_utils.o ABSOLUTE
    system_stm32g4xx.c                       0x00000000   Number         0  system_stm32g4xx.o ABSOLUTE
    RESET                                    0x08003000   Section      472  startup_stm32g474xx.o(RESET)
    !!!main                                  0x080031d8   Section        8  __main.o(!!!main)
    !!!scatter                               0x080031e0   Section       92  __scatter.o(!!!scatter)
    !!handler_null                           0x0800323c   Section        2  __scatter.o(!!handler_null)
    !!handler_zi                             0x08003240   Section       28  __scatter_zi.o(!!handler_zi)
    .ARM.Collect$$libinit$$00000000          0x0800325c   Section        2  libinit.o(.ARM.Collect$$libinit$$00000000)
    .ARM.Collect$$libinit$$00000001          0x0800325e   Section        4  libinit2.o(.ARM.Collect$$libinit$$00000001)
    .ARM.Collect$$libinit$$00000004          0x08003262   Section        0  libinit2.o(.ARM.Collect$$libinit$$00000004)
    .ARM.Collect$$libinit$$00000006          0x08003262   Section        0  libinit2.o(.ARM.Collect$$libinit$$00000006)
    .ARM.Collect$$libinit$$0000000C          0x08003262   Section        0  libinit2.o(.ARM.Collect$$libinit$$0000000C)
    .ARM.Collect$$libinit$$0000000E          0x08003262   Section        0  libinit2.o(.ARM.Collect$$libinit$$0000000E)
    .ARM.Collect$$libinit$$00000010          0x08003262   Section        0  libinit2.o(.ARM.Collect$$libinit$$00000010)
    .ARM.Collect$$libinit$$00000013          0x08003262   Section        0  libinit2.o(.ARM.Collect$$libinit$$00000013)
    .ARM.Collect$$libinit$$00000015          0x08003262   Section        0  libinit2.o(.ARM.Collect$$libinit$$00000015)
    .ARM.Collect$$libinit$$00000017          0x08003262   Section        0  libinit2.o(.ARM.Collect$$libinit$$00000017)
    .ARM.Collect$$libinit$$00000019          0x08003262   Section        0  libinit2.o(.ARM.Collect$$libinit$$00000019)
    .ARM.Collect$$libinit$$0000001B          0x08003262   Section        0  libinit2.o(.ARM.Collect$$libinit$$0000001B)
    .ARM.Collect$$libinit$$0000001D          0x08003262   Section        0  libinit2.o(.ARM.Collect$$libinit$$0000001D)
    .ARM.Collect$$libinit$$0000001F          0x08003262   Section        0  libinit2.o(.ARM.Collect$$libinit$$0000001F)
    .ARM.Collect$$libinit$$00000021          0x08003262   Section        0  libinit2.o(.ARM.Collect$$libinit$$00000021)
    .ARM.Collect$$libinit$$00000023          0x08003262   Section        0  libinit2.o(.ARM.Collect$$libinit$$00000023)
    .ARM.Collect$$libinit$$00000025          0x08003262   Section        0  libinit2.o(.ARM.Collect$$libinit$$00000025)
    .ARM.Collect$$libinit$$00000027          0x08003262   Section        0  libinit2.o(.ARM.Collect$$libinit$$00000027)
    .ARM.Collect$$libinit$$0000002E          0x08003262   Section        0  libinit2.o(.ARM.Collect$$libinit$$0000002E)
    .ARM.Collect$$libinit$$00000030          0x08003262   Section        0  libinit2.o(.ARM.Collect$$libinit$$00000030)
    .ARM.Collect$$libinit$$00000032          0x08003262   Section        0  libinit2.o(.ARM.Collect$$libinit$$00000032)
    .ARM.Collect$$libinit$$00000034          0x08003262   Section        0  libinit2.o(.ARM.Collect$$libinit$$00000034)
    .ARM.Collect$$libinit$$00000035          0x08003262   Section        2  libinit2.o(.ARM.Collect$$libinit$$00000035)
    .ARM.Collect$$libshutdown$$00000000      0x08003264   Section        2  libshutdown.o(.ARM.Collect$$libshutdown$$00000000)
    .ARM.Collect$$libshutdown$$00000002      0x08003266   Section        0  libshutdown2.o(.ARM.Collect$$libshutdown$$00000002)
    .ARM.Collect$$libshutdown$$00000004      0x08003266   Section        0  libshutdown2.o(.ARM.Collect$$libshutdown$$00000004)
    .ARM.Collect$$libshutdown$$00000007      0x08003266   Section        0  libshutdown2.o(.ARM.Collect$$libshutdown$$00000007)
    .ARM.Collect$$libshutdown$$0000000A      0x08003266   Section        0  libshutdown2.o(.ARM.Collect$$libshutdown$$0000000A)
    .ARM.Collect$$libshutdown$$0000000C      0x08003266   Section        0  libshutdown2.o(.ARM.Collect$$libshutdown$$0000000C)
    .ARM.Collect$$libshutdown$$0000000F      0x08003266   Section        0  libshutdown2.o(.ARM.Collect$$libshutdown$$0000000F)
    .ARM.Collect$$libshutdown$$00000010      0x08003266   Section        2  libshutdown2.o(.ARM.Collect$$libshutdown$$00000010)
    .ARM.Collect$$rtentry$$00000000          0x08003268   Section        0  __rtentry.o(.ARM.Collect$$rtentry$$00000000)
    .ARM.Collect$$rtentry$$00000002          0x08003268   Section        0  __rtentry2.o(.ARM.Collect$$rtentry$$00000002)
    .ARM.Collect$$rtentry$$00000004          0x08003268   Section        6  __rtentry4.o(.ARM.Collect$$rtentry$$00000004)
    .ARM.Collect$$rtentry$$00000009          0x0800326e   Section        0  __rtentry2.o(.ARM.Collect$$rtentry$$00000009)
    .ARM.Collect$$rtentry$$0000000A          0x0800326e   Section        4  __rtentry2.o(.ARM.Collect$$rtentry$$0000000A)
    .ARM.Collect$$rtentry$$0000000C          0x08003272   Section        0  __rtentry2.o(.ARM.Collect$$rtentry$$0000000C)
    .ARM.Collect$$rtentry$$0000000D          0x08003272   Section        8  __rtentry2.o(.ARM.Collect$$rtentry$$0000000D)
    .ARM.Collect$$rtexit$$00000000           0x0800327a   Section        2  rtexit.o(.ARM.Collect$$rtexit$$00000000)
    .ARM.Collect$$rtexit$$00000002           0x0800327c   Section        0  rtexit2.o(.ARM.Collect$$rtexit$$00000002)
    .ARM.Collect$$rtexit$$00000003           0x0800327c   Section        4  rtexit2.o(.ARM.Collect$$rtexit$$00000003)
    .ARM.Collect$$rtexit$$00000004           0x08003280   Section        6  rtexit2.o(.ARM.Collect$$rtexit$$00000004)
    $v0                                      0x08003288   Number         0  startup_stm32g474xx.o(.text)
    .text                                    0x08003288   Section       64  startup_stm32g474xx.o(.text)
    .text                                    0x080032c8   Section        0  heapauxi.o(.text)
    .text                                    0x080032ce   Section       74  sys_stackheap_outer.o(.text)
    .text                                    0x08003318   Section        0  exit.o(.text)
    .text                                    0x0800332c   Section        8  libspace.o(.text)
    .text                                    0x08003334   Section        0  sys_exit.o(.text)
    .text                                    0x08003340   Section        2  use_no_semi.o(.text)
    .text                                    0x08003342   Section        0  indicate_semi.o(.text)
    [Anonymous Symbol]                       0x08003344   Section        0  clock_system.o(.text.LED_PA5_Init)
    LL_AHB2_GRP1_EnableClock                 0x0800337d   Thumb Code    34  clock_system.o(.text.LL_AHB2_GRP1_EnableClock)
    [Anonymous Symbol]                       0x0800337c   Section        0  clock_system.o(.text.LL_AHB2_GRP1_EnableClock)
    [Anonymous Symbol]                       0x080033a0   Section        0  stm32g4xx_ll_gpio.o(.text.LL_GPIO_Init)
    LL_GPIO_ResetOutputPin                   0x0800347d   Thumb Code    16  led_blink.o(.text.LL_GPIO_ResetOutputPin)
    [Anonymous Symbol]                       0x0800347c   Section        0  led_blink.o(.text.LL_GPIO_ResetOutputPin)
    LL_GPIO_SetAFPin_0_7                     0x0800348d   Thumb Code   124  stm32g4xx_ll_gpio.o(.text.LL_GPIO_SetAFPin_0_7)
    [Anonymous Symbol]                       0x0800348c   Section        0  stm32g4xx_ll_gpio.o(.text.LL_GPIO_SetAFPin_0_7)
    LL_GPIO_SetAFPin_8_15                    0x08003509   Thumb Code   128  stm32g4xx_ll_gpio.o(.text.LL_GPIO_SetAFPin_8_15)
    [Anonymous Symbol]                       0x08003508   Section        0  stm32g4xx_ll_gpio.o(.text.LL_GPIO_SetAFPin_8_15)
    LL_GPIO_SetOutputPin                     0x08003589   Thumb Code    16  led_blink.o(.text.LL_GPIO_SetOutputPin)
    [Anonymous Symbol]                       0x08003588   Section        0  led_blink.o(.text.LL_GPIO_SetOutputPin)
    LL_GPIO_SetPinMode                       0x08003599   Thumb Code   124  stm32g4xx_ll_gpio.o(.text.LL_GPIO_SetPinMode)
    [Anonymous Symbol]                       0x08003598   Section        0  stm32g4xx_ll_gpio.o(.text.LL_GPIO_SetPinMode)
    LL_GPIO_SetPinOutputType                 0x08003615   Thumb Code    30  stm32g4xx_ll_gpio.o(.text.LL_GPIO_SetPinOutputType)
    [Anonymous Symbol]                       0x08003614   Section        0  stm32g4xx_ll_gpio.o(.text.LL_GPIO_SetPinOutputType)
    LL_GPIO_SetPinPull                       0x08003635   Thumb Code   124  stm32g4xx_ll_gpio.o(.text.LL_GPIO_SetPinPull)
    [Anonymous Symbol]                       0x08003634   Section        0  stm32g4xx_ll_gpio.o(.text.LL_GPIO_SetPinPull)
    LL_GPIO_SetPinSpeed                      0x080036b1   Thumb Code   124  stm32g4xx_ll_gpio.o(.text.LL_GPIO_SetPinSpeed)
    [Anonymous Symbol]                       0x080036b0   Section        0  stm32g4xx_ll_gpio.o(.text.LL_GPIO_SetPinSpeed)
    [Anonymous Symbol]                       0x0800372c   Section        0  stm32g4xx_ll_utils.o(.text.LL_mDelay)
    [Anonymous Symbol]                       0x0800377c   Section        0  clock_system.o(.text.SysTick_Handler)
    [Anonymous Symbol]                       0x0800378c   Section        0  system_stm32g4xx.o(.text.SystemInit)
    [Anonymous Symbol]                       0x080037b0   Section        0  led_blink.o(.text.main)
    $v0                                      0x080037e8   Number         0  fpinit.o(x$fpl$fpinit)
    x$fpl$fpinit                             0x080037e8   Section       26  fpinit.o(x$fpl$fpinit)
    .bss                                     0x20000000   Section       96  libspace.o(.bss)
    uwTick                                   0x20000060   Data           4  clock_system.o(.bss.uwTick)
    [Anonymous Symbol]                       0x20000060   Section        0  clock_system.o(.bss.uwTick)
    Heap_Mem                                 0x20000068   Data         512  startup_stm32g474xx.o(HEAP)
    HEAP                                     0x20000068   Section      512  startup_stm32g474xx.o(HEAP)
    Stack_Mem                                0x20000268   Data        1024  startup_stm32g474xx.o(STACK)
    STACK                                    0x20000268   Section     1024  startup_stm32g474xx.o(STACK)
    __initial_sp                             0x20000668   Data           0  startup_stm32g474xx.o(STACK)

    Global Symbols

    Symbol Name                              Value     Ov Type        Size  Object(Section)

    BuildAttributes$$THM_ISAv4$E$P$D$K$B$S$7EM$VFPi3$EXTD16$VFPS$VFMA$PE$A:L22UL41UL21$X:L11$S22US41US21$IEEE1$IW$~IW$USESV6$~STKCKD$USESV7$~SHL$OSPACE$ROPI$EBA8$UX$STANDARDLIB$REQ8$PRES8$EABIv2 0x00000000   Number         0  anon$$obj.o ABSOLUTE
    __ARM_exceptions_init                     - Undefined Weak Reference
    __alloca_initialize                       - Undefined Weak Reference
    __arm_preinit_                            - Undefined Weak Reference
    __arm_relocate_pie_                       - Undefined Weak Reference
    __cpp_initialize__aeabi_                  - Undefined Weak Reference
    __cxa_finalize                            - Undefined Weak Reference
    __rt_locale                               - Undefined Weak Reference
    __sigvec_lookup                           - Undefined Weak Reference
    _atexit_init                              - Undefined Weak Reference
    _call_atexit_fns                          - Undefined Weak Reference
    _clock_init                               - Undefined Weak Reference
    _fp_trap_init                             - Undefined Weak Reference
    _fp_trap_shutdown                         - Undefined Weak Reference
    _get_lc_collate                           - Undefined Weak Reference
    _get_lc_ctype                             - Undefined Weak Reference
    _get_lc_monetary                          - Undefined Weak Reference
    _get_lc_numeric                           - Undefined Weak Reference
    _get_lc_time                              - Undefined Weak Reference
    _getenv_init                              - Undefined Weak Reference
    _handle_redirection                       - Undefined Weak Reference
    _init_alloc                               - Undefined Weak Reference
    _init_user_alloc                          - Undefined Weak Reference
    _initio                                   - Undefined Weak Reference
    _rand_init                                - Undefined Weak Reference
    _signal_finish                            - Undefined Weak Reference
    _signal_init                              - Undefined Weak Reference
    _terminate_alloc                          - Undefined Weak Reference
    _terminate_user_alloc                     - Undefined Weak Reference
    _terminateio                              - Undefined Weak Reference
    __Vectors_Size                           0x000001d8   Number         0  startup_stm32g474xx.o ABSOLUTE
    __Vectors                                0x08003000   Data           4  startup_stm32g474xx.o(RESET)
    __Vectors_End                            0x080031d8   Data           0  startup_stm32g474xx.o(RESET)
    __main                                   0x080031d9   Thumb Code     8  __main.o(!!!main)
    __scatterload                            0x080031e1   Thumb Code     0  __scatter.o(!!!scatter)
    __scatterload_rt2                        0x080031e1   Thumb Code    84  __scatter.o(!!!scatter)
    __scatterload_rt2_thumb_only             0x080031e1   Thumb Code     0  __scatter.o(!!!scatter)
    __scatterload_loop                       0x080031eb   Thumb Code     0  __scatter.o(!!!scatter)
    __scatterload_null                       0x0800323d   Thumb Code     2  __scatter.o(!!handler_null)
    __scatterload_zeroinit                   0x08003241   Thumb Code    28  __scatter_zi.o(!!handler_zi)
    __rt_lib_init                            0x0800325d   Thumb Code     0  libinit.o(.ARM.Collect$$libinit$$00000000)
    __rt_lib_init_fp_1                       0x0800325f   Thumb Code     0  libinit2.o(.ARM.Collect$$libinit$$00000001)
    __rt_lib_init_alloca_1                   0x08003263   Thumb Code     0  libinit2.o(.ARM.Collect$$libinit$$00000030)
    __rt_lib_init_argv_1                     0x08003263   Thumb Code     0  libinit2.o(.ARM.Collect$$libinit$$0000002E)
    __rt_lib_init_atexit_1                   0x08003263   Thumb Code     0  libinit2.o(.ARM.Collect$$libinit$$0000001D)
    __rt_lib_init_clock_1                    0x08003263   Thumb Code     0  libinit2.o(.ARM.Collect$$libinit$$00000023)
    __rt_lib_init_cpp_1                      0x08003263   Thumb Code     0  libinit2.o(.ARM.Collect$$libinit$$00000034)
    __rt_lib_init_exceptions_1               0x08003263   Thumb Code     0  libinit2.o(.ARM.Collect$$libinit$$00000032)
    __rt_lib_init_fp_trap_1                  0x08003263   Thumb Code     0  libinit2.o(.ARM.Collect$$libinit$$00000021)
    __rt_lib_init_getenv_1                   0x08003263   Thumb Code     0  libinit2.o(.ARM.Collect$$libinit$$00000025)
    __rt_lib_init_heap_1                     0x08003263   Thumb Code     0  libinit2.o(.ARM.Collect$$libinit$$0000000C)
    __rt_lib_init_lc_collate_1               0x08003263   Thumb Code     0  libinit2.o(.ARM.Collect$$libinit$$00000013)
    __rt_lib_init_lc_ctype_1                 0x08003263   Thumb Code     0  libinit2.o(.ARM.Collect$$libinit$$00000015)
    __rt_lib_init_lc_monetary_1              0x08003263   Thumb Code     0  libinit2.o(.ARM.Collect$$libinit$$00000017)
    __rt_lib_init_lc_numeric_1               0x08003263   Thumb Code     0  libinit2.o(.ARM.Collect$$libinit$$00000019)
    __rt_lib_init_lc_time_1                  0x08003263   Thumb Code     0  libinit2.o(.ARM.Collect$$libinit$$0000001B)
    __rt_lib_init_preinit_1                  0x08003263   Thumb Code     0  libinit2.o(.ARM.Collect$$libinit$$00000006)
    __rt_lib_init_rand_1                     0x08003263   Thumb Code     0  libinit2.o(.ARM.Collect$$libinit$$00000010)
    __rt_lib_init_relocate_pie_1             0x08003263   Thumb Code     0  libinit2.o(.ARM.Collect$$libinit$$00000004)
    __rt_lib_init_return                     0x08003263   Thumb Code     0  libinit2.o(.ARM.Collect$$libinit$$00000035)
    __rt_lib_init_signal_1                   0x08003263   Thumb Code     0  libinit2.o(.ARM.Collect$$libinit$$0000001F)
    __rt_lib_init_stdio_1                    0x08003263   Thumb Code     0  libinit2.o(.ARM.Collect$$libinit$$00000027)
    __rt_lib_init_user_alloc_1               0x08003263   Thumb Code     0  libinit2.o(.ARM.Collect$$libinit$$0000000E)
    __rt_lib_shutdown                        0x08003265   Thumb Code     0  libshutdown.o(.ARM.Collect$$libshutdown$$00000000)
    __rt_lib_shutdown_cpp_1                  0x08003267   Thumb Code     0  libshutdown2.o(.ARM.Collect$$libshutdown$$00000002)
    __rt_lib_shutdown_fp_trap_1              0x08003267   Thumb Code     0  libshutdown2.o(.ARM.Collect$$libshutdown$$00000007)
    __rt_lib_shutdown_heap_1                 0x08003267   Thumb Code     0  libshutdown2.o(.ARM.Collect$$libshutdown$$0000000F)
    __rt_lib_shutdown_return                 0x08003267   Thumb Code     0  libshutdown2.o(.ARM.Collect$$libshutdown$$00000010)
    __rt_lib_shutdown_signal_1               0x08003267   Thumb Code     0  libshutdown2.o(.ARM.Collect$$libshutdown$$0000000A)
    __rt_lib_shutdown_stdio_1                0x08003267   Thumb Code     0  libshutdown2.o(.ARM.Collect$$libshutdown$$00000004)
    __rt_lib_shutdown_user_alloc_1           0x08003267   Thumb Code     0  libshutdown2.o(.ARM.Collect$$libshutdown$$0000000C)
    __rt_entry                               0x08003269   Thumb Code     0  __rtentry.o(.ARM.Collect$$rtentry$$00000000)
    __rt_entry_presh_1                       0x08003269   Thumb Code     0  __rtentry2.o(.ARM.Collect$$rtentry$$00000002)
    __rt_entry_sh                            0x08003269   Thumb Code     0  __rtentry4.o(.ARM.Collect$$rtentry$$00000004)
    __rt_entry_li                            0x0800326f   Thumb Code     0  __rtentry2.o(.ARM.Collect$$rtentry$$0000000A)
    __rt_entry_postsh_1                      0x0800326f   Thumb Code     0  __rtentry2.o(.ARM.Collect$$rtentry$$00000009)
    __rt_entry_main                          0x08003273   Thumb Code     0  __rtentry2.o(.ARM.Collect$$rtentry$$0000000D)
    __rt_entry_postli_1                      0x08003273   Thumb Code     0  __rtentry2.o(.ARM.Collect$$rtentry$$0000000C)
    __rt_exit                                0x0800327b   Thumb Code     0  rtexit.o(.ARM.Collect$$rtexit$$00000000)
    __rt_exit_ls                             0x0800327d   Thumb Code     0  rtexit2.o(.ARM.Collect$$rtexit$$00000003)
    __rt_exit_prels_1                        0x0800327d   Thumb Code     0  rtexit2.o(.ARM.Collect$$rtexit$$00000002)
    __rt_exit_exit                           0x08003281   Thumb Code     0  rtexit2.o(.ARM.Collect$$rtexit$$00000004)
    Reset_Handler                            0x08003289   Thumb Code     8  startup_stm32g474xx.o(.text)
    NMI_Handler                              0x08003291   Thumb Code     2  startup_stm32g474xx.o(.text)
    HardFault_Handler                        0x08003293   Thumb Code     2  startup_stm32g474xx.o(.text)
    MemManage_Handler                        0x08003295   Thumb Code     2  startup_stm32g474xx.o(.text)
    BusFault_Handler                         0x08003297   Thumb Code     2  startup_stm32g474xx.o(.text)
    UsageFault_Handler                       0x08003299   Thumb Code     2  startup_stm32g474xx.o(.text)
    SVC_Handler                              0x0800329b   Thumb Code     2  startup_stm32g474xx.o(.text)
    DebugMon_Handler                         0x0800329d   Thumb Code     2  startup_stm32g474xx.o(.text)
    PendSV_Handler                           0x0800329f   Thumb Code     2  startup_stm32g474xx.o(.text)
    ADC1_2_IRQHandler                        0x080032a3   Thumb Code     0  startup_stm32g474xx.o(.text)
    ADC3_IRQHandler                          0x080032a3   Thumb Code     0  startup_stm32g474xx.o(.text)
    ADC4_IRQHandler                          0x080032a3   Thumb Code     0  startup_stm32g474xx.o(.text)
    ADC5_IRQHandler                          0x080032a3   Thumb Code     0  startup_stm32g474xx.o(.text)
    COMP1_2_3_IRQHandler                     0x080032a3   Thumb Code     0  startup_stm32g474xx.o(.text)
    COMP4_5_6_IRQHandler                     0x080032a3   Thumb Code     0  startup_stm32g474xx.o(.text)
    COMP7_IRQHandler                         0x080032a3   Thumb Code     0  startup_stm32g474xx.o(.text)
    CORDIC_IRQHandler                        0x080032a3   Thumb Code     0  startup_stm32g474xx.o(.text)
    CRS_IRQHandler                           0x080032a3   Thumb Code     0  startup_stm32g474xx.o(.text)
    DMA1_Channel1_IRQHandler                 0x080032a3   Thumb Code     0  startup_stm32g474xx.o(.text)
    DMA1_Channel2_IRQHandler                 0x080032a3   Thumb Code     0  startup_stm32g474xx.o(.text)
    DMA1_Channel3_IRQHandler                 0x080032a3   Thumb Code     0  startup_stm32g474xx.o(.text)
    DMA1_Channel4_IRQHandler                 0x080032a3   Thumb Code     0  startup_stm32g474xx.o(.text)
    DMA1_Channel5_IRQHandler                 0x080032a3   Thumb Code     0  startup_stm32g474xx.o(.text)
    DMA1_Channel6_IRQHandler                 0x080032a3   Thumb Code     0  startup_stm32g474xx.o(.text)
    DMA1_Channel7_IRQHandler                 0x080032a3   Thumb Code     0  startup_stm32g474xx.o(.text)
    DMA1_Channel8_IRQHandler                 0x080032a3   Thumb Code     0  startup_stm32g474xx.o(.text)
    DMA2_Channel1_IRQHandler                 0x080032a3   Thumb Code     0  startup_stm32g474xx.o(.text)
    DMA2_Channel2_IRQHandler                 0x080032a3   Thumb Code     0  startup_stm32g474xx.o(.text)
    DMA2_Channel3_IRQHandler                 0x080032a3   Thumb Code     0  startup_stm32g474xx.o(.text)
    DMA2_Channel4_IRQHandler                 0x080032a3   Thumb Code     0  startup_stm32g474xx.o(.text)
    DMA2_Channel5_IRQHandler                 0x080032a3   Thumb Code     0  startup_stm32g474xx.o(.text)
    DMA2_Channel6_IRQHandler                 0x080032a3   Thumb Code     0  startup_stm32g474xx.o(.text)
    DMA2_Channel7_IRQHandler                 0x080032a3   Thumb Code     0  startup_stm32g474xx.o(.text)
    DMA2_Channel8_IRQHandler                 0x080032a3   Thumb Code     0  startup_stm32g474xx.o(.text)
    DMAMUX_OVR_IRQHandler                    0x080032a3   Thumb Code     0  startup_stm32g474xx.o(.text)
    EXTI0_IRQHandler                         0x080032a3   Thumb Code     0  startup_stm32g474xx.o(.text)
    EXTI15_10_IRQHandler                     0x080032a3   Thumb Code     0  startup_stm32g474xx.o(.text)
    EXTI1_IRQHandler                         0x080032a3   Thumb Code     0  startup_stm32g474xx.o(.text)
    EXTI2_IRQHandler                         0x080032a3   Thumb Code     0  startup_stm32g474xx.o(.text)
    EXTI3_IRQHandler                         0x080032a3   Thumb Code     0  startup_stm32g474xx.o(.text)
    EXTI4_IRQHandler                         0x080032a3   Thumb Code     0  startup_stm32g474xx.o(.text)
    EXTI9_5_IRQHandler                       0x080032a3   Thumb Code     0  startup_stm32g474xx.o(.text)
    FDCAN1_IT0_IRQHandler                    0x080032a3   Thumb Code     0  startup_stm32g474xx.o(.text)
    FDCAN1_IT1_IRQHandler                    0x080032a3   Thumb Code     0  startup_stm32g474xx.o(.text)
    FDCAN2_IT0_IRQHandler                    0x080032a3   Thumb Code     0  startup_stm32g474xx.o(.text)
    FDCAN2_IT1_IRQHandler                    0x080032a3   Thumb Code     0  startup_stm32g474xx.o(.text)
    FDCAN3_IT0_IRQHandler                    0x080032a3   Thumb Code     0  startup_stm32g474xx.o(.text)
    FDCAN3_IT1_IRQHandler                    0x080032a3   Thumb Code     0  startup_stm32g474xx.o(.text)
    FLASH_IRQHandler                         0x080032a3   Thumb Code     0  startup_stm32g474xx.o(.text)
    FMAC_IRQHandler                          0x080032a3   Thumb Code     0  startup_stm32g474xx.o(.text)
    FMC_IRQHandler                           0x080032a3   Thumb Code     0  startup_stm32g474xx.o(.text)
    FPU_IRQHandler                           0x080032a3   Thumb Code     0  startup_stm32g474xx.o(.text)
    HRTIM1_FLT_IRQHandler                    0x080032a3   Thumb Code     0  startup_stm32g474xx.o(.text)
    HRTIM1_Master_IRQHandler                 0x080032a3   Thumb Code     0  startup_stm32g474xx.o(.text)
    HRTIM1_TIMA_IRQHandler                   0x080032a3   Thumb Code     0  startup_stm32g474xx.o(.text)
    HRTIM1_TIMB_IRQHandler                   0x080032a3   Thumb Code     0  startup_stm32g474xx.o(.text)
    HRTIM1_TIMC_IRQHandler                   0x080032a3   Thumb Code     0  startup_stm32g474xx.o(.text)
    HRTIM1_TIMD_IRQHandler                   0x080032a3   Thumb Code     0  startup_stm32g474xx.o(.text)
    HRTIM1_TIME_IRQHandler                   0x080032a3   Thumb Code     0  startup_stm32g474xx.o(.text)
    HRTIM1_TIMF_IRQHandler                   0x080032a3   Thumb Code     0  startup_stm32g474xx.o(.text)
    I2C1_ER_IRQHandler                       0x080032a3   Thumb Code     0  startup_stm32g474xx.o(.text)
    I2C1_EV_IRQHandler                       0x080032a3   Thumb Code     0  startup_stm32g474xx.o(.text)
    I2C2_ER_IRQHandler                       0x080032a3   Thumb Code     0  startup_stm32g474xx.o(.text)
    I2C2_EV_IRQHandler                       0x080032a3   Thumb Code     0  startup_stm32g474xx.o(.text)
    I2C3_ER_IRQHandler                       0x080032a3   Thumb Code     0  startup_stm32g474xx.o(.text)
    I2C3_EV_IRQHandler                       0x080032a3   Thumb Code     0  startup_stm32g474xx.o(.text)
    I2C4_ER_IRQHandler                       0x080032a3   Thumb Code     0  startup_stm32g474xx.o(.text)
    I2C4_EV_IRQHandler                       0x080032a3   Thumb Code     0  startup_stm32g474xx.o(.text)
    LPTIM1_IRQHandler                        0x080032a3   Thumb Code     0  startup_stm32g474xx.o(.text)
    LPUART1_IRQHandler                       0x080032a3   Thumb Code     0  startup_stm32g474xx.o(.text)
    PVD_PVM_IRQHandler                       0x080032a3   Thumb Code     0  startup_stm32g474xx.o(.text)
    QUADSPI_IRQHandler                       0x080032a3   Thumb Code     0  startup_stm32g474xx.o(.text)
    RCC_IRQHandler                           0x080032a3   Thumb Code     0  startup_stm32g474xx.o(.text)
    RNG_IRQHandler                           0x080032a3   Thumb Code     0  startup_stm32g474xx.o(.text)
    RTC_Alarm_IRQHandler                     0x080032a3   Thumb Code     0  startup_stm32g474xx.o(.text)
    RTC_TAMP_LSECSS_IRQHandler               0x080032a3   Thumb Code     0  startup_stm32g474xx.o(.text)
    RTC_WKUP_IRQHandler                      0x080032a3   Thumb Code     0  startup_stm32g474xx.o(.text)
    SAI1_IRQHandler                          0x080032a3   Thumb Code     0  startup_stm32g474xx.o(.text)
    SPI1_IRQHandler                          0x080032a3   Thumb Code     0  startup_stm32g474xx.o(.text)
    SPI2_IRQHandler                          0x080032a3   Thumb Code     0  startup_stm32g474xx.o(.text)
    SPI3_IRQHandler                          0x080032a3   Thumb Code     0  startup_stm32g474xx.o(.text)
    SPI4_IRQHandler                          0x080032a3   Thumb Code     0  startup_stm32g474xx.o(.text)
    TIM1_BRK_TIM15_IRQHandler                0x080032a3   Thumb Code     0  startup_stm32g474xx.o(.text)
    TIM1_CC_IRQHandler                       0x080032a3   Thumb Code     0  startup_stm32g474xx.o(.text)
    TIM1_TRG_COM_TIM17_IRQHandler            0x080032a3   Thumb Code     0  startup_stm32g474xx.o(.text)
    TIM1_UP_TIM16_IRQHandler                 0x080032a3   Thumb Code     0  startup_stm32g474xx.o(.text)
    TIM20_BRK_IRQHandler                     0x080032a3   Thumb Code     0  startup_stm32g474xx.o(.text)
    TIM20_CC_IRQHandler                      0x080032a3   Thumb Code     0  startup_stm32g474xx.o(.text)
    TIM20_TRG_COM_IRQHandler                 0x080032a3   Thumb Code     0  startup_stm32g474xx.o(.text)
    TIM20_UP_IRQHandler                      0x080032a3   Thumb Code     0  startup_stm32g474xx.o(.text)
    TIM2_IRQHandler                          0x080032a3   Thumb Code     0  startup_stm32g474xx.o(.text)
    TIM3_IRQHandler                          0x080032a3   Thumb Code     0  startup_stm32g474xx.o(.text)
    TIM4_IRQHandler                          0x080032a3   Thumb Code     0  startup_stm32g474xx.o(.text)
    TIM5_IRQHandler                          0x080032a3   Thumb Code     0  startup_stm32g474xx.o(.text)
    TIM6_DAC_IRQHandler                      0x080032a3   Thumb Code     0  startup_stm32g474xx.o(.text)
    TIM7_DAC_IRQHandler                      0x080032a3   Thumb Code     0  startup_stm32g474xx.o(.text)
    TIM8_BRK_IRQHandler                      0x080032a3   Thumb Code     0  startup_stm32g474xx.o(.text)
    TIM8_CC_IRQHandler                       0x080032a3   Thumb Code     0  startup_stm32g474xx.o(.text)
    TIM8_TRG_COM_IRQHandler                  0x080032a3   Thumb Code     0  startup_stm32g474xx.o(.text)
    TIM8_UP_IRQHandler                       0x080032a3   Thumb Code     0  startup_stm32g474xx.o(.text)
    UART4_IRQHandler                         0x080032a3   Thumb Code     0  startup_stm32g474xx.o(.text)
    UART5_IRQHandler                         0x080032a3   Thumb Code     0  startup_stm32g474xx.o(.text)
    UCPD1_IRQHandler                         0x080032a3   Thumb Code     0  startup_stm32g474xx.o(.text)
    USART1_IRQHandler                        0x080032a3   Thumb Code     0  startup_stm32g474xx.o(.text)
    USART2_IRQHandler                        0x080032a3   Thumb Code     0  startup_stm32g474xx.o(.text)
    USART3_IRQHandler                        0x080032a3   Thumb Code     0  startup_stm32g474xx.o(.text)
    USBWakeUp_IRQHandler                     0x080032a3   Thumb Code     0  startup_stm32g474xx.o(.text)
    USB_HP_IRQHandler                        0x080032a3   Thumb Code     0  startup_stm32g474xx.o(.text)
    USB_LP_IRQHandler                        0x080032a3   Thumb Code     0  startup_stm32g474xx.o(.text)
    WWDG_IRQHandler                          0x080032a3   Thumb Code     0  startup_stm32g474xx.o(.text)
    __user_initial_stackheap                 0x080032a5   Thumb Code     0  startup_stm32g474xx.o(.text)
    __use_two_region_memory                  0x080032c9   Thumb Code     2  heapauxi.o(.text)
    __rt_heap_escrow$2region                 0x080032cb   Thumb Code     2  heapauxi.o(.text)
    __rt_heap_expand$2region                 0x080032cd   Thumb Code     2  heapauxi.o(.text)
    __user_setup_stackheap                   0x080032cf   Thumb Code    74  sys_stackheap_outer.o(.text)
    exit                                     0x08003319   Thumb Code    18  exit.o(.text)
    __user_libspace                          0x0800332d   Thumb Code     8  libspace.o(.text)
    __user_perproc_libspace                  0x0800332d   Thumb Code     0  libspace.o(.text)
    __user_perthread_libspace                0x0800332d   Thumb Code     0  libspace.o(.text)
    _sys_exit                                0x08003335   Thumb Code     8  sys_exit.o(.text)
    __I$use$semihosting                      0x08003341   Thumb Code     0  use_no_semi.o(.text)
    __use_no_semihosting_swi                 0x08003341   Thumb Code     2  use_no_semi.o(.text)
    __semihosting_library_function           0x08003343   Thumb Code     0  indicate_semi.o(.text)
    LED_PA5_Init                             0x08003345   Thumb Code    54  clock_system.o(.text.LED_PA5_Init)
    LL_GPIO_Init                             0x080033a1   Thumb Code   220  stm32g4xx_ll_gpio.o(.text.LL_GPIO_Init)
    LL_mDelay                                0x0800372d   Thumb Code    78  stm32g4xx_ll_utils.o(.text.LL_mDelay)
    SysTick_Handler                          0x0800377d   Thumb Code    16  clock_system.o(.text.SysTick_Handler)
    SystemInit                               0x0800378d   Thumb Code    36  system_stm32g4xx.o(.text.SystemInit)
    main                                     0x080037b1   Thumb Code    56  led_blink.o(.text.main)
    _fp_init                                 0x080037e9   Thumb Code    26  fpinit.o(x$fpl$fpinit)
    __fplib_config_fpu_vfp                   0x08003801   Thumb Code     0  fpinit.o(x$fpl$fpinit)
    __fplib_config_pureend_doubles           0x08003801   Thumb Code     0  fpinit.o(x$fpl$fpinit)
    Region$$Table$$Base                      0x08003804   Number         0  anon$$obj.o(Region$$Table)
    Region$$Table$$Limit                     0x08003814   Number         0  anon$$obj.o(Region$$Table)
    __libspace_start                         0x20000000   Data          96  libspace.o(.bss)
    __temporary_stack_top$libspace           0x20000060   Data           0  libspace.o(.bss)



==============================================================================

Memory Map of the image

  Image Entry point : 0x080031d9

  Load Region LR_IROM1 (Base: 0x08003000, Size: 0x00000814, Max: 0x0007d000, ABSOLUTE)

    Execution Region ER_IROM1 (Exec base: 0x08003000, Load base: 0x08003000, Size: 0x00000814, Max: 0x0007d000, ABSOLUTE)

    Exec Addr    Load Addr    Size         Type   Attr      Idx    E Section Name        Object

    0x08003000   0x08003000   0x000001d8   Data   RO           17    RESET               startup_stm32g474xx.o
    0x080031d8   0x080031d8   0x00000008   Code   RO          306  * !!!main             c_w.l(__main.o)
    0x080031e0   0x080031e0   0x0000005c   Code   RO          471    !!!scatter          c_w.l(__scatter.o)
    0x0800323c   0x0800323c   0x00000002   Code   RO          472    !!handler_null      c_w.l(__scatter.o)
    0x0800323e   0x0800323e   0x00000002   PAD
    0x08003240   0x08003240   0x0000001c   Code   RO          475    !!handler_zi        c_w.l(__scatter_zi.o)
    0x0800325c   0x0800325c   0x00000002   Code   RO          333    .ARM.Collect$$libinit$$00000000  c_w.l(libinit.o)
    0x0800325e   0x0800325e   0x00000004   Code   RO          339    .ARM.Collect$$libinit$$00000001  c_w.l(libinit2.o)
    0x08003262   0x08003262   0x00000000   Code   RO          342    .ARM.Collect$$libinit$$00000004  c_w.l(libinit2.o)
    0x08003262   0x08003262   0x00000000   Code   RO          344    .ARM.Collect$$libinit$$00000006  c_w.l(libinit2.o)
    0x08003262   0x08003262   0x00000000   Code   RO          347    .ARM.Collect$$libinit$$0000000C  c_w.l(libinit2.o)
    0x08003262   0x08003262   0x00000000   Code   RO          349    .ARM.Collect$$libinit$$0000000E  c_w.l(libinit2.o)
    0x08003262   0x08003262   0x00000000   Code   RO          351    .ARM.Collect$$libinit$$00000010  c_w.l(libinit2.o)
    0x08003262   0x08003262   0x00000000   Code   RO          354    .ARM.Collect$$libinit$$00000013  c_w.l(libinit2.o)
    0x08003262   0x08003262   0x00000000   Code   RO          356    .ARM.Collect$$libinit$$00000015  c_w.l(libinit2.o)
    0x08003262   0x08003262   0x00000000   Code   RO          358    .ARM.Collect$$libinit$$00000017  c_w.l(libinit2.o)
    0x08003262   0x08003262   0x00000000   Code   RO          360    .ARM.Collect$$libinit$$00000019  c_w.l(libinit2.o)
    0x08003262   0x08003262   0x00000000   Code   RO          362    .ARM.Collect$$libinit$$0000001B  c_w.l(libinit2.o)
    0x08003262   0x08003262   0x00000000   Code   RO          364    .ARM.Collect$$libinit$$0000001D  c_w.l(libinit2.o)
    0x08003262   0x08003262   0x00000000   Code   RO          366    .ARM.Collect$$libinit$$0000001F  c_w.l(libinit2.o)
    0x08003262   0x08003262   0x00000000   Code   RO          368    .ARM.Collect$$libinit$$00000021  c_w.l(libinit2.o)
    0x08003262   0x08003262   0x00000000   Code   RO          370    .ARM.Collect$$libinit$$00000023  c_w.l(libinit2.o)
    0x08003262   0x08003262   0x00000000   Code   RO          372    .ARM.Collect$$libinit$$00000025  c_w.l(libinit2.o)
    0x08003262   0x08003262   0x00000000   Code   RO          374    .ARM.Collect$$libinit$$00000027  c_w.l(libinit2.o)
    0x08003262   0x08003262   0x00000000   Code   RO          378    .ARM.Collect$$libinit$$0000002E  c_w.l(libinit2.o)
    0x08003262   0x08003262   0x00000000   Code   RO          380    .ARM.Collect$$libinit$$00000030  c_w.l(libinit2.o)
    0x08003262   0x08003262   0x00000000   Code   RO          382    .ARM.Collect$$libinit$$00000032  c_w.l(libinit2.o)
    0x08003262   0x08003262   0x00000000   Code   RO          384    .ARM.Collect$$libinit$$00000034  c_w.l(libinit2.o)
    0x08003262   0x08003262   0x00000002   Code   RO          385    .ARM.Collect$$libinit$$00000035  c_w.l(libinit2.o)
    0x08003264   0x08003264   0x00000002   Code   RO          407    .ARM.Collect$$libshutdown$$00000000  c_w.l(libshutdown.o)
    0x08003266   0x08003266   0x00000000   Code   RO          422    .ARM.Collect$$libshutdown$$00000002  c_w.l(libshutdown2.o)
    0x08003266   0x08003266   0x00000000   Code   RO          424    .ARM.Collect$$libshutdown$$00000004  c_w.l(libshutdown2.o)
    0x08003266   0x08003266   0x00000000   Code   RO          427    .ARM.Collect$$libshutdown$$00000007  c_w.l(libshutdown2.o)
    0x08003266   0x08003266   0x00000000   Code   RO          430    .ARM.Collect$$libshutdown$$0000000A  c_w.l(libshutdown2.o)
    0x08003266   0x08003266   0x00000000   Code   RO          432    .ARM.Collect$$libshutdown$$0000000C  c_w.l(libshutdown2.o)
    0x08003266   0x08003266   0x00000000   Code   RO          435    .ARM.Collect$$libshutdown$$0000000F  c_w.l(libshutdown2.o)
    0x08003266   0x08003266   0x00000002   Code   RO          436    .ARM.Collect$$libshutdown$$00000010  c_w.l(libshutdown2.o)
    0x08003268   0x08003268   0x00000000   Code   RO          308    .ARM.Collect$$rtentry$$00000000  c_w.l(__rtentry.o)
    0x08003268   0x08003268   0x00000000   Code   RO          310    .ARM.Collect$$rtentry$$00000002  c_w.l(__rtentry2.o)
    0x08003268   0x08003268   0x00000006   Code   RO          322    .ARM.Collect$$rtentry$$00000004  c_w.l(__rtentry4.o)
    0x0800326e   0x0800326e   0x00000000   Code   RO          312    .ARM.Collect$$rtentry$$00000009  c_w.l(__rtentry2.o)
    0x0800326e   0x0800326e   0x00000004   Code   RO          313    .ARM.Collect$$rtentry$$0000000A  c_w.l(__rtentry2.o)
    0x08003272   0x08003272   0x00000000   Code   RO          315    .ARM.Collect$$rtentry$$0000000C  c_w.l(__rtentry2.o)
    0x08003272   0x08003272   0x00000008   Code   RO          316    .ARM.Collect$$rtentry$$0000000D  c_w.l(__rtentry2.o)
    0x0800327a   0x0800327a   0x00000002   Code   RO          337    .ARM.Collect$$rtexit$$00000000  c_w.l(rtexit.o)
    0x0800327c   0x0800327c   0x00000000   Code   RO          387    .ARM.Collect$$rtexit$$00000002  c_w.l(rtexit2.o)
    0x0800327c   0x0800327c   0x00000004   Code   RO          388    .ARM.Collect$$rtexit$$00000003  c_w.l(rtexit2.o)
    0x08003280   0x08003280   0x00000006   Code   RO          389    .ARM.Collect$$rtexit$$00000004  c_w.l(rtexit2.o)
    0x08003286   0x08003286   0x00000002   PAD
    0x08003288   0x08003288   0x00000040   Code   RO           18    .text               startup_stm32g474xx.o
    0x080032c8   0x080032c8   0x00000006   Code   RO          304    .text               c_w.l(heapauxi.o)
    0x080032ce   0x080032ce   0x0000004a   Code   RO          324    .text               c_w.l(sys_stackheap_outer.o)
    0x08003318   0x08003318   0x00000012   Code   RO          326    .text               c_w.l(exit.o)
    0x0800332a   0x0800332a   0x00000002   PAD
    0x0800332c   0x0800332c   0x00000008   Code   RO          334    .text               c_w.l(libspace.o)
    0x08003334   0x08003334   0x0000000c   Code   RO          397    .text               c_w.l(sys_exit.o)
    0x08003340   0x08003340   0x00000002   Code   RO          412    .text               c_w.l(use_no_semi.o)
    0x08003342   0x08003342   0x00000000   Code   RO          414    .text               c_w.l(indicate_semi.o)
    0x08003342   0x08003342   0x00000002   PAD
    0x08003344   0x08003344   0x00000036   Code   RO          267    .text.LED_PA5_Init  clock_system.o
    0x0800337a   0x0800337a   0x00000002   PAD
    0x0800337c   0x0800337c   0x00000022   Code   RO          265    .text.LL_AHB2_GRP1_EnableClock  clock_system.o
    0x0800339e   0x0800339e   0x00000002   PAD
    0x080033a0   0x080033a0   0x000000dc   Code   RO           31    .text.LL_GPIO_Init  stm32g4xx_ll_gpio.o
    0x0800347c   0x0800347c   0x00000010   Code   RO          293    .text.LL_GPIO_ResetOutputPin  led_blink.o
    0x0800348c   0x0800348c   0x0000007c   Code   RO           39    .text.LL_GPIO_SetAFPin_0_7  stm32g4xx_ll_gpio.o
    0x08003508   0x08003508   0x00000080   Code   RO           41    .text.LL_GPIO_SetAFPin_8_15  stm32g4xx_ll_gpio.o
    0x08003588   0x08003588   0x00000010   Code   RO          291    .text.LL_GPIO_SetOutputPin  led_blink.o
    0x08003598   0x08003598   0x0000007c   Code   RO           43    .text.LL_GPIO_SetPinMode  stm32g4xx_ll_gpio.o
    0x08003614   0x08003614   0x0000001e   Code   RO           35    .text.LL_GPIO_SetPinOutputType  stm32g4xx_ll_gpio.o
    0x08003632   0x08003632   0x00000002   PAD
    0x08003634   0x08003634   0x0000007c   Code   RO           37    .text.LL_GPIO_SetPinPull  stm32g4xx_ll_gpio.o
    0x080036b0   0x080036b0   0x0000007c   Code   RO           33    .text.LL_GPIO_SetPinSpeed  stm32g4xx_ll_gpio.o
    0x0800372c   0x0800372c   0x0000004e   Code   RO          186    .text.LL_mDelay     stm32g4xx_ll_utils.o
    0x0800377a   0x0800377a   0x00000002   PAD
    0x0800377c   0x0800377c   0x00000010   Code   RO          277    .text.SysTick_Handler  clock_system.o
    0x0800378c   0x0800378c   0x00000024   Code   RO            2    .text.SystemInit    system_stm32g4xx.o
    0x080037b0   0x080037b0   0x00000038   Code   RO          289    .text.main          led_blink.o
    0x080037e8   0x080037e8   0x0000001a   Code   RO          395    x$fpl$fpinit        fz_wm.l(fpinit.o)
    0x08003802   0x08003802   0x00000002   PAD
    0x08003804   0x08003804   0x00000010   Data   RO          470    Region$$Table       anon$$obj.o


    Execution Region RW_IRAM1 (Exec base: 0x20000000, Load base: 0x08003814, Size: 0x00000668, Max: 0x00020000, ABSOLUTE)

    Exec Addr    Load Addr    Size         Type   Attr      Idx    E Section Name        Object

    0x20000000        -       0x00000060   Zero   RW          335    .bss                c_w.l(libspace.o)
    0x20000060        -       0x00000004   Zero   RW          281    .bss.uwTick         clock_system.o
    0x20000064   0x08003814   0x00000004   PAD
    0x20000068        -       0x00000200   Zero   RW           16    HEAP                startup_stm32g474xx.o
    0x20000268        -       0x00000400   Zero   RW           15    STACK               startup_stm32g474xx.o


==============================================================================

Image component sizes


      Code (inc. data)   RO Data    RW Data    ZI Data      Debug   Object Name

       104          0          0          0          4       8347   clock_system.o
        88          0          0          0          0       1325   led_blink.o
        64         26        472          0       1536        964   startup_stm32g474xx.o
       874          0          0          0          0       5156   stm32g4xx_ll_gpio.o
        78          0          0          0          0       8219   stm32g4xx_ll_utils.o
        36          0          0          0          0       2804   system_stm32g4xx.o

    ----------------------------------------------------------------------
      1252         26        488          0       1544      26815   Object Totals
         0          0         16          0          0          0   (incl. Generated)
         8          0          0          0          4          0   (incl. Padding)

    ----------------------------------------------------------------------

      Code (inc. data)   RO Data    RW Data    ZI Data      Debug   Library Member Name

         8          0          0          0          0         68   __main.o
         0          0          0          0          0          0   __rtentry.o
        12          0          0          0          0          0   __rtentry2.o
         6          0          0          0          0          0   __rtentry4.o
        94          8          0          0          0          0   __scatter.o
        28          0          0          0          0          0   __scatter_zi.o
        18          0          0          0          0         80   exit.o
         6          0          0          0          0        152   heapauxi.o
         0          0          0          0          0          0   indicate_semi.o
         2          0          0          0          0          0   libinit.o
         6          0          0          0          0          0   libinit2.o
         2          0          0          0          0          0   libshutdown.o
         2          0          0          0          0          0   libshutdown2.o
         8          4          0          0         96         68   libspace.o
         2          0          0          0          0          0   rtexit.o
        10          0          0          0          0          0   rtexit2.o
        12          4          0          0          0         68   sys_exit.o
        74          0          0          0          0         80   sys_stackheap_outer.o
         2          0          0          0          0         68   use_no_semi.o
        26          0          0          0          0        116   fpinit.o

    ----------------------------------------------------------------------
       328         16          0          0         96        700   Library Totals
        10          0          0          0          0          0   (incl. Padding)

    ----------------------------------------------------------------------

      Code (inc. data)   RO Data    RW Data    ZI Data      Debug   Library Name

       292         16          0          0         96        584   c_w.l
        26          0          0          0          0        116   fz_wm.l

    ----------------------------------------------------------------------
       328         16          0          0         96        700   Library Totals

    ----------------------------------------------------------------------

==============================================================================


      Code (inc. data)   RO Data    RW Data    ZI Data      Debug   

      1580         42        488          0       1640      27279   Grand Totals
      1580         42        488          0       1640      27279   ELF Image Totals
      1580         42        488          0          0          0   ROM Totals

==============================================================================

    Total RO  Size (Code + RO Data)                 2068 (   2.02kB)
    Total RW  Size (RW Data + ZI Data)              1640 (   1.60kB)
    Total ROM Size (Code + RO Data + RW Data)       2068 (   2.02kB)

==============================================================================

