<!doctype html public "-//w3c//dtd html 4.0 transitional//en">
<html><head>
<title>Static Call Graph - [.\Objects\Bootloader.axf]</title></head>
<body><HR>
<H1>Static Call Graph for image .\Objects\Bootloader.axf</H1><HR>
<BR><P>#&#060CALLGRAPH&#062# ARM Linker, 6240002: Last Updated: Mon Aug 24 22:22:59 2026
<BR><P>
<H3>Maximum Stack Usage =       3192 bytes + Unknown(Functions without stacksize, Cycles, Untraceable Function Pointers)</H3><H3>
Call chain for Maximum Stack Depth:</H3>
__rt_entry_main &rArr; main &rArr; UART_ProcessState_G4 &rArr; PocessCommand_G4 &rArr; Bootloader_PrepareAck
<P>
<H3>
Functions with no stack information
</H3><UL>
 <LI><a href="#[71]">__user_initial_stackheap</a>
</UL>
</UL>
<P>
<H3>
Mutually Recursive functions
</H3> <LI><a href="#[1]">NMI_Handler</a>&nbsp;&nbsp;&nbsp;&rArr;&nbsp;&nbsp;&nbsp;<a href="#[1]">NMI_Handler</a><BR>
 <LI><a href="#[2]">HardFault_Handler</a>&nbsp;&nbsp;&nbsp;&rArr;&nbsp;&nbsp;&nbsp;<a href="#[2]">HardFault_Handler</a><BR>
 <LI><a href="#[3]">MemManage_Handler</a>&nbsp;&nbsp;&nbsp;&rArr;&nbsp;&nbsp;&nbsp;<a href="#[3]">MemManage_Handler</a><BR>
 <LI><a href="#[4]">BusFault_Handler</a>&nbsp;&nbsp;&nbsp;&rArr;&nbsp;&nbsp;&nbsp;<a href="#[4]">BusFault_Handler</a><BR>
 <LI><a href="#[5]">UsageFault_Handler</a>&nbsp;&nbsp;&nbsp;&rArr;&nbsp;&nbsp;&nbsp;<a href="#[5]">UsageFault_Handler</a><BR>
 <LI><a href="#[6]">SVC_Handler</a>&nbsp;&nbsp;&nbsp;&rArr;&nbsp;&nbsp;&nbsp;<a href="#[6]">SVC_Handler</a><BR>
 <LI><a href="#[7]">DebugMon_Handler</a>&nbsp;&nbsp;&nbsp;&rArr;&nbsp;&nbsp;&nbsp;<a href="#[7]">DebugMon_Handler</a><BR>
 <LI><a href="#[8]">PendSV_Handler</a>&nbsp;&nbsp;&nbsp;&rArr;&nbsp;&nbsp;&nbsp;<a href="#[8]">PendSV_Handler</a><BR>
 <LI><a href="#[1c]">ADC1_2_IRQHandler</a>&nbsp;&nbsp;&nbsp;&rArr;&nbsp;&nbsp;&nbsp;<a href="#[1c]">ADC1_2_IRQHandler</a><BR>
</UL>
<P>
<H3>
Function Pointers
</H3><UL>
 <LI><a href="#[1c]">ADC1_2_IRQHandler</a> from startup_stm32g474xx.o(.text) referenced from startup_stm32g474xx.o(RESET)
 <LI><a href="#[39]">ADC3_IRQHandler</a> from startup_stm32g474xx.o(.text) referenced from startup_stm32g474xx.o(RESET)
 <LI><a href="#[47]">ADC4_IRQHandler</a> from startup_stm32g474xx.o(.text) referenced from startup_stm32g474xx.o(RESET)
 <LI><a href="#[48]">ADC5_IRQHandler</a> from startup_stm32g474xx.o(.text) referenced from startup_stm32g474xx.o(RESET)
 <LI><a href="#[4]">BusFault_Handler</a> from startup_stm32g474xx.o(.text) referenced from startup_stm32g474xx.o(RESET)
 <LI><a href="#[4a]">COMP1_2_3_IRQHandler</a> from startup_stm32g474xx.o(.text) referenced from startup_stm32g474xx.o(RESET)
 <LI><a href="#[4b]">COMP4_5_6_IRQHandler</a> from startup_stm32g474xx.o(.text) referenced from startup_stm32g474xx.o(RESET)
 <LI><a href="#[4c]">COMP7_IRQHandler</a> from startup_stm32g474xx.o(.text) referenced from startup_stm32g474xx.o(RESET)
 <LI><a href="#[6d]">CORDIC_IRQHandler</a> from startup_stm32g474xx.o(.text) referenced from startup_stm32g474xx.o(RESET)
 <LI><a href="#[55]">CRS_IRQHandler</a> from startup_stm32g474xx.o(.text) referenced from startup_stm32g474xx.o(RESET)
 <LI><a href="#[15]">DMA1_Channel1_IRQHandler</a> from startup_stm32g474xx.o(.text) referenced from startup_stm32g474xx.o(RESET)
 <LI><a href="#[16]">DMA1_Channel2_IRQHandler</a> from startup_stm32g474xx.o(.text) referenced from startup_stm32g474xx.o(RESET)
 <LI><a href="#[17]">DMA1_Channel3_IRQHandler</a> from startup_stm32g474xx.o(.text) referenced from startup_stm32g474xx.o(RESET)
 <LI><a href="#[18]">DMA1_Channel4_IRQHandler</a> from bootloader.o(.text.DMA1_Channel4_IRQHandler) referenced from startup_stm32g474xx.o(RESET)
 <LI><a href="#[19]">DMA1_Channel5_IRQHandler</a> from bootloader.o(.text.DMA1_Channel5_IRQHandler) referenced from startup_stm32g474xx.o(RESET)
 <LI><a href="#[1a]">DMA1_Channel6_IRQHandler</a> from startup_stm32g474xx.o(.text) referenced from startup_stm32g474xx.o(RESET)
 <LI><a href="#[1b]">DMA1_Channel7_IRQHandler</a> from startup_stm32g474xx.o(.text) referenced from startup_stm32g474xx.o(RESET)
 <LI><a href="#[69]">DMA1_Channel8_IRQHandler</a> from startup_stm32g474xx.o(.text) referenced from startup_stm32g474xx.o(RESET)
 <LI><a href="#[42]">DMA2_Channel1_IRQHandler</a> from startup_stm32g474xx.o(.text) referenced from startup_stm32g474xx.o(RESET)
 <LI><a href="#[43]">DMA2_Channel2_IRQHandler</a> from startup_stm32g474xx.o(.text) referenced from startup_stm32g474xx.o(RESET)
 <LI><a href="#[44]">DMA2_Channel3_IRQHandler</a> from startup_stm32g474xx.o(.text) referenced from startup_stm32g474xx.o(RESET)
 <LI><a href="#[45]">DMA2_Channel4_IRQHandler</a> from startup_stm32g474xx.o(.text) referenced from startup_stm32g474xx.o(RESET)
 <LI><a href="#[46]">DMA2_Channel5_IRQHandler</a> from startup_stm32g474xx.o(.text) referenced from startup_stm32g474xx.o(RESET)
 <LI><a href="#[6a]">DMA2_Channel6_IRQHandler</a> from startup_stm32g474xx.o(.text) referenced from startup_stm32g474xx.o(RESET)
 <LI><a href="#[6b]">DMA2_Channel7_IRQHandler</a> from startup_stm32g474xx.o(.text) referenced from startup_stm32g474xx.o(RESET)
 <LI><a href="#[6c]">DMA2_Channel8_IRQHandler</a> from startup_stm32g474xx.o(.text) referenced from startup_stm32g474xx.o(RESET)
 <LI><a href="#[67]">DMAMUX_OVR_IRQHandler</a> from startup_stm32g474xx.o(.text) referenced from startup_stm32g474xx.o(RESET)
 <LI><a href="#[7]">DebugMon_Handler</a> from startup_stm32g474xx.o(.text) referenced from startup_stm32g474xx.o(RESET)
 <LI><a href="#[10]">EXTI0_IRQHandler</a> from startup_stm32g474xx.o(.text) referenced from startup_stm32g474xx.o(RESET)
 <LI><a href="#[32]">EXTI15_10_IRQHandler</a> from startup_stm32g474xx.o(.text) referenced from startup_stm32g474xx.o(RESET)
 <LI><a href="#[11]">EXTI1_IRQHandler</a> from startup_stm32g474xx.o(.text) referenced from startup_stm32g474xx.o(RESET)
 <LI><a href="#[12]">EXTI2_IRQHandler</a> from startup_stm32g474xx.o(.text) referenced from startup_stm32g474xx.o(RESET)
 <LI><a href="#[13]">EXTI3_IRQHandler</a> from startup_stm32g474xx.o(.text) referenced from startup_stm32g474xx.o(RESET)
 <LI><a href="#[14]">EXTI4_IRQHandler</a> from startup_stm32g474xx.o(.text) referenced from startup_stm32g474xx.o(RESET)
 <LI><a href="#[21]">EXTI9_5_IRQHandler</a> from startup_stm32g474xx.o(.text) referenced from startup_stm32g474xx.o(RESET)
 <LI><a href="#[1f]">FDCAN1_IT0_IRQHandler</a> from startup_stm32g474xx.o(.text) referenced from startup_stm32g474xx.o(RESET)
 <LI><a href="#[20]">FDCAN1_IT1_IRQHandler</a> from startup_stm32g474xx.o(.text) referenced from startup_stm32g474xx.o(RESET)
 <LI><a href="#[5f]">FDCAN2_IT0_IRQHandler</a> from startup_stm32g474xx.o(.text) referenced from startup_stm32g474xx.o(RESET)
 <LI><a href="#[60]">FDCAN2_IT1_IRQHandler</a> from startup_stm32g474xx.o(.text) referenced from startup_stm32g474xx.o(RESET)
 <LI><a href="#[61]">FDCAN3_IT0_IRQHandler</a> from startup_stm32g474xx.o(.text) referenced from startup_stm32g474xx.o(RESET)
 <LI><a href="#[62]">FDCAN3_IT1_IRQHandler</a> from startup_stm32g474xx.o(.text) referenced from startup_stm32g474xx.o(RESET)
 <LI><a href="#[e]">FLASH_IRQHandler</a> from startup_stm32g474xx.o(.text) referenced from startup_stm32g474xx.o(RESET)
 <LI><a href="#[6e]">FMAC_IRQHandler</a> from startup_stm32g474xx.o(.text) referenced from startup_stm32g474xx.o(RESET)
 <LI><a href="#[3a]">FMC_IRQHandler</a> from startup_stm32g474xx.o(.text) referenced from startup_stm32g474xx.o(RESET)
 <LI><a href="#[5b]">FPU_IRQHandler</a> from startup_stm32g474xx.o(.text) referenced from startup_stm32g474xx.o(RESET)
 <LI><a href="#[53]">HRTIM1_FLT_IRQHandler</a> from startup_stm32g474xx.o(.text) referenced from startup_stm32g474xx.o(RESET)
 <LI><a href="#[4d]">HRTIM1_Master_IRQHandler</a> from startup_stm32g474xx.o(.text) referenced from startup_stm32g474xx.o(RESET)
 <LI><a href="#[4e]">HRTIM1_TIMA_IRQHandler</a> from startup_stm32g474xx.o(.text) referenced from startup_stm32g474xx.o(RESET)
 <LI><a href="#[4f]">HRTIM1_TIMB_IRQHandler</a> from startup_stm32g474xx.o(.text) referenced from startup_stm32g474xx.o(RESET)
 <LI><a href="#[50]">HRTIM1_TIMC_IRQHandler</a> from startup_stm32g474xx.o(.text) referenced from startup_stm32g474xx.o(RESET)
 <LI><a href="#[51]">HRTIM1_TIMD_IRQHandler</a> from startup_stm32g474xx.o(.text) referenced from startup_stm32g474xx.o(RESET)
 <LI><a href="#[52]">HRTIM1_TIME_IRQHandler</a> from startup_stm32g474xx.o(.text) referenced from startup_stm32g474xx.o(RESET)
 <LI><a href="#[54]">HRTIM1_TIMF_IRQHandler</a> from startup_stm32g474xx.o(.text) referenced from startup_stm32g474xx.o(RESET)
 <LI><a href="#[2]">HardFault_Handler</a> from startup_stm32g474xx.o(.text) referenced from startup_stm32g474xx.o(RESET)
 <LI><a href="#[2a]">I2C1_ER_IRQHandler</a> from startup_stm32g474xx.o(.text) referenced from startup_stm32g474xx.o(RESET)
 <LI><a href="#[29]">I2C1_EV_IRQHandler</a> from startup_stm32g474xx.o(.text) referenced from startup_stm32g474xx.o(RESET)
 <LI><a href="#[2c]">I2C2_ER_IRQHandler</a> from startup_stm32g474xx.o(.text) referenced from startup_stm32g474xx.o(RESET)
 <LI><a href="#[2b]">I2C2_EV_IRQHandler</a> from startup_stm32g474xx.o(.text) referenced from startup_stm32g474xx.o(RESET)
 <LI><a href="#[66]">I2C3_ER_IRQHandler</a> from startup_stm32g474xx.o(.text) referenced from startup_stm32g474xx.o(RESET)
 <LI><a href="#[65]">I2C3_EV_IRQHandler</a> from startup_stm32g474xx.o(.text) referenced from startup_stm32g474xx.o(RESET)
 <LI><a href="#[5d]">I2C4_ER_IRQHandler</a> from startup_stm32g474xx.o(.text) referenced from startup_stm32g474xx.o(RESET)
 <LI><a href="#[5c]">I2C4_EV_IRQHandler</a> from startup_stm32g474xx.o(.text) referenced from startup_stm32g474xx.o(RESET)
 <LI><a href="#[3b]">LPTIM1_IRQHandler</a> from startup_stm32g474xx.o(.text) referenced from startup_stm32g474xx.o(RESET)
 <LI><a href="#[64]">LPUART1_IRQHandler</a> from bootloader.o(.text.LPUART1_IRQHandler) referenced from startup_stm32g474xx.o(RESET)
 <LI><a href="#[3]">MemManage_Handler</a> from startup_stm32g474xx.o(.text) referenced from startup_stm32g474xx.o(RESET)
 <LI><a href="#[1]">NMI_Handler</a> from startup_stm32g474xx.o(.text) referenced from startup_stm32g474xx.o(RESET)
 <LI><a href="#[b]">PVD_PVM_IRQHandler</a> from startup_stm32g474xx.o(.text) referenced from startup_stm32g474xx.o(RESET)
 <LI><a href="#[8]">PendSV_Handler</a> from startup_stm32g474xx.o(.text) referenced from startup_stm32g474xx.o(RESET)
 <LI><a href="#[68]">QUADSPI_IRQHandler</a> from startup_stm32g474xx.o(.text) referenced from startup_stm32g474xx.o(RESET)
 <LI><a href="#[f]">RCC_IRQHandler</a> from startup_stm32g474xx.o(.text) referenced from startup_stm32g474xx.o(RESET)
 <LI><a href="#[63]">RNG_IRQHandler</a> from startup_stm32g474xx.o(.text) referenced from startup_stm32g474xx.o(RESET)
 <LI><a href="#[33]">RTC_Alarm_IRQHandler</a> from startup_stm32g474xx.o(.text) referenced from startup_stm32g474xx.o(RESET)
 <LI><a href="#[c]">RTC_TAMP_LSECSS_IRQHandler</a> from startup_stm32g474xx.o(.text) referenced from startup_stm32g474xx.o(RESET)
 <LI><a href="#[d]">RTC_WKUP_IRQHandler</a> from startup_stm32g474xx.o(.text) referenced from startup_stm32g474xx.o(RESET)
 <LI><a href="#[0]">Reset_Handler</a> from startup_stm32g474xx.o(.text) referenced from startup_stm32g474xx.o(RESET)
 <LI><a href="#[56]">SAI1_IRQHandler</a> from startup_stm32g474xx.o(.text) referenced from startup_stm32g474xx.o(RESET)
 <LI><a href="#[2d]">SPI1_IRQHandler</a> from startup_stm32g474xx.o(.text) referenced from startup_stm32g474xx.o(RESET)
 <LI><a href="#[2e]">SPI2_IRQHandler</a> from startup_stm32g474xx.o(.text) referenced from startup_stm32g474xx.o(RESET)
 <LI><a href="#[3d]">SPI3_IRQHandler</a> from startup_stm32g474xx.o(.text) referenced from startup_stm32g474xx.o(RESET)
 <LI><a href="#[5e]">SPI4_IRQHandler</a> from startup_stm32g474xx.o(.text) referenced from startup_stm32g474xx.o(RESET)
 <LI><a href="#[6]">SVC_Handler</a> from startup_stm32g474xx.o(.text) referenced from startup_stm32g474xx.o(RESET)
 <LI><a href="#[9]">SysTick_Handler</a> from clock_system.o(.text.SysTick_Handler) referenced from startup_stm32g474xx.o(RESET)
 <LI><a href="#[6f]">SystemInit</a> from system_stm32g4xx.o(.text.SystemInit) referenced from startup_stm32g474xx.o(.text)
 <LI><a href="#[22]">TIM1_BRK_TIM15_IRQHandler</a> from startup_stm32g474xx.o(.text) referenced from startup_stm32g474xx.o(RESET)
 <LI><a href="#[25]">TIM1_CC_IRQHandler</a> from startup_stm32g474xx.o(.text) referenced from startup_stm32g474xx.o(RESET)
 <LI><a href="#[24]">TIM1_TRG_COM_TIM17_IRQHandler</a> from startup_stm32g474xx.o(.text) referenced from startup_stm32g474xx.o(RESET)
 <LI><a href="#[23]">TIM1_UP_TIM16_IRQHandler</a> from startup_stm32g474xx.o(.text) referenced from startup_stm32g474xx.o(RESET)
 <LI><a href="#[57]">TIM20_BRK_IRQHandler</a> from startup_stm32g474xx.o(.text) referenced from startup_stm32g474xx.o(RESET)
 <LI><a href="#[5a]">TIM20_CC_IRQHandler</a> from startup_stm32g474xx.o(.text) referenced from startup_stm32g474xx.o(RESET)
 <LI><a href="#[59]">TIM20_TRG_COM_IRQHandler</a> from startup_stm32g474xx.o(.text) referenced from startup_stm32g474xx.o(RESET)
 <LI><a href="#[58]">TIM20_UP_IRQHandler</a> from startup_stm32g474xx.o(.text) referenced from startup_stm32g474xx.o(RESET)
 <LI><a href="#[26]">TIM2_IRQHandler</a> from startup_stm32g474xx.o(.text) referenced from startup_stm32g474xx.o(RESET)
 <LI><a href="#[27]">TIM3_IRQHandler</a> from startup_stm32g474xx.o(.text) referenced from startup_stm32g474xx.o(RESET)
 <LI><a href="#[28]">TIM4_IRQHandler</a> from startup_stm32g474xx.o(.text) referenced from startup_stm32g474xx.o(RESET)
 <LI><a href="#[3c]">TIM5_IRQHandler</a> from startup_stm32g474xx.o(.text) referenced from startup_stm32g474xx.o(RESET)
 <LI><a href="#[40]">TIM6_DAC_IRQHandler</a> from startup_stm32g474xx.o(.text) referenced from startup_stm32g474xx.o(RESET)
 <LI><a href="#[41]">TIM7_DAC_IRQHandler</a> from startup_stm32g474xx.o(.text) referenced from startup_stm32g474xx.o(RESET)
 <LI><a href="#[35]">TIM8_BRK_IRQHandler</a> from startup_stm32g474xx.o(.text) referenced from startup_stm32g474xx.o(RESET)
 <LI><a href="#[38]">TIM8_CC_IRQHandler</a> from startup_stm32g474xx.o(.text) referenced from startup_stm32g474xx.o(RESET)
 <LI><a href="#[37]">TIM8_TRG_COM_IRQHandler</a> from startup_stm32g474xx.o(.text) referenced from startup_stm32g474xx.o(RESET)
 <LI><a href="#[36]">TIM8_UP_IRQHandler</a> from startup_stm32g474xx.o(.text) referenced from startup_stm32g474xx.o(RESET)
 <LI><a href="#[3e]">UART4_IRQHandler</a> from startup_stm32g474xx.o(.text) referenced from startup_stm32g474xx.o(RESET)
 <LI><a href="#[3f]">UART5_IRQHandler</a> from startup_stm32g474xx.o(.text) referenced from startup_stm32g474xx.o(RESET)
 <LI><a href="#[49]">UCPD1_IRQHandler</a> from startup_stm32g474xx.o(.text) referenced from startup_stm32g474xx.o(RESET)
 <LI><a href="#[2f]">USART1_IRQHandler</a> from startup_stm32g474xx.o(.text) referenced from startup_stm32g474xx.o(RESET)
 <LI><a href="#[30]">USART2_IRQHandler</a> from startup_stm32g474xx.o(.text) referenced from startup_stm32g474xx.o(RESET)
 <LI><a href="#[31]">USART3_IRQHandler</a> from startup_stm32g474xx.o(.text) referenced from startup_stm32g474xx.o(RESET)
 <LI><a href="#[34]">USBWakeUp_IRQHandler</a> from startup_stm32g474xx.o(.text) referenced from startup_stm32g474xx.o(RESET)
 <LI><a href="#[1d]">USB_HP_IRQHandler</a> from startup_stm32g474xx.o(.text) referenced from startup_stm32g474xx.o(RESET)
 <LI><a href="#[1e]">USB_LP_IRQHandler</a> from startup_stm32g474xx.o(.text) referenced from startup_stm32g474xx.o(RESET)
 <LI><a href="#[5]">UsageFault_Handler</a> from startup_stm32g474xx.o(.text) referenced from startup_stm32g474xx.o(RESET)
 <LI><a href="#[a]">WWDG_IRQHandler</a> from startup_stm32g474xx.o(.text) referenced from startup_stm32g474xx.o(RESET)
 <LI><a href="#[70]">__main</a> from __main.o(!!!main) referenced from startup_stm32g474xx.o(.text)
</UL>
<P>
<H3>
Global Symbols
</H3>
<P><STRONG><a name="[70]"></a>__main</STRONG> (Thumb, 8 bytes, Stack size 0 bytes, __main.o(!!!main))
<BR><BR>[Calls]<UL><LI><a href="#[73]">&gt;&gt;</a>&nbsp;&nbsp;&nbsp;__rt_entry
<LI><a href="#[72]">&gt;&gt;</a>&nbsp;&nbsp;&nbsp;__scatterload
</UL>
<BR>[Address Reference Count : 1]<UL><LI> startup_stm32g474xx.o(.text)
</UL>
<P><STRONG><a name="[72]"></a>__scatterload</STRONG> (Thumb, 0 bytes, Stack size unknown bytes, __scatter.o(!!!scatter))
<BR><BR>[Called By]<UL><LI><a href="#[70]">&gt;&gt;</a>&nbsp;&nbsp;&nbsp;__main
</UL>

<P><STRONG><a name="[74]"></a>__scatterload_rt2</STRONG> (Thumb, 84 bytes, Stack size unknown bytes, __scatter.o(!!!scatter), UNUSED)
<BR><BR>[Calls]<UL><LI><a href="#[73]">&gt;&gt;</a>&nbsp;&nbsp;&nbsp;__rt_entry
</UL>

<P><STRONG><a name="[127]"></a>__scatterload_rt2_thumb_only</STRONG> (Thumb, 0 bytes, Stack size unknown bytes, __scatter.o(!!!scatter), UNUSED)

<P><STRONG><a name="[128]"></a>__scatterload_loop</STRONG> (Thumb, 0 bytes, Stack size unknown bytes, __scatter.o(!!!scatter), UNUSED)

<P><STRONG><a name="[75]"></a>__scatterload_copy</STRONG> (Thumb, 26 bytes, Stack size unknown bytes, __scatter_copy.o(!!handler_copy), UNUSED)
<BR><BR>[Calls]<UL><LI><a href="#[75]">&gt;&gt;</a>&nbsp;&nbsp;&nbsp;__scatterload_copy
</UL>
<BR>[Called By]<UL><LI><a href="#[75]">&gt;&gt;</a>&nbsp;&nbsp;&nbsp;__scatterload_copy
</UL>

<P><STRONG><a name="[129]"></a>__scatterload_null</STRONG> (Thumb, 2 bytes, Stack size unknown bytes, __scatter.o(!!handler_null), UNUSED)

<P><STRONG><a name="[12a]"></a>__scatterload_zeroinit</STRONG> (Thumb, 28 bytes, Stack size unknown bytes, __scatter_zi.o(!!handler_zi), UNUSED)

<P><STRONG><a name="[7b]"></a>__rt_lib_init</STRONG> (Thumb, 0 bytes, Stack size unknown bytes, libinit.o(.ARM.Collect$$libinit$$00000000))
<BR><BR>[Called By]<UL><LI><a href="#[7a]">&gt;&gt;</a>&nbsp;&nbsp;&nbsp;__rt_entry_li
</UL>

<P><STRONG><a name="[76]"></a>__rt_lib_init_fp_1</STRONG> (Thumb, 0 bytes, Stack size unknown bytes, libinit2.o(.ARM.Collect$$libinit$$00000001))
<BR><BR>[Calls]<UL><LI><a href="#[77]">&gt;&gt;</a>&nbsp;&nbsp;&nbsp;_fp_init
</UL>

<P><STRONG><a name="[12b]"></a>__rt_lib_init_alloca_1</STRONG> (Thumb, 0 bytes, Stack size unknown bytes, libinit2.o(.ARM.Collect$$libinit$$00000030))

<P><STRONG><a name="[12c]"></a>__rt_lib_init_argv_1</STRONG> (Thumb, 0 bytes, Stack size unknown bytes, libinit2.o(.ARM.Collect$$libinit$$0000002E))

<P><STRONG><a name="[12d]"></a>__rt_lib_init_atexit_1</STRONG> (Thumb, 0 bytes, Stack size unknown bytes, libinit2.o(.ARM.Collect$$libinit$$0000001D))

<P><STRONG><a name="[12e]"></a>__rt_lib_init_clock_1</STRONG> (Thumb, 0 bytes, Stack size unknown bytes, libinit2.o(.ARM.Collect$$libinit$$00000023))

<P><STRONG><a name="[12f]"></a>__rt_lib_init_cpp_1</STRONG> (Thumb, 0 bytes, Stack size unknown bytes, libinit2.o(.ARM.Collect$$libinit$$00000034))

<P><STRONG><a name="[130]"></a>__rt_lib_init_exceptions_1</STRONG> (Thumb, 0 bytes, Stack size unknown bytes, libinit2.o(.ARM.Collect$$libinit$$00000032))

<P><STRONG><a name="[131]"></a>__rt_lib_init_fp_trap_1</STRONG> (Thumb, 0 bytes, Stack size unknown bytes, libinit2.o(.ARM.Collect$$libinit$$00000021))

<P><STRONG><a name="[132]"></a>__rt_lib_init_getenv_1</STRONG> (Thumb, 0 bytes, Stack size unknown bytes, libinit2.o(.ARM.Collect$$libinit$$00000025))

<P><STRONG><a name="[133]"></a>__rt_lib_init_heap_1</STRONG> (Thumb, 0 bytes, Stack size unknown bytes, libinit2.o(.ARM.Collect$$libinit$$0000000C))

<P><STRONG><a name="[134]"></a>__rt_lib_init_lc_collate_1</STRONG> (Thumb, 0 bytes, Stack size unknown bytes, libinit2.o(.ARM.Collect$$libinit$$00000013))

<P><STRONG><a name="[135]"></a>__rt_lib_init_lc_ctype_1</STRONG> (Thumb, 0 bytes, Stack size unknown bytes, libinit2.o(.ARM.Collect$$libinit$$00000015))

<P><STRONG><a name="[136]"></a>__rt_lib_init_lc_monetary_1</STRONG> (Thumb, 0 bytes, Stack size unknown bytes, libinit2.o(.ARM.Collect$$libinit$$00000017))

<P><STRONG><a name="[137]"></a>__rt_lib_init_lc_numeric_1</STRONG> (Thumb, 0 bytes, Stack size unknown bytes, libinit2.o(.ARM.Collect$$libinit$$00000019))

<P><STRONG><a name="[138]"></a>__rt_lib_init_lc_time_1</STRONG> (Thumb, 0 bytes, Stack size unknown bytes, libinit2.o(.ARM.Collect$$libinit$$0000001B))

<P><STRONG><a name="[139]"></a>__rt_lib_init_preinit_1</STRONG> (Thumb, 0 bytes, Stack size unknown bytes, libinit2.o(.ARM.Collect$$libinit$$00000006))

<P><STRONG><a name="[13a]"></a>__rt_lib_init_rand_1</STRONG> (Thumb, 0 bytes, Stack size unknown bytes, libinit2.o(.ARM.Collect$$libinit$$00000010))

<P><STRONG><a name="[13b]"></a>__rt_lib_init_relocate_pie_1</STRONG> (Thumb, 0 bytes, Stack size unknown bytes, libinit2.o(.ARM.Collect$$libinit$$00000004))

<P><STRONG><a name="[13c]"></a>__rt_lib_init_return</STRONG> (Thumb, 0 bytes, Stack size unknown bytes, libinit2.o(.ARM.Collect$$libinit$$00000035))

<P><STRONG><a name="[13d]"></a>__rt_lib_init_signal_1</STRONG> (Thumb, 0 bytes, Stack size unknown bytes, libinit2.o(.ARM.Collect$$libinit$$0000001F))

<P><STRONG><a name="[13e]"></a>__rt_lib_init_stdio_1</STRONG> (Thumb, 0 bytes, Stack size unknown bytes, libinit2.o(.ARM.Collect$$libinit$$00000027))

<P><STRONG><a name="[13f]"></a>__rt_lib_init_user_alloc_1</STRONG> (Thumb, 0 bytes, Stack size unknown bytes, libinit2.o(.ARM.Collect$$libinit$$0000000E))

<P><STRONG><a name="[80]"></a>__rt_lib_shutdown</STRONG> (Thumb, 0 bytes, Stack size unknown bytes, libshutdown.o(.ARM.Collect$$libshutdown$$00000000))
<BR><BR>[Called By]<UL><LI><a href="#[7f]">&gt;&gt;</a>&nbsp;&nbsp;&nbsp;__rt_exit_ls
</UL>

<P><STRONG><a name="[140]"></a>__rt_lib_shutdown_cpp_1</STRONG> (Thumb, 0 bytes, Stack size unknown bytes, libshutdown2.o(.ARM.Collect$$libshutdown$$00000002))

<P><STRONG><a name="[141]"></a>__rt_lib_shutdown_fp_trap_1</STRONG> (Thumb, 0 bytes, Stack size unknown bytes, libshutdown2.o(.ARM.Collect$$libshutdown$$00000007))

<P><STRONG><a name="[142]"></a>__rt_lib_shutdown_heap_1</STRONG> (Thumb, 0 bytes, Stack size unknown bytes, libshutdown2.o(.ARM.Collect$$libshutdown$$0000000F))

<P><STRONG><a name="[143]"></a>__rt_lib_shutdown_return</STRONG> (Thumb, 0 bytes, Stack size unknown bytes, libshutdown2.o(.ARM.Collect$$libshutdown$$00000010))

<P><STRONG><a name="[144]"></a>__rt_lib_shutdown_signal_1</STRONG> (Thumb, 0 bytes, Stack size unknown bytes, libshutdown2.o(.ARM.Collect$$libshutdown$$0000000A))

<P><STRONG><a name="[145]"></a>__rt_lib_shutdown_stdio_1</STRONG> (Thumb, 0 bytes, Stack size unknown bytes, libshutdown2.o(.ARM.Collect$$libshutdown$$00000004))

<P><STRONG><a name="[146]"></a>__rt_lib_shutdown_user_alloc_1</STRONG> (Thumb, 0 bytes, Stack size unknown bytes, libshutdown2.o(.ARM.Collect$$libshutdown$$0000000C))

<P><STRONG><a name="[73]"></a>__rt_entry</STRONG> (Thumb, 0 bytes, Stack size unknown bytes, __rtentry.o(.ARM.Collect$$rtentry$$00000000))
<BR><BR>[Called By]<UL><LI><a href="#[70]">&gt;&gt;</a>&nbsp;&nbsp;&nbsp;__main
<LI><a href="#[74]">&gt;&gt;</a>&nbsp;&nbsp;&nbsp;__scatterload_rt2
</UL>

<P><STRONG><a name="[147]"></a>__rt_entry_presh_1</STRONG> (Thumb, 0 bytes, Stack size unknown bytes, __rtentry2.o(.ARM.Collect$$rtentry$$00000002))

<P><STRONG><a name="[78]"></a>__rt_entry_sh</STRONG> (Thumb, 0 bytes, Stack size unknown bytes, __rtentry4.o(.ARM.Collect$$rtentry$$00000004))
<BR><BR>[Stack]<UL><LI>Max Depth = 8 + Unknown Stack Size
<LI>Call Chain = __rt_entry_sh &rArr; __user_setup_stackheap
</UL>
<BR>[Calls]<UL><LI><a href="#[79]">&gt;&gt;</a>&nbsp;&nbsp;&nbsp;__user_setup_stackheap
</UL>

<P><STRONG><a name="[7a]"></a>__rt_entry_li</STRONG> (Thumb, 0 bytes, Stack size unknown bytes, __rtentry2.o(.ARM.Collect$$rtentry$$0000000A))
<BR><BR>[Calls]<UL><LI><a href="#[7b]">&gt;&gt;</a>&nbsp;&nbsp;&nbsp;__rt_lib_init
</UL>

<P><STRONG><a name="[148]"></a>__rt_entry_postsh_1</STRONG> (Thumb, 0 bytes, Stack size unknown bytes, __rtentry2.o(.ARM.Collect$$rtentry$$00000009))

<P><STRONG><a name="[7c]"></a>__rt_entry_main</STRONG> (Thumb, 0 bytes, Stack size unknown bytes, __rtentry2.o(.ARM.Collect$$rtentry$$0000000D))
<BR><BR>[Stack]<UL><LI>Max Depth = 3192 + Unknown Stack Size
<LI>Call Chain = __rt_entry_main &rArr; main &rArr; UART_ProcessState_G4 &rArr; PocessCommand_G4 &rArr; Bootloader_PrepareAck
</UL>
<BR>[Calls]<UL><LI><a href="#[7e]">&gt;&gt;</a>&nbsp;&nbsp;&nbsp;exit
<LI><a href="#[7d]">&gt;&gt;</a>&nbsp;&nbsp;&nbsp;main
</UL>

<P><STRONG><a name="[149]"></a>__rt_entry_postli_1</STRONG> (Thumb, 0 bytes, Stack size unknown bytes, __rtentry2.o(.ARM.Collect$$rtentry$$0000000C))

<P><STRONG><a name="[89]"></a>__rt_exit</STRONG> (Thumb, 0 bytes, Stack size unknown bytes, rtexit.o(.ARM.Collect$$rtexit$$00000000))
<BR><BR>[Called By]<UL><LI><a href="#[7e]">&gt;&gt;</a>&nbsp;&nbsp;&nbsp;exit
</UL>

<P><STRONG><a name="[7f]"></a>__rt_exit_ls</STRONG> (Thumb, 0 bytes, Stack size unknown bytes, rtexit2.o(.ARM.Collect$$rtexit$$00000003))
<BR><BR>[Calls]<UL><LI><a href="#[80]">&gt;&gt;</a>&nbsp;&nbsp;&nbsp;__rt_lib_shutdown
</UL>

<P><STRONG><a name="[14a]"></a>__rt_exit_prels_1</STRONG> (Thumb, 0 bytes, Stack size unknown bytes, rtexit2.o(.ARM.Collect$$rtexit$$00000002))

<P><STRONG><a name="[81]"></a>__rt_exit_exit</STRONG> (Thumb, 0 bytes, Stack size unknown bytes, rtexit2.o(.ARM.Collect$$rtexit$$00000004))
<BR><BR>[Calls]<UL><LI><a href="#[82]">&gt;&gt;</a>&nbsp;&nbsp;&nbsp;_sys_exit
</UL>

<P><STRONG><a name="[0]"></a>Reset_Handler</STRONG> (Thumb, 8 bytes, Stack size 0 bytes, startup_stm32g474xx.o(.text))
<BR>[Address Reference Count : 1]<UL><LI> startup_stm32g474xx.o(RESET)
</UL>
<P><STRONG><a name="[1]"></a>NMI_Handler</STRONG> (Thumb, 2 bytes, Stack size 0 bytes, startup_stm32g474xx.o(.text))
<BR><BR>[Calls]<UL><LI><a href="#[1]">&gt;&gt;</a>&nbsp;&nbsp;&nbsp;NMI_Handler
</UL>
<BR>[Called By]<UL><LI><a href="#[1]">&gt;&gt;</a>&nbsp;&nbsp;&nbsp;NMI_Handler
</UL>
<BR>[Address Reference Count : 1]<UL><LI> startup_stm32g474xx.o(RESET)
</UL>
<P><STRONG><a name="[2]"></a>HardFault_Handler</STRONG> (Thumb, 2 bytes, Stack size 0 bytes, startup_stm32g474xx.o(.text))
<BR><BR>[Calls]<UL><LI><a href="#[2]">&gt;&gt;</a>&nbsp;&nbsp;&nbsp;HardFault_Handler
</UL>
<BR>[Called By]<UL><LI><a href="#[2]">&gt;&gt;</a>&nbsp;&nbsp;&nbsp;HardFault_Handler
</UL>
<BR>[Address Reference Count : 1]<UL><LI> startup_stm32g474xx.o(RESET)
</UL>
<P><STRONG><a name="[3]"></a>MemManage_Handler</STRONG> (Thumb, 2 bytes, Stack size 0 bytes, startup_stm32g474xx.o(.text))
<BR><BR>[Calls]<UL><LI><a href="#[3]">&gt;&gt;</a>&nbsp;&nbsp;&nbsp;MemManage_Handler
</UL>
<BR>[Called By]<UL><LI><a href="#[3]">&gt;&gt;</a>&nbsp;&nbsp;&nbsp;MemManage_Handler
</UL>
<BR>[Address Reference Count : 1]<UL><LI> startup_stm32g474xx.o(RESET)
</UL>
<P><STRONG><a name="[4]"></a>BusFault_Handler</STRONG> (Thumb, 2 bytes, Stack size 0 bytes, startup_stm32g474xx.o(.text))
<BR><BR>[Calls]<UL><LI><a href="#[4]">&gt;&gt;</a>&nbsp;&nbsp;&nbsp;BusFault_Handler
</UL>
<BR>[Called By]<UL><LI><a href="#[4]">&gt;&gt;</a>&nbsp;&nbsp;&nbsp;BusFault_Handler
</UL>
<BR>[Address Reference Count : 1]<UL><LI> startup_stm32g474xx.o(RESET)
</UL>
<P><STRONG><a name="[5]"></a>UsageFault_Handler</STRONG> (Thumb, 2 bytes, Stack size 0 bytes, startup_stm32g474xx.o(.text))
<BR><BR>[Calls]<UL><LI><a href="#[5]">&gt;&gt;</a>&nbsp;&nbsp;&nbsp;UsageFault_Handler
</UL>
<BR>[Called By]<UL><LI><a href="#[5]">&gt;&gt;</a>&nbsp;&nbsp;&nbsp;UsageFault_Handler
</UL>
<BR>[Address Reference Count : 1]<UL><LI> startup_stm32g474xx.o(RESET)
</UL>
<P><STRONG><a name="[6]"></a>SVC_Handler</STRONG> (Thumb, 2 bytes, Stack size 0 bytes, startup_stm32g474xx.o(.text))
<BR><BR>[Calls]<UL><LI><a href="#[6]">&gt;&gt;</a>&nbsp;&nbsp;&nbsp;SVC_Handler
</UL>
<BR>[Called By]<UL><LI><a href="#[6]">&gt;&gt;</a>&nbsp;&nbsp;&nbsp;SVC_Handler
</UL>
<BR>[Address Reference Count : 1]<UL><LI> startup_stm32g474xx.o(RESET)
</UL>
<P><STRONG><a name="[7]"></a>DebugMon_Handler</STRONG> (Thumb, 2 bytes, Stack size 0 bytes, startup_stm32g474xx.o(.text))
<BR><BR>[Calls]<UL><LI><a href="#[7]">&gt;&gt;</a>&nbsp;&nbsp;&nbsp;DebugMon_Handler
</UL>
<BR>[Called By]<UL><LI><a href="#[7]">&gt;&gt;</a>&nbsp;&nbsp;&nbsp;DebugMon_Handler
</UL>
<BR>[Address Reference Count : 1]<UL><LI> startup_stm32g474xx.o(RESET)
</UL>
<P><STRONG><a name="[8]"></a>PendSV_Handler</STRONG> (Thumb, 2 bytes, Stack size 0 bytes, startup_stm32g474xx.o(.text))
<BR><BR>[Calls]<UL><LI><a href="#[8]">&gt;&gt;</a>&nbsp;&nbsp;&nbsp;PendSV_Handler
</UL>
<BR>[Called By]<UL><LI><a href="#[8]">&gt;&gt;</a>&nbsp;&nbsp;&nbsp;PendSV_Handler
</UL>
<BR>[Address Reference Count : 1]<UL><LI> startup_stm32g474xx.o(RESET)
</UL>
<P><STRONG><a name="[1c]"></a>ADC1_2_IRQHandler</STRONG> (Thumb, 0 bytes, Stack size 0 bytes, startup_stm32g474xx.o(.text))
<BR><BR>[Calls]<UL><LI><a href="#[1c]">&gt;&gt;</a>&nbsp;&nbsp;&nbsp;ADC1_2_IRQHandler
</UL>
<BR>[Called By]<UL><LI><a href="#[1c]">&gt;&gt;</a>&nbsp;&nbsp;&nbsp;ADC1_2_IRQHandler
</UL>
<BR>[Address Reference Count : 1]<UL><LI> startup_stm32g474xx.o(RESET)
</UL>
<P><STRONG><a name="[39]"></a>ADC3_IRQHandler</STRONG> (Thumb, 0 bytes, Stack size 0 bytes, startup_stm32g474xx.o(.text))
<BR>[Address Reference Count : 1]<UL><LI> startup_stm32g474xx.o(RESET)
</UL>
<P><STRONG><a name="[47]"></a>ADC4_IRQHandler</STRONG> (Thumb, 0 bytes, Stack size 0 bytes, startup_stm32g474xx.o(.text))
<BR>[Address Reference Count : 1]<UL><LI> startup_stm32g474xx.o(RESET)
</UL>
<P><STRONG><a name="[48]"></a>ADC5_IRQHandler</STRONG> (Thumb, 0 bytes, Stack size 0 bytes, startup_stm32g474xx.o(.text))
<BR>[Address Reference Count : 1]<UL><LI> startup_stm32g474xx.o(RESET)
</UL>
<P><STRONG><a name="[4a]"></a>COMP1_2_3_IRQHandler</STRONG> (Thumb, 0 bytes, Stack size 0 bytes, startup_stm32g474xx.o(.text))
<BR>[Address Reference Count : 1]<UL><LI> startup_stm32g474xx.o(RESET)
</UL>
<P><STRONG><a name="[4b]"></a>COMP4_5_6_IRQHandler</STRONG> (Thumb, 0 bytes, Stack size 0 bytes, startup_stm32g474xx.o(.text))
<BR>[Address Reference Count : 1]<UL><LI> startup_stm32g474xx.o(RESET)
</UL>
<P><STRONG><a name="[4c]"></a>COMP7_IRQHandler</STRONG> (Thumb, 0 bytes, Stack size 0 bytes, startup_stm32g474xx.o(.text))
<BR>[Address Reference Count : 1]<UL><LI> startup_stm32g474xx.o(RESET)
</UL>
<P><STRONG><a name="[6d]"></a>CORDIC_IRQHandler</STRONG> (Thumb, 0 bytes, Stack size 0 bytes, startup_stm32g474xx.o(.text))
<BR>[Address Reference Count : 1]<UL><LI> startup_stm32g474xx.o(RESET)
</UL>
<P><STRONG><a name="[55]"></a>CRS_IRQHandler</STRONG> (Thumb, 0 bytes, Stack size 0 bytes, startup_stm32g474xx.o(.text))
<BR>[Address Reference Count : 1]<UL><LI> startup_stm32g474xx.o(RESET)
</UL>
<P><STRONG><a name="[15]"></a>DMA1_Channel1_IRQHandler</STRONG> (Thumb, 0 bytes, Stack size 0 bytes, startup_stm32g474xx.o(.text))
<BR>[Address Reference Count : 1]<UL><LI> startup_stm32g474xx.o(RESET)
</UL>
<P><STRONG><a name="[16]"></a>DMA1_Channel2_IRQHandler</STRONG> (Thumb, 0 bytes, Stack size 0 bytes, startup_stm32g474xx.o(.text))
<BR>[Address Reference Count : 1]<UL><LI> startup_stm32g474xx.o(RESET)
</UL>
<P><STRONG><a name="[17]"></a>DMA1_Channel3_IRQHandler</STRONG> (Thumb, 0 bytes, Stack size 0 bytes, startup_stm32g474xx.o(.text))
<BR>[Address Reference Count : 1]<UL><LI> startup_stm32g474xx.o(RESET)
</UL>
<P><STRONG><a name="[1a]"></a>DMA1_Channel6_IRQHandler</STRONG> (Thumb, 0 bytes, Stack size 0 bytes, startup_stm32g474xx.o(.text))
<BR>[Address Reference Count : 1]<UL><LI> startup_stm32g474xx.o(RESET)
</UL>
<P><STRONG><a name="[1b]"></a>DMA1_Channel7_IRQHandler</STRONG> (Thumb, 0 bytes, Stack size 0 bytes, startup_stm32g474xx.o(.text))
<BR>[Address Reference Count : 1]<UL><LI> startup_stm32g474xx.o(RESET)
</UL>
<P><STRONG><a name="[69]"></a>DMA1_Channel8_IRQHandler</STRONG> (Thumb, 0 bytes, Stack size 0 bytes, startup_stm32g474xx.o(.text))
<BR>[Address Reference Count : 1]<UL><LI> startup_stm32g474xx.o(RESET)
</UL>
<P><STRONG><a name="[42]"></a>DMA2_Channel1_IRQHandler</STRONG> (Thumb, 0 bytes, Stack size 0 bytes, startup_stm32g474xx.o(.text))
<BR>[Address Reference Count : 1]<UL><LI> startup_stm32g474xx.o(RESET)
</UL>
<P><STRONG><a name="[43]"></a>DMA2_Channel2_IRQHandler</STRONG> (Thumb, 0 bytes, Stack size 0 bytes, startup_stm32g474xx.o(.text))
<BR>[Address Reference Count : 1]<UL><LI> startup_stm32g474xx.o(RESET)
</UL>
<P><STRONG><a name="[44]"></a>DMA2_Channel3_IRQHandler</STRONG> (Thumb, 0 bytes, Stack size 0 bytes, startup_stm32g474xx.o(.text))
<BR>[Address Reference Count : 1]<UL><LI> startup_stm32g474xx.o(RESET)
</UL>
<P><STRONG><a name="[45]"></a>DMA2_Channel4_IRQHandler</STRONG> (Thumb, 0 bytes, Stack size 0 bytes, startup_stm32g474xx.o(.text))
<BR>[Address Reference Count : 1]<UL><LI> startup_stm32g474xx.o(RESET)
</UL>
<P><STRONG><a name="[46]"></a>DMA2_Channel5_IRQHandler</STRONG> (Thumb, 0 bytes, Stack size 0 bytes, startup_stm32g474xx.o(.text))
<BR>[Address Reference Count : 1]<UL><LI> startup_stm32g474xx.o(RESET)
</UL>
<P><STRONG><a name="[6a]"></a>DMA2_Channel6_IRQHandler</STRONG> (Thumb, 0 bytes, Stack size 0 bytes, startup_stm32g474xx.o(.text))
<BR>[Address Reference Count : 1]<UL><LI> startup_stm32g474xx.o(RESET)
</UL>
<P><STRONG><a name="[6b]"></a>DMA2_Channel7_IRQHandler</STRONG> (Thumb, 0 bytes, Stack size 0 bytes, startup_stm32g474xx.o(.text))
<BR>[Address Reference Count : 1]<UL><LI> startup_stm32g474xx.o(RESET)
</UL>
<P><STRONG><a name="[6c]"></a>DMA2_Channel8_IRQHandler</STRONG> (Thumb, 0 bytes, Stack size 0 bytes, startup_stm32g474xx.o(.text))
<BR>[Address Reference Count : 1]<UL><LI> startup_stm32g474xx.o(RESET)
</UL>
<P><STRONG><a name="[67]"></a>DMAMUX_OVR_IRQHandler</STRONG> (Thumb, 0 bytes, Stack size 0 bytes, startup_stm32g474xx.o(.text))
<BR>[Address Reference Count : 1]<UL><LI> startup_stm32g474xx.o(RESET)
</UL>
<P><STRONG><a name="[10]"></a>EXTI0_IRQHandler</STRONG> (Thumb, 0 bytes, Stack size 0 bytes, startup_stm32g474xx.o(.text))
<BR>[Address Reference Count : 1]<UL><LI> startup_stm32g474xx.o(RESET)
</UL>
<P><STRONG><a name="[32]"></a>EXTI15_10_IRQHandler</STRONG> (Thumb, 0 bytes, Stack size 0 bytes, startup_stm32g474xx.o(.text))
<BR>[Address Reference Count : 1]<UL><LI> startup_stm32g474xx.o(RESET)
</UL>
<P><STRONG><a name="[11]"></a>EXTI1_IRQHandler</STRONG> (Thumb, 0 bytes, Stack size 0 bytes, startup_stm32g474xx.o(.text))
<BR>[Address Reference Count : 1]<UL><LI> startup_stm32g474xx.o(RESET)
</UL>
<P><STRONG><a name="[12]"></a>EXTI2_IRQHandler</STRONG> (Thumb, 0 bytes, Stack size 0 bytes, startup_stm32g474xx.o(.text))
<BR>[Address Reference Count : 1]<UL><LI> startup_stm32g474xx.o(RESET)
</UL>
<P><STRONG><a name="[13]"></a>EXTI3_IRQHandler</STRONG> (Thumb, 0 bytes, Stack size 0 bytes, startup_stm32g474xx.o(.text))
<BR>[Address Reference Count : 1]<UL><LI> startup_stm32g474xx.o(RESET)
</UL>
<P><STRONG><a name="[14]"></a>EXTI4_IRQHandler</STRONG> (Thumb, 0 bytes, Stack size 0 bytes, startup_stm32g474xx.o(.text))
<BR>[Address Reference Count : 1]<UL><LI> startup_stm32g474xx.o(RESET)
</UL>
<P><STRONG><a name="[21]"></a>EXTI9_5_IRQHandler</STRONG> (Thumb, 0 bytes, Stack size 0 bytes, startup_stm32g474xx.o(.text))
<BR>[Address Reference Count : 1]<UL><LI> startup_stm32g474xx.o(RESET)
</UL>
<P><STRONG><a name="[1f]"></a>FDCAN1_IT0_IRQHandler</STRONG> (Thumb, 0 bytes, Stack size 0 bytes, startup_stm32g474xx.o(.text))
<BR>[Address Reference Count : 1]<UL><LI> startup_stm32g474xx.o(RESET)
</UL>
<P><STRONG><a name="[20]"></a>FDCAN1_IT1_IRQHandler</STRONG> (Thumb, 0 bytes, Stack size 0 bytes, startup_stm32g474xx.o(.text))
<BR>[Address Reference Count : 1]<UL><LI> startup_stm32g474xx.o(RESET)
</UL>
<P><STRONG><a name="[5f]"></a>FDCAN2_IT0_IRQHandler</STRONG> (Thumb, 0 bytes, Stack size 0 bytes, startup_stm32g474xx.o(.text))
<BR>[Address Reference Count : 1]<UL><LI> startup_stm32g474xx.o(RESET)
</UL>
<P><STRONG><a name="[60]"></a>FDCAN2_IT1_IRQHandler</STRONG> (Thumb, 0 bytes, Stack size 0 bytes, startup_stm32g474xx.o(.text))
<BR>[Address Reference Count : 1]<UL><LI> startup_stm32g474xx.o(RESET)
</UL>
<P><STRONG><a name="[61]"></a>FDCAN3_IT0_IRQHandler</STRONG> (Thumb, 0 bytes, Stack size 0 bytes, startup_stm32g474xx.o(.text))
<BR>[Address Reference Count : 1]<UL><LI> startup_stm32g474xx.o(RESET)
</UL>
<P><STRONG><a name="[62]"></a>FDCAN3_IT1_IRQHandler</STRONG> (Thumb, 0 bytes, Stack size 0 bytes, startup_stm32g474xx.o(.text))
<BR>[Address Reference Count : 1]<UL><LI> startup_stm32g474xx.o(RESET)
</UL>
<P><STRONG><a name="[e]"></a>FLASH_IRQHandler</STRONG> (Thumb, 0 bytes, Stack size 0 bytes, startup_stm32g474xx.o(.text))
<BR>[Address Reference Count : 1]<UL><LI> startup_stm32g474xx.o(RESET)
</UL>
<P><STRONG><a name="[6e]"></a>FMAC_IRQHandler</STRONG> (Thumb, 0 bytes, Stack size 0 bytes, startup_stm32g474xx.o(.text))
<BR>[Address Reference Count : 1]<UL><LI> startup_stm32g474xx.o(RESET)
</UL>
<P><STRONG><a name="[3a]"></a>FMC_IRQHandler</STRONG> (Thumb, 0 bytes, Stack size 0 bytes, startup_stm32g474xx.o(.text))
<BR>[Address Reference Count : 1]<UL><LI> startup_stm32g474xx.o(RESET)
</UL>
<P><STRONG><a name="[5b]"></a>FPU_IRQHandler</STRONG> (Thumb, 0 bytes, Stack size 0 bytes, startup_stm32g474xx.o(.text))
<BR>[Address Reference Count : 1]<UL><LI> startup_stm32g474xx.o(RESET)
</UL>
<P><STRONG><a name="[53]"></a>HRTIM1_FLT_IRQHandler</STRONG> (Thumb, 0 bytes, Stack size 0 bytes, startup_stm32g474xx.o(.text))
<BR>[Address Reference Count : 1]<UL><LI> startup_stm32g474xx.o(RESET)
</UL>
<P><STRONG><a name="[4d]"></a>HRTIM1_Master_IRQHandler</STRONG> (Thumb, 0 bytes, Stack size 0 bytes, startup_stm32g474xx.o(.text))
<BR>[Address Reference Count : 1]<UL><LI> startup_stm32g474xx.o(RESET)
</UL>
<P><STRONG><a name="[4e]"></a>HRTIM1_TIMA_IRQHandler</STRONG> (Thumb, 0 bytes, Stack size 0 bytes, startup_stm32g474xx.o(.text))
<BR>[Address Reference Count : 1]<UL><LI> startup_stm32g474xx.o(RESET)
</UL>
<P><STRONG><a name="[4f]"></a>HRTIM1_TIMB_IRQHandler</STRONG> (Thumb, 0 bytes, Stack size 0 bytes, startup_stm32g474xx.o(.text))
<BR>[Address Reference Count : 1]<UL><LI> startup_stm32g474xx.o(RESET)
</UL>
<P><STRONG><a name="[50]"></a>HRTIM1_TIMC_IRQHandler</STRONG> (Thumb, 0 bytes, Stack size 0 bytes, startup_stm32g474xx.o(.text))
<BR>[Address Reference Count : 1]<UL><LI> startup_stm32g474xx.o(RESET)
</UL>
<P><STRONG><a name="[51]"></a>HRTIM1_TIMD_IRQHandler</STRONG> (Thumb, 0 bytes, Stack size 0 bytes, startup_stm32g474xx.o(.text))
<BR>[Address Reference Count : 1]<UL><LI> startup_stm32g474xx.o(RESET)
</UL>
<P><STRONG><a name="[52]"></a>HRTIM1_TIME_IRQHandler</STRONG> (Thumb, 0 bytes, Stack size 0 bytes, startup_stm32g474xx.o(.text))
<BR>[Address Reference Count : 1]<UL><LI> startup_stm32g474xx.o(RESET)
</UL>
<P><STRONG><a name="[54]"></a>HRTIM1_TIMF_IRQHandler</STRONG> (Thumb, 0 bytes, Stack size 0 bytes, startup_stm32g474xx.o(.text))
<BR>[Address Reference Count : 1]<UL><LI> startup_stm32g474xx.o(RESET)
</UL>
<P><STRONG><a name="[2a]"></a>I2C1_ER_IRQHandler</STRONG> (Thumb, 0 bytes, Stack size 0 bytes, startup_stm32g474xx.o(.text))
<BR>[Address Reference Count : 1]<UL><LI> startup_stm32g474xx.o(RESET)
</UL>
<P><STRONG><a name="[29]"></a>I2C1_EV_IRQHandler</STRONG> (Thumb, 0 bytes, Stack size 0 bytes, startup_stm32g474xx.o(.text))
<BR>[Address Reference Count : 1]<UL><LI> startup_stm32g474xx.o(RESET)
</UL>
<P><STRONG><a name="[2c]"></a>I2C2_ER_IRQHandler</STRONG> (Thumb, 0 bytes, Stack size 0 bytes, startup_stm32g474xx.o(.text))
<BR>[Address Reference Count : 1]<UL><LI> startup_stm32g474xx.o(RESET)
</UL>
<P><STRONG><a name="[2b]"></a>I2C2_EV_IRQHandler</STRONG> (Thumb, 0 bytes, Stack size 0 bytes, startup_stm32g474xx.o(.text))
<BR>[Address Reference Count : 1]<UL><LI> startup_stm32g474xx.o(RESET)
</UL>
<P><STRONG><a name="[66]"></a>I2C3_ER_IRQHandler</STRONG> (Thumb, 0 bytes, Stack size 0 bytes, startup_stm32g474xx.o(.text))
<BR>[Address Reference Count : 1]<UL><LI> startup_stm32g474xx.o(RESET)
</UL>
<P><STRONG><a name="[65]"></a>I2C3_EV_IRQHandler</STRONG> (Thumb, 0 bytes, Stack size 0 bytes, startup_stm32g474xx.o(.text))
<BR>[Address Reference Count : 1]<UL><LI> startup_stm32g474xx.o(RESET)
</UL>
<P><STRONG><a name="[5d]"></a>I2C4_ER_IRQHandler</STRONG> (Thumb, 0 bytes, Stack size 0 bytes, startup_stm32g474xx.o(.text))
<BR>[Address Reference Count : 1]<UL><LI> startup_stm32g474xx.o(RESET)
</UL>
<P><STRONG><a name="[5c]"></a>I2C4_EV_IRQHandler</STRONG> (Thumb, 0 bytes, Stack size 0 bytes, startup_stm32g474xx.o(.text))
<BR>[Address Reference Count : 1]<UL><LI> startup_stm32g474xx.o(RESET)
</UL>
<P><STRONG><a name="[3b]"></a>LPTIM1_IRQHandler</STRONG> (Thumb, 0 bytes, Stack size 0 bytes, startup_stm32g474xx.o(.text))
<BR>[Address Reference Count : 1]<UL><LI> startup_stm32g474xx.o(RESET)
</UL>
<P><STRONG><a name="[b]"></a>PVD_PVM_IRQHandler</STRONG> (Thumb, 0 bytes, Stack size 0 bytes, startup_stm32g474xx.o(.text))
<BR>[Address Reference Count : 1]<UL><LI> startup_stm32g474xx.o(RESET)
</UL>
<P><STRONG><a name="[68]"></a>QUADSPI_IRQHandler</STRONG> (Thumb, 0 bytes, Stack size 0 bytes, startup_stm32g474xx.o(.text))
<BR>[Address Reference Count : 1]<UL><LI> startup_stm32g474xx.o(RESET)
</UL>
<P><STRONG><a name="[f]"></a>RCC_IRQHandler</STRONG> (Thumb, 0 bytes, Stack size 0 bytes, startup_stm32g474xx.o(.text))
<BR>[Address Reference Count : 1]<UL><LI> startup_stm32g474xx.o(RESET)
</UL>
<P><STRONG><a name="[63]"></a>RNG_IRQHandler</STRONG> (Thumb, 0 bytes, Stack size 0 bytes, startup_stm32g474xx.o(.text))
<BR>[Address Reference Count : 1]<UL><LI> startup_stm32g474xx.o(RESET)
</UL>
<P><STRONG><a name="[33]"></a>RTC_Alarm_IRQHandler</STRONG> (Thumb, 0 bytes, Stack size 0 bytes, startup_stm32g474xx.o(.text))
<BR>[Address Reference Count : 1]<UL><LI> startup_stm32g474xx.o(RESET)
</UL>
<P><STRONG><a name="[c]"></a>RTC_TAMP_LSECSS_IRQHandler</STRONG> (Thumb, 0 bytes, Stack size 0 bytes, startup_stm32g474xx.o(.text))
<BR>[Address Reference Count : 1]<UL><LI> startup_stm32g474xx.o(RESET)
</UL>
<P><STRONG><a name="[d]"></a>RTC_WKUP_IRQHandler</STRONG> (Thumb, 0 bytes, Stack size 0 bytes, startup_stm32g474xx.o(.text))
<BR>[Address Reference Count : 1]<UL><LI> startup_stm32g474xx.o(RESET)
</UL>
<P><STRONG><a name="[56]"></a>SAI1_IRQHandler</STRONG> (Thumb, 0 bytes, Stack size 0 bytes, startup_stm32g474xx.o(.text))
<BR>[Address Reference Count : 1]<UL><LI> startup_stm32g474xx.o(RESET)
</UL>
<P><STRONG><a name="[2d]"></a>SPI1_IRQHandler</STRONG> (Thumb, 0 bytes, Stack size 0 bytes, startup_stm32g474xx.o(.text))
<BR>[Address Reference Count : 1]<UL><LI> startup_stm32g474xx.o(RESET)
</UL>
<P><STRONG><a name="[2e]"></a>SPI2_IRQHandler</STRONG> (Thumb, 0 bytes, Stack size 0 bytes, startup_stm32g474xx.o(.text))
<BR>[Address Reference Count : 1]<UL><LI> startup_stm32g474xx.o(RESET)
</UL>
<P><STRONG><a name="[3d]"></a>SPI3_IRQHandler</STRONG> (Thumb, 0 bytes, Stack size 0 bytes, startup_stm32g474xx.o(.text))
<BR>[Address Reference Count : 1]<UL><LI> startup_stm32g474xx.o(RESET)
</UL>
<P><STRONG><a name="[5e]"></a>SPI4_IRQHandler</STRONG> (Thumb, 0 bytes, Stack size 0 bytes, startup_stm32g474xx.o(.text))
<BR>[Address Reference Count : 1]<UL><LI> startup_stm32g474xx.o(RESET)
</UL>
<P><STRONG><a name="[22]"></a>TIM1_BRK_TIM15_IRQHandler</STRONG> (Thumb, 0 bytes, Stack size 0 bytes, startup_stm32g474xx.o(.text))
<BR>[Address Reference Count : 1]<UL><LI> startup_stm32g474xx.o(RESET)
</UL>
<P><STRONG><a name="[25]"></a>TIM1_CC_IRQHandler</STRONG> (Thumb, 0 bytes, Stack size 0 bytes, startup_stm32g474xx.o(.text))
<BR>[Address Reference Count : 1]<UL><LI> startup_stm32g474xx.o(RESET)
</UL>
<P><STRONG><a name="[24]"></a>TIM1_TRG_COM_TIM17_IRQHandler</STRONG> (Thumb, 0 bytes, Stack size 0 bytes, startup_stm32g474xx.o(.text))
<BR>[Address Reference Count : 1]<UL><LI> startup_stm32g474xx.o(RESET)
</UL>
<P><STRONG><a name="[23]"></a>TIM1_UP_TIM16_IRQHandler</STRONG> (Thumb, 0 bytes, Stack size 0 bytes, startup_stm32g474xx.o(.text))
<BR>[Address Reference Count : 1]<UL><LI> startup_stm32g474xx.o(RESET)
</UL>
<P><STRONG><a name="[57]"></a>TIM20_BRK_IRQHandler</STRONG> (Thumb, 0 bytes, Stack size 0 bytes, startup_stm32g474xx.o(.text))
<BR>[Address Reference Count : 1]<UL><LI> startup_stm32g474xx.o(RESET)
</UL>
<P><STRONG><a name="[5a]"></a>TIM20_CC_IRQHandler</STRONG> (Thumb, 0 bytes, Stack size 0 bytes, startup_stm32g474xx.o(.text))
<BR>[Address Reference Count : 1]<UL><LI> startup_stm32g474xx.o(RESET)
</UL>
<P><STRONG><a name="[59]"></a>TIM20_TRG_COM_IRQHandler</STRONG> (Thumb, 0 bytes, Stack size 0 bytes, startup_stm32g474xx.o(.text))
<BR>[Address Reference Count : 1]<UL><LI> startup_stm32g474xx.o(RESET)
</UL>
<P><STRONG><a name="[58]"></a>TIM20_UP_IRQHandler</STRONG> (Thumb, 0 bytes, Stack size 0 bytes, startup_stm32g474xx.o(.text))
<BR>[Address Reference Count : 1]<UL><LI> startup_stm32g474xx.o(RESET)
</UL>
<P><STRONG><a name="[26]"></a>TIM2_IRQHandler</STRONG> (Thumb, 0 bytes, Stack size 0 bytes, startup_stm32g474xx.o(.text))
<BR>[Address Reference Count : 1]<UL><LI> startup_stm32g474xx.o(RESET)
</UL>
<P><STRONG><a name="[27]"></a>TIM3_IRQHandler</STRONG> (Thumb, 0 bytes, Stack size 0 bytes, startup_stm32g474xx.o(.text))
<BR>[Address Reference Count : 1]<UL><LI> startup_stm32g474xx.o(RESET)
</UL>
<P><STRONG><a name="[28]"></a>TIM4_IRQHandler</STRONG> (Thumb, 0 bytes, Stack size 0 bytes, startup_stm32g474xx.o(.text))
<BR>[Address Reference Count : 1]<UL><LI> startup_stm32g474xx.o(RESET)
</UL>
<P><STRONG><a name="[3c]"></a>TIM5_IRQHandler</STRONG> (Thumb, 0 bytes, Stack size 0 bytes, startup_stm32g474xx.o(.text))
<BR>[Address Reference Count : 1]<UL><LI> startup_stm32g474xx.o(RESET)
</UL>
<P><STRONG><a name="[40]"></a>TIM6_DAC_IRQHandler</STRONG> (Thumb, 0 bytes, Stack size 0 bytes, startup_stm32g474xx.o(.text))
<BR>[Address Reference Count : 1]<UL><LI> startup_stm32g474xx.o(RESET)
</UL>
<P><STRONG><a name="[41]"></a>TIM7_DAC_IRQHandler</STRONG> (Thumb, 0 bytes, Stack size 0 bytes, startup_stm32g474xx.o(.text))
<BR>[Address Reference Count : 1]<UL><LI> startup_stm32g474xx.o(RESET)
</UL>
<P><STRONG><a name="[35]"></a>TIM8_BRK_IRQHandler</STRONG> (Thumb, 0 bytes, Stack size 0 bytes, startup_stm32g474xx.o(.text))
<BR>[Address Reference Count : 1]<UL><LI> startup_stm32g474xx.o(RESET)
</UL>
<P><STRONG><a name="[38]"></a>TIM8_CC_IRQHandler</STRONG> (Thumb, 0 bytes, Stack size 0 bytes, startup_stm32g474xx.o(.text))
<BR>[Address Reference Count : 1]<UL><LI> startup_stm32g474xx.o(RESET)
</UL>
<P><STRONG><a name="[37]"></a>TIM8_TRG_COM_IRQHandler</STRONG> (Thumb, 0 bytes, Stack size 0 bytes, startup_stm32g474xx.o(.text))
<BR>[Address Reference Count : 1]<UL><LI> startup_stm32g474xx.o(RESET)
</UL>
<P><STRONG><a name="[36]"></a>TIM8_UP_IRQHandler</STRONG> (Thumb, 0 bytes, Stack size 0 bytes, startup_stm32g474xx.o(.text))
<BR>[Address Reference Count : 1]<UL><LI> startup_stm32g474xx.o(RESET)
</UL>
<P><STRONG><a name="[3e]"></a>UART4_IRQHandler</STRONG> (Thumb, 0 bytes, Stack size 0 bytes, startup_stm32g474xx.o(.text))
<BR>[Address Reference Count : 1]<UL><LI> startup_stm32g474xx.o(RESET)
</UL>
<P><STRONG><a name="[3f]"></a>UART5_IRQHandler</STRONG> (Thumb, 0 bytes, Stack size 0 bytes, startup_stm32g474xx.o(.text))
<BR>[Address Reference Count : 1]<UL><LI> startup_stm32g474xx.o(RESET)
</UL>
<P><STRONG><a name="[49]"></a>UCPD1_IRQHandler</STRONG> (Thumb, 0 bytes, Stack size 0 bytes, startup_stm32g474xx.o(.text))
<BR>[Address Reference Count : 1]<UL><LI> startup_stm32g474xx.o(RESET)
</UL>
<P><STRONG><a name="[2f]"></a>USART1_IRQHandler</STRONG> (Thumb, 0 bytes, Stack size 0 bytes, startup_stm32g474xx.o(.text))
<BR>[Address Reference Count : 1]<UL><LI> startup_stm32g474xx.o(RESET)
</UL>
<P><STRONG><a name="[30]"></a>USART2_IRQHandler</STRONG> (Thumb, 0 bytes, Stack size 0 bytes, startup_stm32g474xx.o(.text))
<BR>[Address Reference Count : 1]<UL><LI> startup_stm32g474xx.o(RESET)
</UL>
<P><STRONG><a name="[31]"></a>USART3_IRQHandler</STRONG> (Thumb, 0 bytes, Stack size 0 bytes, startup_stm32g474xx.o(.text))
<BR>[Address Reference Count : 1]<UL><LI> startup_stm32g474xx.o(RESET)
</UL>
<P><STRONG><a name="[34]"></a>USBWakeUp_IRQHandler</STRONG> (Thumb, 0 bytes, Stack size 0 bytes, startup_stm32g474xx.o(.text))
<BR>[Address Reference Count : 1]<UL><LI> startup_stm32g474xx.o(RESET)
</UL>
<P><STRONG><a name="[1d]"></a>USB_HP_IRQHandler</STRONG> (Thumb, 0 bytes, Stack size 0 bytes, startup_stm32g474xx.o(.text))
<BR>[Address Reference Count : 1]<UL><LI> startup_stm32g474xx.o(RESET)
</UL>
<P><STRONG><a name="[1e]"></a>USB_LP_IRQHandler</STRONG> (Thumb, 0 bytes, Stack size 0 bytes, startup_stm32g474xx.o(.text))
<BR>[Address Reference Count : 1]<UL><LI> startup_stm32g474xx.o(RESET)
</UL>
<P><STRONG><a name="[a]"></a>WWDG_IRQHandler</STRONG> (Thumb, 0 bytes, Stack size 0 bytes, startup_stm32g474xx.o(.text))
<BR>[Address Reference Count : 1]<UL><LI> startup_stm32g474xx.o(RESET)
</UL>
<P><STRONG><a name="[71]"></a>__user_initial_stackheap</STRONG> (Thumb, 0 bytes, Stack size unknown bytes, startup_stm32g474xx.o(.text))
<BR><BR>[Called By]<UL><LI><a href="#[79]">&gt;&gt;</a>&nbsp;&nbsp;&nbsp;__user_setup_stackheap
</UL>

<P><STRONG><a name="[b4]"></a>__aeabi_uldivmod</STRONG> (Thumb, 0 bytes, Stack size 48 bytes, lludivv7m.o(.text))
<BR><BR>[Stack]<UL><LI>Max Depth = 48<LI>Call Chain = __aeabi_uldivmod
</UL>
<BR>[Called By]<UL><LI><a href="#[b2]">&gt;&gt;</a>&nbsp;&nbsp;&nbsp;LL_LPUART_SetBaudRate
</UL>

<P><STRONG><a name="[14b]"></a>_ll_udiv</STRONG> (Thumb, 240 bytes, Stack size 48 bytes, lludivv7m.o(.text), UNUSED)

<P><STRONG><a name="[95]"></a>__aeabi_memcpy</STRONG> (Thumb, 0 bytes, Stack size 0 bytes, rt_memcpy_v6.o(.text))
<BR><BR>[Called By]<UL><LI><a href="#[11d]">&gt;&gt;</a>&nbsp;&nbsp;&nbsp;UART_ProcessState_G4
<LI><a href="#[93]">&gt;&gt;</a>&nbsp;&nbsp;&nbsp;Bootloader_PrepareAck
</UL>

<P><STRONG><a name="[83]"></a>__rt_memcpy</STRONG> (Thumb, 138 bytes, Stack size 0 bytes, rt_memcpy_v6.o(.text), UNUSED)
<BR><BR>[Calls]<UL><LI><a href="#[84]">&gt;&gt;</a>&nbsp;&nbsp;&nbsp;__aeabi_memcpy4
</UL>

<P><STRONG><a name="[14c]"></a>_memcpy_lastbytes</STRONG> (Thumb, 0 bytes, Stack size unknown bytes, rt_memcpy_v6.o(.text), UNUSED)

<P><STRONG><a name="[85]"></a>__aeabi_memset4</STRONG> (Thumb, 16 bytes, Stack size 0 bytes, aeabi_memset4.o(.text))
<BR><BR>[Stack]<UL><LI>Max Depth = 4<LI>Call Chain = __aeabi_memset4 &rArr; _memset_w
</UL>
<BR>[Calls]<UL><LI><a href="#[86]">&gt;&gt;</a>&nbsp;&nbsp;&nbsp;_memset_w
</UL>
<BR>[Called By]<UL><LI><a href="#[91]">&gt;&gt;</a>&nbsp;&nbsp;&nbsp;Bootloader_ClearProgramBuffer
</UL>

<P><STRONG><a name="[14d]"></a>__aeabi_memset8</STRONG> (Thumb, 0 bytes, Stack size 0 bytes, aeabi_memset4.o(.text), UNUSED)

<P><STRONG><a name="[94]"></a>__aeabi_memclr</STRONG> (Thumb, 0 bytes, Stack size unknown bytes, rt_memclr.o(.text))
<BR><BR>[Called By]<UL><LI><a href="#[11d]">&gt;&gt;</a>&nbsp;&nbsp;&nbsp;UART_ProcessState_G4
<LI><a href="#[93]">&gt;&gt;</a>&nbsp;&nbsp;&nbsp;Bootloader_PrepareAck
</UL>

<P><STRONG><a name="[14e]"></a>__rt_memclr</STRONG> (Thumb, 0 bytes, Stack size unknown bytes, rt_memclr.o(.text), UNUSED)

<P><STRONG><a name="[87]"></a>_memset</STRONG> (Thumb, 64 bytes, Stack size 0 bytes, rt_memclr.o(.text), UNUSED)
<BR><BR>[Calls]<UL><LI><a href="#[86]">&gt;&gt;</a>&nbsp;&nbsp;&nbsp;_memset_w
</UL>

<P><STRONG><a name="[14f]"></a>__use_two_region_memory</STRONG> (Thumb, 2 bytes, Stack size 0 bytes, heapauxi.o(.text), UNUSED)

<P><STRONG><a name="[150]"></a>__rt_heap_escrow$2region</STRONG> (Thumb, 2 bytes, Stack size 0 bytes, heapauxi.o(.text), UNUSED)

<P><STRONG><a name="[151]"></a>__rt_heap_expand$2region</STRONG> (Thumb, 2 bytes, Stack size 0 bytes, heapauxi.o(.text), UNUSED)

<P><STRONG><a name="[84]"></a>__aeabi_memcpy4</STRONG> (Thumb, 0 bytes, Stack size 8 bytes, rt_memcpy_w.o(.text), UNUSED)
<BR><BR>[Called By]<UL><LI><a href="#[83]">&gt;&gt;</a>&nbsp;&nbsp;&nbsp;__rt_memcpy
</UL>

<P><STRONG><a name="[152]"></a>__aeabi_memcpy8</STRONG> (Thumb, 0 bytes, Stack size 8 bytes, rt_memcpy_w.o(.text), UNUSED)

<P><STRONG><a name="[153]"></a>__rt_memcpy_w</STRONG> (Thumb, 100 bytes, Stack size 8 bytes, rt_memcpy_w.o(.text), UNUSED)

<P><STRONG><a name="[154]"></a>_memcpy_lastbytes_aligned</STRONG> (Thumb, 0 bytes, Stack size unknown bytes, rt_memcpy_w.o(.text), UNUSED)

<P><STRONG><a name="[155]"></a>__aeabi_memclr4</STRONG> (Thumb, 0 bytes, Stack size unknown bytes, rt_memclr_w.o(.text), UNUSED)

<P><STRONG><a name="[156]"></a>__aeabi_memclr8</STRONG> (Thumb, 0 bytes, Stack size unknown bytes, rt_memclr_w.o(.text), UNUSED)

<P><STRONG><a name="[157]"></a>__rt_memclr_w</STRONG> (Thumb, 0 bytes, Stack size unknown bytes, rt_memclr_w.o(.text), UNUSED)

<P><STRONG><a name="[86]"></a>_memset_w</STRONG> (Thumb, 74 bytes, Stack size 4 bytes, rt_memclr_w.o(.text))
<BR><BR>[Stack]<UL><LI>Max Depth = 4<LI>Call Chain = _memset_w
</UL>
<BR>[Called By]<UL><LI><a href="#[87]">&gt;&gt;</a>&nbsp;&nbsp;&nbsp;_memset
<LI><a href="#[85]">&gt;&gt;</a>&nbsp;&nbsp;&nbsp;__aeabi_memset4
</UL>

<P><STRONG><a name="[79]"></a>__user_setup_stackheap</STRONG> (Thumb, 74 bytes, Stack size 8 bytes, sys_stackheap_outer.o(.text))
<BR><BR>[Stack]<UL><LI>Max Depth = 8 + Unknown Stack Size
<LI>Call Chain = __user_setup_stackheap
</UL>
<BR>[Calls]<UL><LI><a href="#[88]">&gt;&gt;</a>&nbsp;&nbsp;&nbsp;__user_perproc_libspace
<LI><a href="#[71]">&gt;&gt;</a>&nbsp;&nbsp;&nbsp;__user_initial_stackheap
</UL>
<BR>[Called By]<UL><LI><a href="#[78]">&gt;&gt;</a>&nbsp;&nbsp;&nbsp;__rt_entry_sh
</UL>

<P><STRONG><a name="[7e]"></a>exit</STRONG> (Thumb, 18 bytes, Stack size 8 bytes, exit.o(.text))
<BR><BR>[Stack]<UL><LI>Max Depth = 8 + Unknown Stack Size
<LI>Call Chain = exit
</UL>
<BR>[Calls]<UL><LI><a href="#[89]">&gt;&gt;</a>&nbsp;&nbsp;&nbsp;__rt_exit
</UL>
<BR>[Called By]<UL><LI><a href="#[7c]">&gt;&gt;</a>&nbsp;&nbsp;&nbsp;__rt_entry_main
</UL>

<P><STRONG><a name="[158]"></a>__user_libspace</STRONG> (Thumb, 8 bytes, Stack size 0 bytes, libspace.o(.text), UNUSED)

<P><STRONG><a name="[88]"></a>__user_perproc_libspace</STRONG> (Thumb, 0 bytes, Stack size 0 bytes, libspace.o(.text))
<BR><BR>[Called By]<UL><LI><a href="#[79]">&gt;&gt;</a>&nbsp;&nbsp;&nbsp;__user_setup_stackheap
</UL>

<P><STRONG><a name="[159]"></a>__user_perthread_libspace</STRONG> (Thumb, 0 bytes, Stack size 0 bytes, libspace.o(.text), UNUSED)

<P><STRONG><a name="[82]"></a>_sys_exit</STRONG> (Thumb, 8 bytes, Stack size 0 bytes, sys_exit.o(.text))
<BR><BR>[Called By]<UL><LI><a href="#[81]">&gt;&gt;</a>&nbsp;&nbsp;&nbsp;__rt_exit_exit
</UL>

<P><STRONG><a name="[15a]"></a>__I$use$semihosting</STRONG> (Thumb, 0 bytes, Stack size 0 bytes, use_no_semi.o(.text), UNUSED)

<P><STRONG><a name="[15b]"></a>__use_no_semihosting_swi</STRONG> (Thumb, 2 bytes, Stack size 0 bytes, use_no_semi.o(.text), UNUSED)

<P><STRONG><a name="[15c]"></a>__semihosting_library_function</STRONG> (Thumb, 0 bytes, Stack size unknown bytes, indicate_semi.o(.text), UNUSED)

<P><STRONG><a name="[8a]"></a>B1_Erase_All_App</STRONG> (Thumb, 138 bytes, Stack size 24 bytes, bootloader.o(.text.B1_Erase_All_App))
<BR><BR>[Stack]<UL><LI>Max Depth = 48<LI>Call Chain = B1_Erase_All_App &rArr; B1_Flash_erase_Page
</UL>
<BR>[Calls]<UL><LI><a href="#[8b]">&gt;&gt;</a>&nbsp;&nbsp;&nbsp;B1_Flash_erase_Page
</UL>
<BR>[Called By]<UL><LI><a href="#[fc]">&gt;&gt;</a>&nbsp;&nbsp;&nbsp;PocessCommand_G4
</UL>

<P><STRONG><a name="[8c]"></a>B1_Flash_Write</STRONG> (Thumb, 392 bytes, Stack size 48 bytes, bootloader.o(.text.B1_Flash_Write))
<BR><BR>[Stack]<UL><LI>Max Depth = 48<LI>Call Chain = B1_Flash_Write
</UL>
<BR>[Calls]<UL><LI><a href="#[8e]">&gt;&gt;</a>&nbsp;&nbsp;&nbsp;IsFlash_lock
<LI><a href="#[8f]">&gt;&gt;</a>&nbsp;&nbsp;&nbsp;Flash_Unlock
<LI><a href="#[90]">&gt;&gt;</a>&nbsp;&nbsp;&nbsp;Clear_errorflags
<LI><a href="#[8d]">&gt;&gt;</a>&nbsp;&nbsp;&nbsp;IsFlash_WaitForOperation
</UL>
<BR>[Called By]<UL><LI><a href="#[92]">&gt;&gt;</a>&nbsp;&nbsp;&nbsp;Bootloader_FlashProgramBuffer
</UL>

<P><STRONG><a name="[8b]"></a>B1_Flash_erase_Page</STRONG> (Thumb, 250 bytes, Stack size 24 bytes, bootloader.o(.text.B1_Flash_erase_Page))
<BR><BR>[Stack]<UL><LI>Max Depth = 24<LI>Call Chain = B1_Flash_erase_Page
</UL>
<BR>[Calls]<UL><LI><a href="#[8e]">&gt;&gt;</a>&nbsp;&nbsp;&nbsp;IsFlash_lock
<LI><a href="#[8f]">&gt;&gt;</a>&nbsp;&nbsp;&nbsp;Flash_Unlock
<LI><a href="#[90]">&gt;&gt;</a>&nbsp;&nbsp;&nbsp;Clear_errorflags
<LI><a href="#[8d]">&gt;&gt;</a>&nbsp;&nbsp;&nbsp;IsFlash_WaitForOperation
</UL>
<BR>[Called By]<UL><LI><a href="#[8a]">&gt;&gt;</a>&nbsp;&nbsp;&nbsp;B1_Erase_All_App
</UL>

<P><STRONG><a name="[91]"></a>Bootloader_ClearProgramBuffer</STRONG> (Thumb, 22 bytes, Stack size 8 bytes, bootloader.o(.text.Bootloader_ClearProgramBuffer))
<BR><BR>[Stack]<UL><LI>Max Depth = 12<LI>Call Chain = Bootloader_ClearProgramBuffer &rArr; __aeabi_memset4 &rArr; _memset_w
</UL>
<BR>[Calls]<UL><LI><a href="#[85]">&gt;&gt;</a>&nbsp;&nbsp;&nbsp;__aeabi_memset4
</UL>
<BR>[Called By]<UL><LI><a href="#[fc]">&gt;&gt;</a>&nbsp;&nbsp;&nbsp;PocessCommand_G4
<LI><a href="#[92]">&gt;&gt;</a>&nbsp;&nbsp;&nbsp;Bootloader_FlashProgramBuffer
</UL>

<P><STRONG><a name="[92]"></a>Bootloader_FlashProgramBuffer</STRONG> (Thumb, 140 bytes, Stack size 24 bytes, bootloader.o(.text.Bootloader_FlashProgramBuffer))
<BR><BR>[Stack]<UL><LI>Max Depth = 72<LI>Call Chain = Bootloader_FlashProgramBuffer &rArr; B1_Flash_Write
</UL>
<BR>[Calls]<UL><LI><a href="#[91]">&gt;&gt;</a>&nbsp;&nbsp;&nbsp;Bootloader_ClearProgramBuffer
<LI><a href="#[8c]">&gt;&gt;</a>&nbsp;&nbsp;&nbsp;B1_Flash_Write
</UL>
<BR>[Called By]<UL><LI><a href="#[fc]">&gt;&gt;</a>&nbsp;&nbsp;&nbsp;PocessCommand_G4
</UL>

<P><STRONG><a name="[93]"></a>Bootloader_PrepareAck</STRONG> (Thumb, 74 bytes, Stack size 1048 bytes, bootloader.o(.text.Bootloader_PrepareAck))
<BR><BR>[Stack]<UL><LI>Max Depth = 1048 + Unknown Stack Size
<LI>Call Chain = Bootloader_PrepareAck
</UL>
<BR>[Calls]<UL><LI><a href="#[94]">&gt;&gt;</a>&nbsp;&nbsp;&nbsp;__aeabi_memclr
<LI><a href="#[95]">&gt;&gt;</a>&nbsp;&nbsp;&nbsp;__aeabi_memcpy
</UL>
<BR>[Called By]<UL><LI><a href="#[fc]">&gt;&gt;</a>&nbsp;&nbsp;&nbsp;PocessCommand_G4
</UL>

<P><STRONG><a name="[96]"></a>Button_PC13_Init</STRONG> (Thumb, 52 bytes, Stack size 32 bytes, clock_system.o(.text.Button_PC13_Init))
<BR><BR>[Stack]<UL><LI>Max Depth = 104<LI>Call Chain = Button_PC13_Init &rArr; LL_GPIO_Init &rArr; LL_GPIO_SetPinMode
</UL>
<BR>[Calls]<UL><LI><a href="#[97]">&gt;&gt;</a>&nbsp;&nbsp;&nbsp;LL_AHB2_GRP1_EnableClock
<LI><a href="#[98]">&gt;&gt;</a>&nbsp;&nbsp;&nbsp;LL_GPIO_Init
</UL>
<BR>[Called By]<UL><LI><a href="#[7d]">&gt;&gt;</a>&nbsp;&nbsp;&nbsp;main
</UL>

<P><STRONG><a name="[99]"></a>CRC_APP_RX_DATA</STRONG> (Thumb, 68 bytes, Stack size 16 bytes, bootloader.o(.text.CRC_APP_RX_DATA))
<BR><BR>[Stack]<UL><LI>Max Depth = 32<LI>Call Chain = CRC_APP_RX_DATA &rArr; software_crc32
</UL>
<BR>[Calls]<UL><LI><a href="#[9a]">&gt;&gt;</a>&nbsp;&nbsp;&nbsp;software_crc32
</UL>
<BR>[Called By]<UL><LI><a href="#[11d]">&gt;&gt;</a>&nbsp;&nbsp;&nbsp;UART_ProcessState_G4
</UL>

<P><STRONG><a name="[90]"></a>Clear_errorflags</STRONG> (Thumb, 16 bytes, Stack size 0 bytes, bootloader.o(.text.Clear_errorflags))
<BR><BR>[Called By]<UL><LI><a href="#[8c]">&gt;&gt;</a>&nbsp;&nbsp;&nbsp;B1_Flash_Write
<LI><a href="#[8b]">&gt;&gt;</a>&nbsp;&nbsp;&nbsp;B1_Flash_erase_Page
</UL>

<P><STRONG><a name="[18]"></a>DMA1_Channel4_IRQHandler</STRONG> (Thumb, 138 bytes, Stack size 16 bytes, bootloader.o(.text.DMA1_Channel4_IRQHandler))
<BR><BR>[Stack]<UL><LI>Max Depth = 28<LI>Call Chain = DMA1_Channel4_IRQHandler &rArr; LL_DMA_DisableChannel
</UL>
<BR>[Calls]<UL><LI><a href="#[9b]">&gt;&gt;</a>&nbsp;&nbsp;&nbsp;LL_DMA_IsActiveFlag_TE4
<LI><a href="#[9d]">&gt;&gt;</a>&nbsp;&nbsp;&nbsp;LL_DMA_IsActiveFlag_TC4
<LI><a href="#[9c]">&gt;&gt;</a>&nbsp;&nbsp;&nbsp;LL_DMA_ClearFlag_TE4
<LI><a href="#[9e]">&gt;&gt;</a>&nbsp;&nbsp;&nbsp;LL_DMA_ClearFlag_TC4
<LI><a href="#[9f]">&gt;&gt;</a>&nbsp;&nbsp;&nbsp;LL_LPUART_DisableDMAReq_TX
<LI><a href="#[a0]">&gt;&gt;</a>&nbsp;&nbsp;&nbsp;LL_DMA_DisableChannel
</UL>
<BR>[Address Reference Count : 1]<UL><LI> startup_stm32g474xx.o(RESET)
</UL>
<P><STRONG><a name="[19]"></a>DMA1_Channel5_IRQHandler</STRONG> (Thumb, 112 bytes, Stack size 8 bytes, bootloader.o(.text.DMA1_Channel5_IRQHandler))
<BR><BR>[Stack]<UL><LI>Max Depth = 12<LI>Call Chain = DMA1_Channel5_IRQHandler &rArr; LL_DMA_IsActiveFlag_TE5
</UL>
<BR>[Calls]<UL><LI><a href="#[a1]">&gt;&gt;</a>&nbsp;&nbsp;&nbsp;LL_DMA_IsActiveFlag_TE5
<LI><a href="#[a3]">&gt;&gt;</a>&nbsp;&nbsp;&nbsp;LL_DMA_IsActiveFlag_TC5
<LI><a href="#[a2]">&gt;&gt;</a>&nbsp;&nbsp;&nbsp;LL_DMA_ClearFlag_TE5
<LI><a href="#[a4]">&gt;&gt;</a>&nbsp;&nbsp;&nbsp;LL_DMA_ClearFlag_TC5
</UL>
<BR>[Address Reference Count : 1]<UL><LI> startup_stm32g474xx.o(RESET)
</UL>
<P><STRONG><a name="[8f]"></a>Flash_Unlock</STRONG> (Thumb, 30 bytes, Stack size 0 bytes, bootloader.o(.text.Flash_Unlock))
<BR><BR>[Called By]<UL><LI><a href="#[8c]">&gt;&gt;</a>&nbsp;&nbsp;&nbsp;B1_Flash_Write
<LI><a href="#[8b]">&gt;&gt;</a>&nbsp;&nbsp;&nbsp;B1_Flash_erase_Page
</UL>

<P><STRONG><a name="[e5]"></a>GetTick</STRONG> (Thumb, 12 bytes, Stack size 0 bytes, clock_system.o(.text.GetTick))
<BR><BR>[Called By]<UL><LI><a href="#[7d]">&gt;&gt;</a>&nbsp;&nbsp;&nbsp;main
<LI><a href="#[64]">&gt;&gt;</a>&nbsp;&nbsp;&nbsp;LPUART1_IRQHandler
<LI><a href="#[11d]">&gt;&gt;</a>&nbsp;&nbsp;&nbsp;UART_ProcessState_G4
</UL>

<P><STRONG><a name="[8d]"></a>IsFlash_WaitForOperation</STRONG> (Thumb, 16 bytes, Stack size 0 bytes, bootloader.o(.text.IsFlash_WaitForOperation))
<BR><BR>[Called By]<UL><LI><a href="#[8c]">&gt;&gt;</a>&nbsp;&nbsp;&nbsp;B1_Flash_Write
<LI><a href="#[8b]">&gt;&gt;</a>&nbsp;&nbsp;&nbsp;B1_Flash_erase_Page
</UL>

<P><STRONG><a name="[8e]"></a>IsFlash_lock</STRONG> (Thumb, 14 bytes, Stack size 0 bytes, bootloader.o(.text.IsFlash_lock))
<BR><BR>[Called By]<UL><LI><a href="#[8c]">&gt;&gt;</a>&nbsp;&nbsp;&nbsp;B1_Flash_Write
<LI><a href="#[8b]">&gt;&gt;</a>&nbsp;&nbsp;&nbsp;B1_Flash_erase_Page
</UL>

<P><STRONG><a name="[98]"></a>LL_GPIO_Init</STRONG> (Thumb, 220 bytes, Stack size 32 bytes, stm32g4xx_ll_gpio.o(.text.LL_GPIO_Init))
<BR><BR>[Stack]<UL><LI>Max Depth = 72<LI>Call Chain = LL_GPIO_Init &rArr; LL_GPIO_SetPinMode
</UL>
<BR>[Calls]<UL><LI><a href="#[aa]">&gt;&gt;</a>&nbsp;&nbsp;&nbsp;LL_GPIO_SetPinMode
<LI><a href="#[a9]">&gt;&gt;</a>&nbsp;&nbsp;&nbsp;LL_GPIO_SetAFPin_8_15
<LI><a href="#[a8]">&gt;&gt;</a>&nbsp;&nbsp;&nbsp;LL_GPIO_SetAFPin_0_7
<LI><a href="#[a7]">&gt;&gt;</a>&nbsp;&nbsp;&nbsp;LL_GPIO_SetPinPull
<LI><a href="#[a6]">&gt;&gt;</a>&nbsp;&nbsp;&nbsp;LL_GPIO_SetPinOutputType
<LI><a href="#[a5]">&gt;&gt;</a>&nbsp;&nbsp;&nbsp;LL_GPIO_SetPinSpeed
</UL>
<BR>[Called By]<UL><LI><a href="#[ef]">&gt;&gt;</a>&nbsp;&nbsp;&nbsp;LPUART1_UART_Init
<LI><a href="#[96]">&gt;&gt;</a>&nbsp;&nbsp;&nbsp;Button_PC13_Init
</UL>

<P><STRONG><a name="[ab]"></a>LL_Init1msTick</STRONG> (Thumb, 20 bytes, Stack size 16 bytes, stm32g4xx_ll_utils.o(.text.LL_Init1msTick))
<BR><BR>[Stack]<UL><LI>Max Depth = 24<LI>Call Chain = LL_Init1msTick &rArr; LL_InitTick
</UL>
<BR>[Calls]<UL><LI><a href="#[ac]">&gt;&gt;</a>&nbsp;&nbsp;&nbsp;LL_InitTick
</UL>
<BR>[Called By]<UL><LI><a href="#[112]">&gt;&gt;</a>&nbsp;&nbsp;&nbsp;SystemClock_Init
</UL>

<P><STRONG><a name="[ad]"></a>LL_LPUART_Init</STRONG> (Thumb, 142 bytes, Stack size 24 bytes, stm32g4xx_ll_lpuart.o(.text.LL_LPUART_Init))
<BR><BR>[Stack]<UL><LI>Max Depth = 104<LI>Call Chain = LL_LPUART_Init &rArr; LL_LPUART_SetBaudRate &rArr; __aeabi_uldivmod
</UL>
<BR>[Calls]<UL><LI><a href="#[b1]">&gt;&gt;</a>&nbsp;&nbsp;&nbsp;LL_RCC_GetLPUARTClockFreq
<LI><a href="#[b3]">&gt;&gt;</a>&nbsp;&nbsp;&nbsp;LL_LPUART_SetPrescaler
<LI><a href="#[b2]">&gt;&gt;</a>&nbsp;&nbsp;&nbsp;LL_LPUART_SetBaudRate
<LI><a href="#[b0]">&gt;&gt;</a>&nbsp;&nbsp;&nbsp;LL_LPUART_SetHWFlowCtrl
<LI><a href="#[af]">&gt;&gt;</a>&nbsp;&nbsp;&nbsp;LL_LPUART_SetStopBitsLength
<LI><a href="#[ae]">&gt;&gt;</a>&nbsp;&nbsp;&nbsp;LL_LPUART_IsEnabled
</UL>
<BR>[Called By]<UL><LI><a href="#[ef]">&gt;&gt;</a>&nbsp;&nbsp;&nbsp;LPUART1_UART_Init
</UL>

<P><STRONG><a name="[b5]"></a>LL_PLL_ConfigSystemClock_HSE</STRONG> (Thumb, 222 bytes, Stack size 40 bytes, stm32g4xx_ll_utils.o(.text.LL_PLL_ConfigSystemClock_HSE))
<BR><BR>[Stack]<UL><LI>Max Depth = 116<LI>Call Chain = LL_PLL_ConfigSystemClock_HSE &rArr; UTILS_EnablePLLAndSwitchSystem &rArr; LL_SetFlashLatency &rArr; LL_FLASH_SetLatency
</UL>
<BR>[Calls]<UL><LI><a href="#[be]">&gt;&gt;</a>&nbsp;&nbsp;&nbsp;LL_SetFlashLatency
<LI><a href="#[c0]">&gt;&gt;</a>&nbsp;&nbsp;&nbsp;LL_SetSystemCoreClock
<LI><a href="#[bb]">&gt;&gt;</a>&nbsp;&nbsp;&nbsp;LL_RCC_HSE_Enable
<LI><a href="#[ba]">&gt;&gt;</a>&nbsp;&nbsp;&nbsp;LL_RCC_HSE_DisableBypass
<LI><a href="#[b9]">&gt;&gt;</a>&nbsp;&nbsp;&nbsp;LL_RCC_HSE_EnableBypass
<LI><a href="#[b8]">&gt;&gt;</a>&nbsp;&nbsp;&nbsp;LL_RCC_HSE_IsReady
<LI><a href="#[bf]">&gt;&gt;</a>&nbsp;&nbsp;&nbsp;LL_RCC_SetAHBPrescaler
<LI><a href="#[bd]">&gt;&gt;</a>&nbsp;&nbsp;&nbsp;UTILS_EnablePLLAndSwitchSystem
<LI><a href="#[bc]">&gt;&gt;</a>&nbsp;&nbsp;&nbsp;LL_RCC_PLL_ConfigDomain_SYS
<LI><a href="#[b7]">&gt;&gt;</a>&nbsp;&nbsp;&nbsp;UTILS_GetPLLOutputFrequency
<LI><a href="#[b6]">&gt;&gt;</a>&nbsp;&nbsp;&nbsp;UTILS_PLL_IsBusy
</UL>
<BR>[Called By]<UL><LI><a href="#[112]">&gt;&gt;</a>&nbsp;&nbsp;&nbsp;SystemClock_Init
</UL>

<P><STRONG><a name="[b1]"></a>LL_RCC_GetLPUARTClockFreq</STRONG> (Thumb, 126 bytes, Stack size 24 bytes, stm32g4xx_ll_rcc.o(.text.LL_RCC_GetLPUARTClockFreq))
<BR><BR>[Stack]<UL><LI>Max Depth = 72<LI>Call Chain = LL_RCC_GetLPUARTClockFreq &rArr; RCC_GetSystemClockFreq &rArr; RCC_PLL_GetFreqDomain_SYS
</UL>
<BR>[Calls]<UL><LI><a href="#[c1]">&gt;&gt;</a>&nbsp;&nbsp;&nbsp;LL_RCC_GetLPUARTClockSource
<LI><a href="#[c4]">&gt;&gt;</a>&nbsp;&nbsp;&nbsp;LL_RCC_LSE_IsReady
<LI><a href="#[c6]">&gt;&gt;</a>&nbsp;&nbsp;&nbsp;RCC_GetPCLK1ClockFreq
<LI><a href="#[c5]">&gt;&gt;</a>&nbsp;&nbsp;&nbsp;RCC_GetHCLKClockFreq
<LI><a href="#[c2]">&gt;&gt;</a>&nbsp;&nbsp;&nbsp;RCC_GetSystemClockFreq
<LI><a href="#[c3]">&gt;&gt;</a>&nbsp;&nbsp;&nbsp;LL_RCC_HSI_IsReady
</UL>
<BR>[Called By]<UL><LI><a href="#[ad]">&gt;&gt;</a>&nbsp;&nbsp;&nbsp;LL_LPUART_Init
</UL>

<P><STRONG><a name="[be]"></a>LL_SetFlashLatency</STRONG> (Thumb, 448 bytes, Stack size 48 bytes, stm32g4xx_ll_utils.o(.text.LL_SetFlashLatency))
<BR><BR>[Stack]<UL><LI>Max Depth = 52<LI>Call Chain = LL_SetFlashLatency &rArr; LL_FLASH_SetLatency
</UL>
<BR>[Calls]<UL><LI><a href="#[ca]">&gt;&gt;</a>&nbsp;&nbsp;&nbsp;LL_FLASH_GetLatency
<LI><a href="#[c9]">&gt;&gt;</a>&nbsp;&nbsp;&nbsp;LL_FLASH_SetLatency
<LI><a href="#[c8]">&gt;&gt;</a>&nbsp;&nbsp;&nbsp;LL_PWR_IsEnabledRange1BoostMode
<LI><a href="#[c7]">&gt;&gt;</a>&nbsp;&nbsp;&nbsp;LL_PWR_GetRegulVoltageScaling
</UL>
<BR>[Called By]<UL><LI><a href="#[b5]">&gt;&gt;</a>&nbsp;&nbsp;&nbsp;LL_PLL_ConfigSystemClock_HSE
<LI><a href="#[bd]">&gt;&gt;</a>&nbsp;&nbsp;&nbsp;UTILS_EnablePLLAndSwitchSystem
</UL>

<P><STRONG><a name="[c0]"></a>LL_SetSystemCoreClock</STRONG> (Thumb, 20 bytes, Stack size 4 bytes, stm32g4xx_ll_utils.o(.text.LL_SetSystemCoreClock))
<BR><BR>[Stack]<UL><LI>Max Depth = 4<LI>Call Chain = LL_SetSystemCoreClock
</UL>
<BR>[Called By]<UL><LI><a href="#[b5]">&gt;&gt;</a>&nbsp;&nbsp;&nbsp;LL_PLL_ConfigSystemClock_HSE
<LI><a href="#[bd]">&gt;&gt;</a>&nbsp;&nbsp;&nbsp;UTILS_EnablePLLAndSwitchSystem
</UL>

<P><STRONG><a name="[cb]"></a>LPUART1_DMA_Init</STRONG> (Thumb, 370 bytes, Stack size 48 bytes, usart.o(.text.LPUART1_DMA_Init))
<BR><BR>[Stack]<UL><LI>Max Depth = 80<LI>Call Chain = LPUART1_DMA_Init &rArr; NVIC_EncodePriority
</UL>
<BR>[Calls]<UL><LI><a href="#[dc]">&gt;&gt;</a>&nbsp;&nbsp;&nbsp;LL_DMA_ClearFlag_TE5
<LI><a href="#[db]">&gt;&gt;</a>&nbsp;&nbsp;&nbsp;LL_DMA_ClearFlag_TC5
<LI><a href="#[da]">&gt;&gt;</a>&nbsp;&nbsp;&nbsp;LL_DMA_ClearFlag_TE4
<LI><a href="#[d9]">&gt;&gt;</a>&nbsp;&nbsp;&nbsp;LL_DMA_ClearFlag_TC4
<LI><a href="#[e0]">&gt;&gt;</a>&nbsp;&nbsp;&nbsp;__NVIC_EnableIRQ
<LI><a href="#[df]">&gt;&gt;</a>&nbsp;&nbsp;&nbsp;__NVIC_SetPriority
<LI><a href="#[de]">&gt;&gt;</a>&nbsp;&nbsp;&nbsp;NVIC_EncodePriority
<LI><a href="#[dd]">&gt;&gt;</a>&nbsp;&nbsp;&nbsp;__NVIC_GetPriorityGrouping
<LI><a href="#[d8]">&gt;&gt;</a>&nbsp;&nbsp;&nbsp;LL_DMA_EnableIT_TE
<LI><a href="#[d7]">&gt;&gt;</a>&nbsp;&nbsp;&nbsp;LL_DMA_EnableIT_TC
<LI><a href="#[d6]">&gt;&gt;</a>&nbsp;&nbsp;&nbsp;LL_DMA_SetMemorySize
<LI><a href="#[d5]">&gt;&gt;</a>&nbsp;&nbsp;&nbsp;LL_DMA_SetPeriphSize
<LI><a href="#[d4]">&gt;&gt;</a>&nbsp;&nbsp;&nbsp;LL_DMA_SetMemoryIncMode
<LI><a href="#[d3]">&gt;&gt;</a>&nbsp;&nbsp;&nbsp;LL_DMA_SetPeriphIncMode
<LI><a href="#[d2]">&gt;&gt;</a>&nbsp;&nbsp;&nbsp;LL_DMA_SetMode
<LI><a href="#[d1]">&gt;&gt;</a>&nbsp;&nbsp;&nbsp;LL_DMA_SetChannelPriorityLevel
<LI><a href="#[d0]">&gt;&gt;</a>&nbsp;&nbsp;&nbsp;LL_DMA_SetDataTransferDirection
<LI><a href="#[cf]">&gt;&gt;</a>&nbsp;&nbsp;&nbsp;LL_DMA_SetPeriphRequest
<LI><a href="#[ce]">&gt;&gt;</a>&nbsp;&nbsp;&nbsp;LL_DMA_IsEnabledChannel
<LI><a href="#[cd]">&gt;&gt;</a>&nbsp;&nbsp;&nbsp;LL_DMA_DisableChannel
<LI><a href="#[cc]">&gt;&gt;</a>&nbsp;&nbsp;&nbsp;LL_AHB1_GRP1_EnableClock
</UL>
<BR>[Called By]<UL><LI><a href="#[ef]">&gt;&gt;</a>&nbsp;&nbsp;&nbsp;LPUART1_UART_Init
</UL>

<P><STRONG><a name="[64]"></a>LPUART1_IRQHandler</STRONG> (Thumb, 306 bytes, Stack size 16 bytes, bootloader.o(.text.LPUART1_IRQHandler))
<BR><BR>[Stack]<UL><LI>Max Depth = 28<LI>Call Chain = LPUART1_IRQHandler &rArr; LL_DMA_GetDataLength
</UL>
<BR>[Calls]<UL><LI><a href="#[e5]">&gt;&gt;</a>&nbsp;&nbsp;&nbsp;GetTick
<LI><a href="#[ee]">&gt;&gt;</a>&nbsp;&nbsp;&nbsp;LL_LPUART_ClearFlag_PE
<LI><a href="#[ed]">&gt;&gt;</a>&nbsp;&nbsp;&nbsp;LL_LPUART_ClearFlag_NE
<LI><a href="#[ec]">&gt;&gt;</a>&nbsp;&nbsp;&nbsp;LL_LPUART_ClearFlag_FE
<LI><a href="#[eb]">&gt;&gt;</a>&nbsp;&nbsp;&nbsp;LL_LPUART_ClearFlag_ORE
<LI><a href="#[ea]">&gt;&gt;</a>&nbsp;&nbsp;&nbsp;LL_LPUART_IsActiveFlag_PE
<LI><a href="#[e9]">&gt;&gt;</a>&nbsp;&nbsp;&nbsp;LL_LPUART_IsActiveFlag_NE
<LI><a href="#[e8]">&gt;&gt;</a>&nbsp;&nbsp;&nbsp;LL_LPUART_IsActiveFlag_FE
<LI><a href="#[e7]">&gt;&gt;</a>&nbsp;&nbsp;&nbsp;LL_LPUART_IsActiveFlag_ORE
<LI><a href="#[e6]">&gt;&gt;</a>&nbsp;&nbsp;&nbsp;LL_LPUART_IsEnabledIT_ERROR
<LI><a href="#[e4]">&gt;&gt;</a>&nbsp;&nbsp;&nbsp;LL_DMA_GetDataLength
<LI><a href="#[e2]">&gt;&gt;</a>&nbsp;&nbsp;&nbsp;LL_LPUART_IsEnabledIT_IDLE
<LI><a href="#[e1]">&gt;&gt;</a>&nbsp;&nbsp;&nbsp;LL_LPUART_IsActiveFlag_IDLE
<LI><a href="#[e3]">&gt;&gt;</a>&nbsp;&nbsp;&nbsp;LL_LPUART_ClearFlag_IDLE
<LI><a href="#[a4]">&gt;&gt;</a>&nbsp;&nbsp;&nbsp;LL_DMA_ClearFlag_TC5
</UL>
<BR>[Address Reference Count : 1]<UL><LI> startup_stm32g474xx.o(RESET)
</UL>
<P><STRONG><a name="[ef]"></a>LPUART1_UART_Init</STRONG> (Thumb, 306 bytes, Stack size 96 bytes, usart.o(.text.LPUART1_UART_Init))
<BR><BR>[Stack]<UL><LI>Max Depth = 200<LI>Call Chain = LPUART1_UART_Init &rArr; LL_LPUART_Init &rArr; LL_LPUART_SetBaudRate &rArr; __aeabi_uldivmod
</UL>
<BR>[Calls]<UL><LI><a href="#[cb]">&gt;&gt;</a>&nbsp;&nbsp;&nbsp;LPUART1_DMA_Init
<LI><a href="#[fb]">&gt;&gt;</a>&nbsp;&nbsp;&nbsp;LL_LPUART_IsActiveFlag_REACK
<LI><a href="#[fa]">&gt;&gt;</a>&nbsp;&nbsp;&nbsp;LL_LPUART_IsActiveFlag_TEACK
<LI><a href="#[f9]">&gt;&gt;</a>&nbsp;&nbsp;&nbsp;LL_LPUART_Enable
<LI><a href="#[f8]">&gt;&gt;</a>&nbsp;&nbsp;&nbsp;LL_LPUART_EnableIT_ERROR
<LI><a href="#[f7]">&gt;&gt;</a>&nbsp;&nbsp;&nbsp;LL_LPUART_EnableIT_IDLE
<LI><a href="#[f6]">&gt;&gt;</a>&nbsp;&nbsp;&nbsp;LL_LPUART_DisableOverrunDetect
<LI><a href="#[f5]">&gt;&gt;</a>&nbsp;&nbsp;&nbsp;LL_LPUART_DisableFIFO
<LI><a href="#[f4]">&gt;&gt;</a>&nbsp;&nbsp;&nbsp;LL_LPUART_SetRXFIFOThreshold
<LI><a href="#[f3]">&gt;&gt;</a>&nbsp;&nbsp;&nbsp;LL_LPUART_SetTXFIFOThreshold
<LI><a href="#[f1]">&gt;&gt;</a>&nbsp;&nbsp;&nbsp;LL_APB1_GRP2_EnableClock
<LI><a href="#[f0]">&gt;&gt;</a>&nbsp;&nbsp;&nbsp;LL_RCC_SetLPUARTClockSource
<LI><a href="#[f2]">&gt;&gt;</a>&nbsp;&nbsp;&nbsp;LL_AHB2_GRP1_EnableClock
<LI><a href="#[e0]">&gt;&gt;</a>&nbsp;&nbsp;&nbsp;__NVIC_EnableIRQ
<LI><a href="#[df]">&gt;&gt;</a>&nbsp;&nbsp;&nbsp;__NVIC_SetPriority
<LI><a href="#[de]">&gt;&gt;</a>&nbsp;&nbsp;&nbsp;NVIC_EncodePriority
<LI><a href="#[dd]">&gt;&gt;</a>&nbsp;&nbsp;&nbsp;__NVIC_GetPriorityGrouping
<LI><a href="#[ad]">&gt;&gt;</a>&nbsp;&nbsp;&nbsp;LL_LPUART_Init
<LI><a href="#[98]">&gt;&gt;</a>&nbsp;&nbsp;&nbsp;LL_GPIO_Init
</UL>
<BR>[Called By]<UL><LI><a href="#[7d]">&gt;&gt;</a>&nbsp;&nbsp;&nbsp;main
</UL>

<P><STRONG><a name="[fc]"></a>PocessCommand_G4</STRONG> (Thumb, 376 bytes, Stack size 32 bytes, bootloader.o(.text.PocessCommand_G4))
<BR><BR>[Stack]<UL><LI>Max Depth = 1080 + Unknown Stack Size
<LI>Call Chain = PocessCommand_G4 &rArr; Bootloader_PrepareAck
</UL>
<BR>[Calls]<UL><LI><a href="#[fd]">&gt;&gt;</a>&nbsp;&nbsp;&nbsp;Send_Data_LPUART1_DMA
<LI><a href="#[92]">&gt;&gt;</a>&nbsp;&nbsp;&nbsp;Bootloader_FlashProgramBuffer
<LI><a href="#[93]">&gt;&gt;</a>&nbsp;&nbsp;&nbsp;Bootloader_PrepareAck
<LI><a href="#[91]">&gt;&gt;</a>&nbsp;&nbsp;&nbsp;Bootloader_ClearProgramBuffer
<LI><a href="#[8a]">&gt;&gt;</a>&nbsp;&nbsp;&nbsp;B1_Erase_All_App
</UL>
<BR>[Called By]<UL><LI><a href="#[11d]">&gt;&gt;</a>&nbsp;&nbsp;&nbsp;UART_ProcessState_G4
</UL>

<P><STRONG><a name="[106]"></a>Receive_Data_LPUART1_DMA</STRONG> (Thumb, 160 bytes, Stack size 32 bytes, bootloader.o(.text.Receive_Data_LPUART1_DMA))
<BR><BR>[Stack]<UL><LI>Max Depth = 48<LI>Call Chain = Receive_Data_LPUART1_DMA &rArr; LL_DMA_SetPeriphAddress
</UL>
<BR>[Calls]<UL><LI><a href="#[10f]">&gt;&gt;</a>&nbsp;&nbsp;&nbsp;LL_LPUART_EnableDMAReq_RX
<LI><a href="#[10e]">&gt;&gt;</a>&nbsp;&nbsp;&nbsp;LL_LPUART_EnableIT_IDLE
<LI><a href="#[e3]">&gt;&gt;</a>&nbsp;&nbsp;&nbsp;LL_LPUART_ClearFlag_IDLE
<LI><a href="#[a2]">&gt;&gt;</a>&nbsp;&nbsp;&nbsp;LL_DMA_ClearFlag_TE5
<LI><a href="#[a4]">&gt;&gt;</a>&nbsp;&nbsp;&nbsp;LL_DMA_ClearFlag_TC5
<LI><a href="#[107]">&gt;&gt;</a>&nbsp;&nbsp;&nbsp;LL_LPUART_DisableDMAReq_RX
<LI><a href="#[10b]">&gt;&gt;</a>&nbsp;&nbsp;&nbsp;LL_DMA_SetPeriphAddress
<LI><a href="#[10a]">&gt;&gt;</a>&nbsp;&nbsp;&nbsp;LL_LPUART_DMA_GetRegAddr
<LI><a href="#[109]">&gt;&gt;</a>&nbsp;&nbsp;&nbsp;LL_DMA_SetMemoryAddress
<LI><a href="#[108]">&gt;&gt;</a>&nbsp;&nbsp;&nbsp;LL_DMA_IsEnabledChannel
<LI><a href="#[10d]">&gt;&gt;</a>&nbsp;&nbsp;&nbsp;LL_DMA_EnableChannel
<LI><a href="#[10c]">&gt;&gt;</a>&nbsp;&nbsp;&nbsp;LL_DMA_SetDataLength
<LI><a href="#[a0]">&gt;&gt;</a>&nbsp;&nbsp;&nbsp;LL_DMA_DisableChannel
</UL>
<BR>[Called By]<UL><LI><a href="#[11d]">&gt;&gt;</a>&nbsp;&nbsp;&nbsp;UART_ProcessState_G4
</UL>

<P><STRONG><a name="[fd]"></a>Send_Data_LPUART1_DMA</STRONG> (Thumb, 160 bytes, Stack size 40 bytes, bootloader.o(.text.Send_Data_LPUART1_DMA))
<BR><BR>[Stack]<UL><LI>Max Depth = 56<LI>Call Chain = Send_Data_LPUART1_DMA &rArr; LL_DMA_SetPeriphAddress
</UL>
<BR>[Calls]<UL><LI><a href="#[111]">&gt;&gt;</a>&nbsp;&nbsp;&nbsp;LL_LPUART_EnableDMAReq_TX
<LI><a href="#[110]">&gt;&gt;</a>&nbsp;&nbsp;&nbsp;LL_LPUART_ClearFlag_TC
<LI><a href="#[9c]">&gt;&gt;</a>&nbsp;&nbsp;&nbsp;LL_DMA_ClearFlag_TE4
<LI><a href="#[9e]">&gt;&gt;</a>&nbsp;&nbsp;&nbsp;LL_DMA_ClearFlag_TC4
<LI><a href="#[10b]">&gt;&gt;</a>&nbsp;&nbsp;&nbsp;LL_DMA_SetPeriphAddress
<LI><a href="#[10a]">&gt;&gt;</a>&nbsp;&nbsp;&nbsp;LL_LPUART_DMA_GetRegAddr
<LI><a href="#[109]">&gt;&gt;</a>&nbsp;&nbsp;&nbsp;LL_DMA_SetMemoryAddress
<LI><a href="#[108]">&gt;&gt;</a>&nbsp;&nbsp;&nbsp;LL_DMA_IsEnabledChannel
<LI><a href="#[9f]">&gt;&gt;</a>&nbsp;&nbsp;&nbsp;LL_LPUART_DisableDMAReq_TX
<LI><a href="#[10d]">&gt;&gt;</a>&nbsp;&nbsp;&nbsp;LL_DMA_EnableChannel
<LI><a href="#[10c]">&gt;&gt;</a>&nbsp;&nbsp;&nbsp;LL_DMA_SetDataLength
<LI><a href="#[a0]">&gt;&gt;</a>&nbsp;&nbsp;&nbsp;LL_DMA_DisableChannel
</UL>
<BR>[Called By]<UL><LI><a href="#[fc]">&gt;&gt;</a>&nbsp;&nbsp;&nbsp;PocessCommand_G4
</UL>

<P><STRONG><a name="[9]"></a>SysTick_Handler</STRONG> (Thumb, 16 bytes, Stack size 0 bytes, clock_system.o(.text.SysTick_Handler))
<BR>[Address Reference Count : 1]<UL><LI> startup_stm32g474xx.o(RESET)
</UL>
<P><STRONG><a name="[112]"></a>SystemClock_Init</STRONG> (Thumb, 114 bytes, Stack size 32 bytes, clock_system.o(.text.SystemClock_Init))
<BR><BR>[Stack]<UL><LI>Max Depth = 148<LI>Call Chain = SystemClock_Init &rArr; LL_PLL_ConfigSystemClock_HSE &rArr; UTILS_EnablePLLAndSwitchSystem &rArr; LL_SetFlashLatency &rArr; LL_FLASH_SetLatency
</UL>
<BR>[Calls]<UL><LI><a href="#[119]">&gt;&gt;</a>&nbsp;&nbsp;&nbsp;LL_RCC_HSE_IsReady
<LI><a href="#[118]">&gt;&gt;</a>&nbsp;&nbsp;&nbsp;LL_RCC_HSE_Enable
<LI><a href="#[117]">&gt;&gt;</a>&nbsp;&nbsp;&nbsp;LL_RCC_HSI_IsReady
<LI><a href="#[116]">&gt;&gt;</a>&nbsp;&nbsp;&nbsp;LL_RCC_HSI_Enable
<LI><a href="#[115]">&gt;&gt;</a>&nbsp;&nbsp;&nbsp;LL_FLASH_EnableDataCache
<LI><a href="#[114]">&gt;&gt;</a>&nbsp;&nbsp;&nbsp;LL_FLASH_EnableInstCache
<LI><a href="#[113]">&gt;&gt;</a>&nbsp;&nbsp;&nbsp;LL_FLASH_EnablePrefetch
<LI><a href="#[b5]">&gt;&gt;</a>&nbsp;&nbsp;&nbsp;LL_PLL_ConfigSystemClock_HSE
<LI><a href="#[ab]">&gt;&gt;</a>&nbsp;&nbsp;&nbsp;LL_Init1msTick
</UL>
<BR>[Called By]<UL><LI><a href="#[7d]">&gt;&gt;</a>&nbsp;&nbsp;&nbsp;main
</UL>

<P><STRONG><a name="[6f]"></a>SystemInit</STRONG> (Thumb, 18 bytes, Stack size 0 bytes, system_stm32g4xx.o(.text.SystemInit))
<BR>[Address Reference Count : 1]<UL><LI> startup_stm32g474xx.o(.text)
</UL>
<P><STRONG><a name="[11a]"></a>SystemTickConfig</STRONG> (Thumb, 68 bytes, Stack size 16 bytes, clock_system.o(.text.SystemTickConfig))
<BR><BR>[Stack]<UL><LI>Max Depth = 24<LI>Call Chain = SystemTickConfig &rArr; __NVIC_SetPriority
</UL>
<BR>[Calls]<UL><LI><a href="#[11c]">&gt;&gt;</a>&nbsp;&nbsp;&nbsp;__NVIC_SetPriority
<LI><a href="#[11b]">&gt;&gt;</a>&nbsp;&nbsp;&nbsp;LL_InitTick
</UL>
<BR>[Called By]<UL><LI><a href="#[7d]">&gt;&gt;</a>&nbsp;&nbsp;&nbsp;main
</UL>

<P><STRONG><a name="[11d]"></a>UART_ProcessState_G4</STRONG> (Thumb, 704 bytes, Stack size 2096 bytes, bootloader.o(.text.UART_ProcessState_G4))
<BR><BR>[Stack]<UL><LI>Max Depth = 3176 + Unknown Stack Size
<LI>Call Chain = UART_ProcessState_G4 &rArr; PocessCommand_G4 &rArr; Bootloader_PrepareAck
</UL>
<BR>[Calls]<UL><LI><a href="#[94]">&gt;&gt;</a>&nbsp;&nbsp;&nbsp;__aeabi_memclr
<LI><a href="#[95]">&gt;&gt;</a>&nbsp;&nbsp;&nbsp;__aeabi_memcpy
<LI><a href="#[e5]">&gt;&gt;</a>&nbsp;&nbsp;&nbsp;GetTick
<LI><a href="#[106]">&gt;&gt;</a>&nbsp;&nbsp;&nbsp;Receive_Data_LPUART1_DMA
<LI><a href="#[fc]">&gt;&gt;</a>&nbsp;&nbsp;&nbsp;PocessCommand_G4
<LI><a href="#[99]">&gt;&gt;</a>&nbsp;&nbsp;&nbsp;CRC_APP_RX_DATA
<LI><a href="#[9d]">&gt;&gt;</a>&nbsp;&nbsp;&nbsp;LL_DMA_IsActiveFlag_TC4
<LI><a href="#[a3]">&gt;&gt;</a>&nbsp;&nbsp;&nbsp;LL_DMA_IsActiveFlag_TC5
<LI><a href="#[a2]">&gt;&gt;</a>&nbsp;&nbsp;&nbsp;LL_DMA_ClearFlag_TE5
<LI><a href="#[a4]">&gt;&gt;</a>&nbsp;&nbsp;&nbsp;LL_DMA_ClearFlag_TC5
<LI><a href="#[107]">&gt;&gt;</a>&nbsp;&nbsp;&nbsp;LL_LPUART_DisableDMAReq_RX
<LI><a href="#[9c]">&gt;&gt;</a>&nbsp;&nbsp;&nbsp;LL_DMA_ClearFlag_TE4
<LI><a href="#[9e]">&gt;&gt;</a>&nbsp;&nbsp;&nbsp;LL_DMA_ClearFlag_TC4
<LI><a href="#[9f]">&gt;&gt;</a>&nbsp;&nbsp;&nbsp;LL_LPUART_DisableDMAReq_TX
<LI><a href="#[a0]">&gt;&gt;</a>&nbsp;&nbsp;&nbsp;LL_DMA_DisableChannel
</UL>
<BR>[Called By]<UL><LI><a href="#[7d]">&gt;&gt;</a>&nbsp;&nbsp;&nbsp;main
</UL>

<P><STRONG><a name="[126]"></a>bootJumpToApp1</STRONG> (Thumb, 58 bytes, Stack size 16 bytes, bootloader.o(.text.bootJumpToApp1))
<BR><BR>[Stack]<UL><LI>Max Depth = 16<LI>Call Chain = bootJumpToApp1
</UL>
<BR>[Called By]<UL><LI><a href="#[7d]">&gt;&gt;</a>&nbsp;&nbsp;&nbsp;main
</UL>

<P><STRONG><a name="[7d]"></a>main</STRONG> (Thumb, 106 bytes, Stack size 16 bytes, main.o(.text.main))
<BR><BR>[Stack]<UL><LI>Max Depth = 3192 + Unknown Stack Size
<LI>Call Chain = main &rArr; UART_ProcessState_G4 &rArr; PocessCommand_G4 &rArr; Bootloader_PrepareAck
</UL>
<BR>[Calls]<UL><LI><a href="#[125]">&gt;&gt;</a>&nbsp;&nbsp;&nbsp;LL_GPIO_IsInputPinSet
<LI><a href="#[ef]">&gt;&gt;</a>&nbsp;&nbsp;&nbsp;LPUART1_UART_Init
<LI><a href="#[11a]">&gt;&gt;</a>&nbsp;&nbsp;&nbsp;SystemTickConfig
<LI><a href="#[96]">&gt;&gt;</a>&nbsp;&nbsp;&nbsp;Button_PC13_Init
<LI><a href="#[112]">&gt;&gt;</a>&nbsp;&nbsp;&nbsp;SystemClock_Init
<LI><a href="#[e5]">&gt;&gt;</a>&nbsp;&nbsp;&nbsp;GetTick
[...]
<BR><BR>[Stack]<UL><LI>Max Depth = 4<LI>Call Chain = LL_LPUART_ClearFlag_IDLE
</UL>
<BR>[Called By]<UL><LI><a href="#[64]">&gt;&gt;</a>&nbsp;&nbsp;&nbsp;LPUART1_IRQHandler
<LI><a href="#[106]">&gt;&gt;</a>&nbsp;&nbsp;&nbsp;Receive_Data_LPUART1_DMA
</UL>

<P><STRONG><a name="[10e]"></a>LL_LPUART_EnableIT_IDLE</STRONG> (Thumb, 42 bytes, Stack size 8 bytes, bootloader.o(.text.LL_LPUART_EnableIT_IDLE))
<BR><BR>[Stack]<UL><LI>Max Depth = 8<LI>Call Chain = LL_LPUART_EnableIT_IDLE
</UL>
<BR>[Called By]<UL><LI><a href="#[106]">&gt;&gt;</a>&nbsp;&nbsp;&nbsp;Receive_Data_LPUART1_DMA
</UL>

<P><STRONG><a name="[10f]"></a>LL_LPUART_EnableDMAReq_RX</STRONG> (Thumb, 42 bytes, Stack size 8 bytes, bootloader.o(.text.LL_LPUART_EnableDMAReq_RX))
<BR><BR>[Stack]<UL><LI>Max Depth = 8<LI>Call Chain = LL_LPUART_EnableDMAReq_RX
</UL>
<BR>[Called By]<UL><LI><a href="#[106]">&gt;&gt;</a>&nbsp;&nbsp;&nbsp;Receive_Data_LPUART1_DMA
</UL>

<P><STRONG><a name="[a3]"></a>LL_DMA_IsActiveFlag_TC5</STRONG> (Thumb, 16 bytes, Stack size 4 bytes, bootloader.o(.text.LL_DMA_IsActiveFlag_TC5))
<BR><BR>[Stack]<UL><LI>Max Depth = 4<LI>Call Chain = LL_DMA_IsActiveFlag_TC5
</UL>
<BR>[Called By]<UL><LI><a href="#[19]">&gt;&gt;</a>&nbsp;&nbsp;&nbsp;DMA1_Channel5_IRQHandler
<LI><a href="#[11d]">&gt;&gt;</a>&nbsp;&nbsp;&nbsp;UART_ProcessState_G4
</UL>

<P><STRONG><a name="[9d]"></a>LL_DMA_IsActiveFlag_TC4</STRONG> (Thumb, 16 bytes, Stack size 4 bytes, bootloader.o(.text.LL_DMA_IsActiveFlag_TC4))
<BR><BR>[Stack]<UL><LI>Max Depth = 4<LI>Call Chain = LL_DMA_IsActiveFlag_TC4
</UL>
<BR>[Called By]<UL><LI><a href="#[18]">&gt;&gt;</a>&nbsp;&nbsp;&nbsp;DMA1_Channel4_IRQHandler
<LI><a href="#[11d]">&gt;&gt;</a>&nbsp;&nbsp;&nbsp;UART_ProcessState_G4
</UL>

<P><STRONG><a name="[e1]"></a>LL_LPUART_IsActiveFlag_IDLE</STRONG> (Thumb, 16 bytes, Stack size 4 bytes, bootloader.o(.text.LL_LPUART_IsActiveFlag_IDLE))
<BR><BR>[Stack]<UL><LI>Max Depth = 4<LI>Call Chain = LL_LPUART_IsActiveFlag_IDLE
</UL>
<BR>[Called By]<UL><LI><a href="#[64]">&gt;&gt;</a>&nbsp;&nbsp;&nbsp;LPUART1_IRQHandler
</UL>

<P><STRONG><a name="[e2]"></a>LL_LPUART_IsEnabledIT_IDLE</STRONG> (Thumb, 16 bytes, Stack size 4 bytes, bootloader.o(.text.LL_LPUART_IsEnabledIT_IDLE))
<BR><BR>[Stack]<UL><LI>Max Depth = 4<LI>Call Chain = LL_LPUART_IsEnabledIT_IDLE
</UL>
<BR>[Called By]<UL><LI><a href="#[64]">&gt;&gt;</a>&nbsp;&nbsp;&nbsp;LPUART1_IRQHandler
</UL>

<P><STRONG><a name="[e4]"></a>LL_DMA_GetDataLength</STRONG> (Thumb, 34 bytes, Stack size 12 bytes, bootloader.o(.text.LL_DMA_GetDataLength))
<BR><BR>[Stack]<UL><LI>Max Depth = 12<LI>Call Chain = LL_DMA_GetDataLength
</UL>
<BR>[Called By]<UL><LI><a href="#[64]">&gt;&gt;</a>&nbsp;&nbsp;&nbsp;LPUART1_IRQHandler
</UL>

<P><STRONG><a name="[e6]"></a>LL_LPUART_IsEnabledIT_ERROR</STRONG> (Thumb, 16 bytes, Stack size 4 bytes, bootloader.o(.text.LL_LPUART_IsEnabledIT_ERROR))
<BR><BR>[Stack]<UL><LI>Max Depth = 4<LI>Call Chain = LL_LPUART_IsEnabledIT_ERROR
</UL>
<BR>[Called By]<UL><LI><a href="#[64]">&gt;&gt;</a>&nbsp;&nbsp;&nbsp;LPUART1_IRQHandler
</UL>

<P><STRONG><a name="[e7]"></a>LL_LPUART_IsActiveFlag_ORE</STRONG> (Thumb, 16 bytes, Stack size 4 bytes, bootloader.o(.text.LL_LPUART_IsActiveFlag_ORE))
<BR><BR>[Stack]<UL><LI>Max Depth = 4<LI>Call Chain = LL_LPUART_IsActiveFlag_ORE
</UL>
<BR>[Called By]<UL><LI><a href="#[64]">&gt;&gt;</a>&nbsp;&nbsp;&nbsp;LPUART1_IRQHandler
</UL>

<P><STRONG><a name="[e8]"></a>LL_LPUART_IsActiveFlag_FE</STRONG> (Thumb, 16 bytes, Stack size 4 bytes, bootloader.o(.text.LL_LPUART_IsActiveFlag_FE))
<BR><BR>[Stack]<UL><LI>Max Depth = 4<LI>Call Chain = LL_LPUART_IsActiveFlag_FE
</UL>
<BR>[Called By]<UL><LI><a href="#[64]">&gt;&gt;</a>&nbsp;&nbsp;&nbsp;LPUART1_IRQHandler
</UL>

<P><STRONG><a name="[e9]"></a>LL_LPUART_IsActiveFlag_NE</STRONG> (Thumb, 16 bytes, Stack size 4 bytes, bootloader.o(.text.LL_LPUART_IsActiveFlag_NE))
<BR><BR>[Stack]<UL><LI>Max Depth = 4<LI>Call Chain = LL_LPUART_IsActiveFlag_NE
</UL>
<BR>[Called By]<UL><LI><a href="#[64]">&gt;&gt;</a>&nbsp;&nbsp;&nbsp;LPUART1_IRQHandler
</UL>

<P><STRONG><a name="[ea]"></a>LL_LPUART_IsActiveFlag_PE</STRONG> (Thumb, 16 bytes, Stack size 4 bytes, bootloader.o(.text.LL_LPUART_IsActiveFlag_PE))
<BR><BR>[Stack]<UL><LI>Max Depth = 4<LI>Call Chain = LL_LPUART_IsActiveFlag_PE
</UL>
<BR>[Called By]<UL><LI><a href="#[64]">&gt;&gt;</a>&nbsp;&nbsp;&nbsp;LPUART1_IRQHandler
</UL>

<P><STRONG><a name="[eb]"></a>LL_LPUART_ClearFlag_ORE</STRONG> (Thumb, 14 bytes, Stack size 4 bytes, bootloader.o(.text.LL_LPUART_ClearFlag_ORE))
<BR><BR>[Stack]<UL><LI>Max Depth = 4<LI>Call Chain = LL_LPUART_ClearFlag_ORE
</UL>
<BR>[Called By]<UL><LI><a href="#[64]">&gt;&gt;</a>&nbsp;&nbsp;&nbsp;LPUART1_IRQHandler
</UL>

<P><STRONG><a name="[ec]"></a>LL_LPUART_ClearFlag_FE</STRONG> (Thumb, 14 bytes, Stack size 4 bytes, bootloader.o(.text.LL_LPUART_ClearFlag_FE))
<BR><BR>[Stack]<UL><LI>Max Depth = 4<LI>Call Chain = LL_LPUART_ClearFlag_FE
</UL>
<BR>[Called By]<UL><LI><a href="#[64]">&gt;&gt;</a>&nbsp;&nbsp;&nbsp;LPUART1_IRQHandler
</UL>

<P><STRONG><a name="[ed]"></a>LL_LPUART_ClearFlag_NE</STRONG> (Thumb, 14 bytes, Stack size 4 bytes, bootloader.o(.text.LL_LPUART_ClearFlag_NE))
<BR><BR>[Stack]<UL><LI>Max Depth = 4<LI>Call Chain = LL_LPUART_ClearFlag_NE
</UL>
<BR>[Called By]<UL><LI><a href="#[64]">&gt;&gt;</a>&nbsp;&nbsp;&nbsp;LPUART1_IRQHandler
</UL>

<P><STRONG><a name="[ee]"></a>LL_LPUART_ClearFlag_PE</STRONG> (Thumb, 14 bytes, Stack size 4 bytes, bootloader.o(.text.LL_LPUART_ClearFlag_PE))
<BR><BR>[Stack]<UL><LI>Max Depth = 4<LI>Call Chain = LL_LPUART_ClearFlag_PE
</UL>
<BR>[Called By]<UL><LI><a href="#[64]">&gt;&gt;</a>&nbsp;&nbsp;&nbsp;LPUART1_IRQHandler
</UL>

<P><STRONG><a name="[a1]"></a>LL_DMA_IsActiveFlag_TE5</STRONG> (Thumb, 16 bytes, Stack size 4 bytes, bootloader.o(.text.LL_DMA_IsActiveFlag_TE5))
<BR><BR>[Stack]<UL><LI>Max Depth = 4<LI>Call Chain = LL_DMA_IsActiveFlag_TE5
</UL>
<BR>[Called By]<UL><LI><a href="#[19]">&gt;&gt;</a>&nbsp;&nbsp;&nbsp;DMA1_Channel5_IRQHandler
</UL>

<P><STRONG><a name="[9b]"></a>LL_DMA_IsActiveFlag_TE4</STRONG> (Thumb, 16 bytes, Stack size 4 bytes, bootloader.o(.text.LL_DMA_IsActiveFlag_TE4))
<BR><BR>[Stack]<UL><LI>Max Depth = 4<LI>Call Chain = LL_DMA_IsActiveFlag_TE4
</UL>
<BR>[Called By]<UL><LI><a href="#[18]">&gt;&gt;</a>&nbsp;&nbsp;&nbsp;DMA1_Channel4_IRQHandler
</UL>

<P><STRONG><a name="[113]"></a>LL_FLASH_EnablePrefetch</STRONG> (Thumb, 18 bytes, Stack size 0 bytes, clock_system.o(.text.LL_FLASH_EnablePrefetch))
<BR><BR>[Called By]<UL><LI><a href="#[112]">&gt;&gt;</a>&nbsp;&nbsp;&nbsp;SystemClock_Init
</UL>

<P><STRONG><a name="[114]"></a>LL_FLASH_EnableInstCache</STRONG> (Thumb, 18 bytes, Stack size 0 bytes, clock_system.o(.text.LL_FLASH_EnableInstCache))
<BR><BR>[Called By]<UL><LI><a href="#[112]">&gt;&gt;</a>&nbsp;&nbsp;&nbsp;SystemClock_Init
</UL>

<P><STRONG><a name="[115]"></a>LL_FLASH_EnableDataCache</STRONG> (Thumb, 18 bytes, Stack size 0 bytes, clock_system.o(.text.LL_FLASH_EnableDataCache))
<BR><BR>[Called By]<UL><LI><a href="#[112]">&gt;&gt;</a>&nbsp;&nbsp;&nbsp;SystemClock_Init
</UL>

<P><STRONG><a name="[116]"></a>LL_RCC_HSI_Enable</STRONG> (Thumb, 18 bytes, Stack size 0 bytes, clock_system.o(.text.LL_RCC_HSI_Enable))
<BR><BR>[Called By]<UL><LI><a href="#[112]">&gt;&gt;</a>&nbsp;&nbsp;&nbsp;SystemClock_Init
</UL>

<P><STRONG><a name="[117]"></a>LL_RCC_HSI_IsReady</STRONG> (Thumb, 16 bytes, Stack size 0 bytes, clock_system.o(.text.LL_RCC_HSI_IsReady))
<BR><BR>[Called By]<UL><LI><a href="#[112]">&gt;&gt;</a>&nbsp;&nbsp;&nbsp;SystemClock_Init
</UL>

<P><STRONG><a name="[118]"></a>LL_RCC_HSE_Enable</STRONG> (Thumb, 18 bytes, Stack size 0 bytes, clock_system.o(.text.LL_RCC_HSE_Enable))
<BR><BR>[Called By]<UL><LI><a href="#[112]">&gt;&gt;</a>&nbsp;&nbsp;&nbsp;SystemClock_Init
</UL>

<P><STRONG><a name="[119]"></a>LL_RCC_HSE_IsReady</STRONG> (Thumb, 16 bytes, Stack size 0 bytes, clock_system.o(.text.LL_RCC_HSE_IsReady))
<BR><BR>[Called By]<UL><LI><a href="#[112]">&gt;&gt;</a>&nbsp;&nbsp;&nbsp;SystemClock_Init
</UL>

<P><STRONG><a name="[97]"></a>LL_AHB2_GRP1_EnableClock</STRONG> (Thumb, 34 bytes, Stack size 8 bytes, clock_system.o(.text.LL_AHB2_GRP1_EnableClock))
<BR><BR>[Stack]<UL><LI>Max Depth = 8<LI>Call Chain = LL_AHB2_GRP1_EnableClock
</UL>
<BR>[Called By]<UL><LI><a href="#[96]">&gt;&gt;</a>&nbsp;&nbsp;&nbsp;Button_PC13_Init
</UL>

<P><STRONG><a name="[11b]"></a>LL_InitTick</STRONG> (Thumb, 54 bytes, Stack size 8 bytes, clock_system.o(.text.LL_InitTick))
<BR><BR>[Stack]<UL><LI>Max Depth = 8<LI>Call Chain = LL_InitTick
</UL>
<BR>[Called By]<UL><LI><a href="#[11a]">&gt;&gt;</a>&nbsp;&nbsp;&nbsp;SystemTickConfig
</UL>

<P><STRONG><a name="[11c]"></a>__NVIC_SetPriority</STRONG> (Thumb, 66 bytes, Stack size 8 bytes, clock_system.o(.text.__NVIC_SetPriority))
<BR><BR>[Stack]<UL><LI>Max Depth = 8<LI>Call Chain = __NVIC_SetPriority
</UL>
<BR>[Called By]<UL><LI><a href="#[11a]">&gt;&gt;</a>&nbsp;&nbsp;&nbsp;SystemTickConfig
</UL>

<P><STRONG><a name="[cc]"></a>LL_AHB1_GRP1_EnableClock</STRONG> (Thumb, 34 bytes, Stack size 8 bytes, usart.o(.text.LL_AHB1_GRP1_EnableClock))
<BR><BR>[Stack]<UL><LI>Max Depth = 8<LI>Call Chain = LL_AHB1_GRP1_EnableClock
</UL>
<BR>[Called By]<UL><LI><a href="#[cb]">&gt;&gt;</a>&nbsp;&nbsp;&nbsp;LPUART1_DMA_Init
</UL>

<P><STRONG><a name="[cd]"></a>LL_DMA_DisableChannel</STRONG> (Thumb, 36 bytes, Stack size 12 bytes, usart.o(.text.LL_DMA_DisableChannel))
<BR><BR>[Stack]<UL><LI>Max Depth = 12<LI>Call Chain = LL_DMA_DisableChannel
</UL>
<BR>[Called By]<UL><LI><a href="#[cb]">&gt;&gt;</a>&nbsp;&nbsp;&nbsp;LPUART1_DMA_Init
</UL>

<P><STRONG><a name="[ce]"></a>LL_DMA_IsEnabledChannel</STRONG> (Thumb, 34 bytes, Stack size 12 bytes, usart.o(.text.LL_DMA_IsEnabledChannel))
<BR><BR>[Stack]<UL><LI>Max Depth = 12<LI>Call Chain = LL_DMA_IsEnabledChannel
</UL>
<BR>[Called By]<UL><LI><a href="#[cb]">&gt;&gt;</a>&nbsp;&nbsp;&nbsp;LPUART1_DMA_Init
</UL>

<P><STRONG><a name="[cf]"></a>LL_DMA_SetPeriphRequest</STRONG> (Thumb, 72 bytes, Stack size 16 bytes, usart.o(.text.LL_DMA_SetPeriphRequest))
<BR><BR>[Stack]<UL><LI>Max Depth = 16<LI>Call Chain = LL_DMA_SetPeriphRequest
</UL>
<BR>[Called By]<UL><LI><a href="#[cb]">&gt;&gt;</a>&nbsp;&nbsp;&nbsp;LPUART1_DMA_Init
</UL>

<P><STRONG><a name="[d0]"></a>LL_DMA_SetDataTransferDirection</STRONG> (Thumb, 50 bytes, Stack size 16 bytes, usart.o(.text.LL_DMA_SetDataTransferDirection))
<BR><BR>[Stack]<UL><LI>Max Depth = 16<LI>Call Chain = LL_DMA_SetDataTransferDirection
</UL>
<BR>[Called By]<UL><LI><a href="#[cb]">&gt;&gt;</a>&nbsp;&nbsp;&nbsp;LPUART1_DMA_Init
</UL>

<P><STRONG><a name="[d1]"></a>LL_DMA_SetChannelPriorityLevel</STRONG> (Thumb, 48 bytes, Stack size 16 bytes, usart.o(.text.LL_DMA_SetChannelPriorityLevel))
<BR><BR>[Stack]<UL><LI>Max Depth = 16<LI>Call Chain = LL_DMA_SetChannelPriorityLevel
</UL>
<BR>[Called By]<UL><LI><a href="#[cb]">&gt;&gt;</a>&nbsp;&nbsp;&nbsp;LPUART1_DMA_Init
</UL>

<P><STRONG><a name="[d2]"></a>LL_DMA_SetMode</STRONG> (Thumb, 48 bytes, Stack size 16 bytes, usart.o(.text.LL_DMA_SetMode))
<BR><BR>[Stack]<UL><LI>Max Depth = 16<LI>Call Chain = LL_DMA_SetMode
</UL>
<BR>[Called By]<UL><LI><a href="#[cb]">&gt;&gt;</a>&nbsp;&nbsp;&nbsp;LPUART1_DMA_Init
</UL>

<P><STRONG><a name="[d3]"></a>LL_DMA_SetPeriphIncMode</STRONG> (Thumb, 48 bytes, Stack size 16 bytes, usart.o(.text.LL_DMA_SetPeriphIncMode))
<BR><BR>[Stack]<UL><LI>Max Depth = 16<LI>Call Chain = LL_DMA_SetPeriphIncMode
</UL>
<BR>[Called By]<UL><LI><a href="#[cb]">&gt;&gt;</a>&nbsp;&nbsp;&nbsp;LPUART1_DMA_Init
</UL>

<P><STRONG><a name="[d4]"></a>LL_DMA_SetMemoryIncMode</STRONG> (Thumb, 48 bytes, Stack size 16 bytes, usart.o(.text.LL_DMA_SetMemoryIncMode))
<BR><BR>[Stack]<UL><LI>Max Depth = 16<LI>Call Chain = LL_DMA_SetMemoryIncMode
</UL>
<BR>[Called By]<UL><LI><a href="#[cb]">&gt;&gt;</a>&nbsp;&nbsp;&nbsp;LPUART1_DMA_Init
</UL>

<P><STRONG><a name="[d5]"></a>LL_DMA_SetPeriphSize</STRONG> (Thumb, 48 bytes, Stack size 16 bytes, usart.o(.text.LL_DMA_SetPeriphSize))
<BR><BR>[Stack]<UL><LI>Max Depth = 16<LI>Call Chain = LL_DMA_SetPeriphSize
</UL>
<BR>[Called By]<UL><LI><a href="#[cb]">&gt;&gt;</a>&nbsp;&nbsp;&nbsp;LPUART1_DMA_Init
</UL>

<P><STRONG><a name="[d6]"></a>LL_DMA_SetMemorySize</STRONG> (Thumb, 48 bytes, Stack size 16 bytes, usart.o(.text.LL_DMA_SetMemorySize))
<BR><BR>[Stack]<UL><LI>Max Depth = 16<LI>Call Chain = LL_DMA_SetMemorySize
</UL>
<BR>[Called By]<UL><LI><a href="#[cb]">&gt;&gt;</a>&nbsp;&nbsp;&nbsp;LPUART1_DMA_Init
</UL>

<P><STRONG><a name="[d7]"></a>LL_DMA_EnableIT_TC</STRONG> (Thumb, 36 bytes, Stack size 12 bytes, usart.o(.text.LL_DMA_EnableIT_TC))
<BR><BR>[Stack]<UL><LI>Max Depth = 12<LI>Call Chain = LL_DMA_EnableIT_TC
</UL>
<BR>[Called By]<UL><LI><a href="#[cb]">&gt;&gt;</a>&nbsp;&nbsp;&nbsp;LPUART1_DMA_Init
</UL>

<P><STRONG><a name="[d8]"></a>LL_DMA_EnableIT_TE</STRONG> (Thumb, 36 bytes, Stack size 12 bytes, usart.o(.text.LL_DMA_EnableIT_TE))
<BR><BR>[Stack]<UL><LI>Max Depth = 12<LI>Call Chain = LL_DMA_EnableIT_TE
</UL>
<BR>[Called By]<UL><LI><a href="#[cb]">&gt;&gt;</a>&nbsp;&nbsp;&nbsp;LPUART1_DMA_Init
</UL>

<P><STRONG><a name="[dd]"></a>__NVIC_GetPriorityGrouping</STRONG> (Thumb, 16 bytes, Stack size 0 bytes, usart.o(.text.__NVIC_GetPriorityGrouping))
<BR><BR>[Called By]<UL><LI><a href="#[ef]">&gt;&gt;</a>&nbsp;&nbsp;&nbsp;LPUART1_UART_Init
<LI><a href="#[cb]">&gt;&gt;</a>&nbsp;&nbsp;&nbsp;LPUART1_DMA_Init
</UL>

<P><STRONG><a name="[de]"></a>NVIC_EncodePriority</STRONG> (Thumb, 108 bytes, Stack size 32 bytes, usart.o(.text.NVIC_EncodePriority))
<BR><BR>[Stack]<UL><LI>Max Depth = 32<LI>Call Chain = NVIC_EncodePriority
</UL>
<BR>[Called By]<UL><LI><a href="#[ef]">&gt;&gt;</a>&nbsp;&nbsp;&nbsp;LPUART1_UART_Init
<LI><a href="#[cb]">&gt;&gt;</a>&nbsp;&nbsp;&nbsp;LPUART1_DMA_Init
</UL>

<P><STRONG><a name="[df]"></a>__NVIC_SetPriority</STRONG> (Thumb, 66 bytes, Stack size 8 bytes, usart.o(.text.__NVIC_SetPriority))
<BR><BR>[Stack]<UL><LI>Max Depth = 8<LI>Call Chain = __NVIC_SetPriority
</UL>
<BR>[Called By]<UL><LI><a href="#[ef]">&gt;&gt;</a>&nbsp;&nbsp;&nbsp;LPUART1_UART_Init
<LI><a href="#[cb]">&gt;&gt;</a>&nbsp;&nbsp;&nbsp;LPUART1_DMA_Init
</UL>

<P><STRONG><a name="[e0]"></a>__NVIC_EnableIRQ</STRONG> (Thumb, 48 bytes, Stack size 4 bytes, usart.o(.text.__NVIC_EnableIRQ))
<BR><BR>[Stack]<UL><LI>Max Depth = 4<LI>Call Chain = __NVIC_EnableIRQ
</UL>
<BR>[Called By]<UL><LI><a href="#[ef]">&gt;&gt;</a>&nbsp;&nbsp;&nbsp;LPUART1_UART_Init
<LI><a href="#[cb]">&gt;&gt;</a>&nbsp;&nbsp;&nbsp;LPUART1_DMA_Init
</UL>

<P><STRONG><a name="[f2]"></a>LL_AHB2_GRP1_EnableClock</STRONG> (Thumb, 34 bytes, Stack size 8 bytes, usart.o(.text.LL_AHB2_GRP1_EnableClock))
<BR><BR>[Stack]<UL><LI>Max Depth = 8<LI>Call Chain = LL_AHB2_GRP1_EnableClock
</UL>
<BR>[Called By]<UL><LI><a href="#[ef]">&gt;&gt;</a>&nbsp;&nbsp;&nbsp;LPUART1_UART_Init
</UL>

<P><STRONG><a name="[d9]"></a>LL_DMA_ClearFlag_TC4</STRONG> (Thumb, 16 bytes, Stack size 4 bytes, usart.o(.text.LL_DMA_ClearFlag_TC4))
<BR><BR>[Stack]<UL><LI>Max Depth = 4<LI>Call Chain = LL_DMA_ClearFlag_TC4
</UL>
<BR>[Called By]<UL><LI><a href="#[cb]">&gt;&gt;</a>&nbsp;&nbsp;&nbsp;LPUART1_DMA_Init
</UL>

<P><STRONG><a name="[da]"></a>LL_DMA_ClearFlag_TE4</STRONG> (Thumb, 16 bytes, Stack size 4 bytes, usart.o(.text.LL_DMA_ClearFlag_TE4))
<BR><BR>[Stack]<UL><LI>Max Depth = 4<LI>Call Chain = LL_DMA_ClearFlag_TE4
</UL>
<BR>[Called By]<UL><LI><a href="#[cb]">&gt;&gt;</a>&nbsp;&nbsp;&nbsp;LPUART1_DMA_Init
</UL>

<P><STRONG><a name="[db]"></a>LL_DMA_ClearFlag_TC5</STRONG> (Thumb, 16 bytes, Stack size 4 bytes, usart.o(.text.LL_DMA_ClearFlag_TC5))
<BR><BR>[Stack]<UL><LI>Max Depth = 4<LI>Call Chain = LL_DMA_ClearFlag_TC5
</UL>
<BR>[Called By]<UL><LI><a href="#[cb]">&gt;&gt;</a>&nbsp;&nbsp;&nbsp;LPUART1_DMA_Init
</UL>

<P><STRONG><a name="[dc]"></a>LL_DMA_ClearFlag_TE5</STRONG> (Thumb, 16 bytes, Stack size 4 bytes, usart.o(.text.LL_DMA_ClearFlag_TE5))
<BR><BR>[Stack]<UL><LI>Max Depth = 4<LI>Call Chain = LL_DMA_ClearFlag_TE5
</UL>
<BR>[Called By]<UL><LI><a href="#[cb]">&gt;&gt;</a>&nbsp;&nbsp;&nbsp;LPUART1_DMA_Init
</UL>

<P><STRONG><a name="[f0]"></a>LL_RCC_SetLPUARTClockSource</STRONG> (Thumb, 28 bytes, Stack size 4 bytes, usart.o(.text.LL_RCC_SetLPUARTClockSource))
<BR><BR>[Stack]<UL><LI>Max Depth = 4<LI>Call Chain = LL_RCC_SetLPUARTClockSource
</UL>
<BR>[Called By]<UL><LI><a href="#[ef]">&gt;&gt;</a>&nbsp;&nbsp;&nbsp;LPUART1_UART_Init
</UL>

<P><STRONG><a name="[f1]"></a>LL_APB1_GRP2_EnableClock</STRONG> (Thumb, 34 bytes, Stack size 8 bytes, usart.o(.text.LL_APB1_GRP2_EnableClock))
<BR><BR>[Stack]<UL><LI>Max Depth = 8<LI>Call Chain = LL_APB1_GRP2_EnableClock
</UL>
<BR>[Called By]<UL><LI><a href="#[ef]">&gt;&gt;</a>&nbsp;&nbsp;&nbsp;LPUART1_UART_Init
</UL>

<P><STRONG><a name="[f3]"></a>LL_LPUART_SetTXFIFOThreshold</STRONG> (Thumb, 50 bytes, Stack size 12 bytes, usart.o(.text.LL_LPUART_SetTXFIFOThreshold))
<BR><BR>[Stack]<UL><LI>Max Depth = 12<LI>Call Chain = LL_LPUART_SetTXFIFOThreshold
</UL>
<BR>[Called By]<UL><LI><a href="#[ef]">&gt;&gt;</a>&nbsp;&nbsp;&nbsp;LPUART1_UART_Init
</UL>

<P><STRONG><a name="[f4]"></a>LL_LPUART_SetRXFIFOThreshold</STRONG> (Thumb, 50 bytes, Stack size 12 bytes, usart.o(.text.LL_LPUART_SetRXFIFOThreshold))
<BR><BR>[Stack]<UL><LI>Max Depth = 12<LI>Call Chain = LL_LPUART_SetRXFIFOThreshold
</UL>
<BR>[Called By]<UL><LI><a href="#[ef]">&gt;&gt;</a>&nbsp;&nbsp;&nbsp;LPUART1_UART_Init
</UL>

<P><STRONG><a name="[f5]"></a>LL_LPUART_DisableFIFO</STRONG> (Thumb, 18 bytes, Stack size 4 bytes, usart.o(.text.LL_LPUART_DisableFIFO))
<BR><BR>[Stack]<UL><LI>Max Depth = 4<LI>Call Chain = LL_LPUART_DisableFIFO
</UL>
<BR>[Called By]<UL><LI><a href="#[ef]">&gt;&gt;</a>&nbsp;&nbsp;&nbsp;LPUART1_UART_Init
</UL>

<P><STRONG><a name="[f6]"></a>LL_LPUART_DisableOverrunDetect</STRONG> (Thumb, 18 bytes, Stack size 4 bytes, usart.o(.text.LL_LPUART_DisableOverrunDetect))
<BR><BR>[Stack]<UL><LI>Max Depth = 4<LI>Call Chain = LL_LPUART_DisableOverrunDetect
</UL>
<BR>[Called By]<UL><LI><a href="#[ef]">&gt;&gt;</a>&nbsp;&nbsp;&nbsp;LPUART1_UART_Init
</UL>

<P><STRONG><a name="[f7]"></a>LL_LPUART_EnableIT_IDLE</STRONG> (Thumb, 42 bytes, Stack size 8 bytes, usart.o(.text.LL_LPUART_EnableIT_IDLE))
<BR><BR>[Stack]<UL><LI>Max Depth = 8<LI>Call Chain = LL_LPUART_EnableIT_IDLE
</UL>
<BR>[Called By]<UL><LI><a href="#[ef]">&gt;&gt;</a>&nbsp;&nbsp;&nbsp;LPUART1_UART_Init
</UL>

<P><STRONG><a name="[f8]"></a>LL_LPUART_EnableIT_ERROR</STRONG> (Thumb, 42 bytes, Stack size 8 bytes, usart.o(.text.LL_LPUART_EnableIT_ERROR))
<BR><BR>[Stack]<UL><LI>Max Depth = 8<LI>Call Chain = LL_LPUART_EnableIT_ERROR
</UL>
<BR>[Called By]<UL><LI><a href="#[ef]">&gt;&gt;</a>&nbsp;&nbsp;&nbsp;LPUART1_UART_Init
</UL>

<P><STRONG><a name="[f9]"></a>LL_LPUART_Enable</STRONG> (Thumb, 18 bytes, Stack size 4 bytes, usart.o(.text.LL_LPUART_Enable))
<BR><BR>[Stack]<UL><LI>Max Depth = 4<LI>Call Chain = LL_LPUART_Enable
</UL>
<BR>[Called By]<UL><LI><a href="#[ef]">&gt;&gt;</a>&nbsp;&nbsp;&nbsp;LPUART1_UART_Init
</UL>

<P><STRONG><a name="[fa]"></a>LL_LPUART_IsActiveFlag_TEACK</STRONG> (Thumb, 16 bytes, Stack size 4 bytes, usart.o(.text.LL_LPUART_IsActiveFlag_TEACK))
<BR><BR>[Stack]<UL><LI>Max Depth = 4<LI>Call Chain = LL_LPUART_IsActiveFlag_TEACK
</UL>
<BR>[Called By]<UL><LI><a href="#[ef]">&gt;&gt;</a>&nbsp;&nbsp;&nbsp;LPUART1_UART_Init
</UL>

<P><STRONG><a name="[fb]"></a>LL_LPUART_IsActiveFlag_REACK</STRONG> (Thumb, 16 bytes, Stack size 4 bytes, usart.o(.text.LL_LPUART_IsActiveFlag_REACK))
<BR><BR>[Stack]<UL><LI>Max Depth = 4<LI>Call Chain = LL_LPUART_IsActiveFlag_REACK
</UL>
<BR>[Called By]<UL><LI><a href="#[ef]">&gt;&gt;</a>&nbsp;&nbsp;&nbsp;LPUART1_UART_Init
</UL>

<P><STRONG><a name="[125]"></a>LL_GPIO_IsInputPinSet</STRONG> (Thumb, 26 bytes, Stack size 8 bytes, main.o(.text.LL_GPIO_IsInputPinSet))
<BR><BR>[Stack]<UL><LI>Max Depth = 8<LI>Call Chain = LL_GPIO_IsInputPinSet
</UL>
<BR>[Called By]<UL><LI><a href="#[7d]">&gt;&gt;</a>&nbsp;&nbsp;&nbsp;main
</UL>
<P>
<H3>
Undefined Global Symbols
</H3><HR></body></html>
